2025-07-12 04:53:34.114   506-506   mali_gralloc            and...graphics.allocator-V1-service  V  Body size: 4096000
2025-07-12 04:53:34.114   506-506   mali_gralloc            and...graphics.allocator-V1-service  V  AFBC Header size: 64512
2025-07-12 04:53:34.114   506-506   mali_gralloc            and...graphics.allocator-V1-service  V  size=4160512
2025-07-12 04:53:34.116   506-506   mali_gralloc            and...graphics.allocator-V1-service  V  allocate ----------------------------<
2025-07-12 04:53:34.116   715-750   ActivityManager         system_server                        I  app.processName = com.dollargeneral.palletmanager
2025-07-12 04:53:34.116   715-750   ActivityManager         system_server                        I  app.processName = com.dollargeneral.palletmanager
2025-07-12 04:53:34.116   715-750   ActivityManager         system_server                        I  Start proc 7481:com.dollargeneral.palletmanager/u0a199 for next-top-activity {com.dollargeneral.palletmanager/com.dollargeneral.palletmanager.MainActivity}
2025-07-12 04:53:34.118   506-506   mali_gralloc            and...graphics.allocator-V1-service  V  allocate ---------------------------->
2025-07-12 04:53:34.121   506-506   mali_gralloc            and...graphics.allocator-V1-service  V  req_base_format: 0x1
2025-07-12 04:53:34.121   506-506   mali_gralloc            and...graphics.allocator-V1-service  V  Compatible: Base-format: 0x1
2025-07-12 04:53:34.121   506-506   mali_gralloc            and...graphics.allocator-V1-service  E  Feature AFBC_WRITE_NON_SPARSE not found in /vendor/etc/gralloc/capabilities.xml
2025-07-12 04:53:34.121   506-506   mali_gralloc            and...graphics.allocator-V1-service  E  Feature AFBC_TILED_HEADERS not found in /vendor/etc/gralloc/capabilities.xml
2025-07-12 04:53:34.121   506-506   mali_gralloc            and...graphics.allocator-V1-service  E  Feature DISABLED not found in /vendor/etc/gralloc/capabilities.xml
2025-07-12 04:53:34.121   506-506   mali_gralloc            and...graphics.allocator-V1-service  V  Compatible: Base-format: 0x5
2025-07-12 04:53:34.121   506-506   mali_gralloc            and...graphics.allocator-V1-service  V  Plane[0]: [SUB-SAMPLE] w:1280, h:800
2025-07-12 04:53:34.121   506-506   mali_gralloc            and...graphics.allocator-V1-service  V  Plane[0]: [PIXEL_ALIGN] w:0
2025-07-12 04:53:34.122   506-506   mali_gralloc            and...graphics.allocator-V1-service  V  Plane[0]: [LINEAR_TILE] w:1
2025-07-12 04:53:34.122   506-506   mali_gralloc            and...graphics.allocator-V1-service  V  Plane[0]: [AFBC_TILE] w:32, h:8
2025-07-12 04:53:34.122   506-506   mali_gralloc            and...graphics.allocator-V1-service  V  Aligned w=1280, h=800 (in pixels)  usage:0x40000000000b00
2025-07-12 04:53:34.122   506-506   mali_gralloc            and...graphics.allocator-V1-service  V  Byte stride: 5120
2025-07-12 04:53:34.122   506-506   mali_gralloc            and...graphics.allocator-V1-service  V  Pixel stride: 0
2025-07-12 04:53:34.122   506-506   mali_gralloc            and...graphics.allocator-V1-service  V  Body size: 4096000
2025-07-12 04:53:34.122   506-506   mali_gralloc            and...graphics.allocator-V1-service  V  AFBC Header size: 64512
2025-07-12 04:53:34.122   506-506   mali_gralloc            and...graphics.allocator-V1-service  V  size=4160512
2025-07-12 04:53:34.123   506-506   mali_gralloc            and...graphics.allocator-V1-service  V  allocate ----------------------------<
2025-07-12 04:53:34.124   506-506   mali_gralloc            and...graphics.allocator-V1-service  V  allocate ---------------------------->
2025-07-12 04:53:34.124   506-506   mali_gralloc            and...graphics.allocator-V1-service  V  req_base_format: 0x1
2025-07-12 04:53:34.124   506-506   mali_gralloc            and...graphics.allocator-V1-service  V  Compatible: Base-format: 0x1
2025-07-12 04:53:34.124   506-506   mali_gralloc            and...graphics.allocator-V1-service  E  Feature AFBC_WRITE_NON_SPARSE not found in /vendor/etc/gralloc/capabilities.xml
2025-07-12 04:53:34.124   506-506   mali_gralloc            and...graphics.allocator-V1-service  E  Feature AFBC_TILED_HEADERS not found in /vendor/etc/gralloc/capabilities.xml
2025-07-12 04:53:34.124   506-506   mali_gralloc            and...graphics.allocator-V1-service  E  Feature DISABLED not found in /vendor/etc/gralloc/capabilities.xml
2025-07-12 04:53:34.124   506-506   mali_gralloc            and...graphics.allocator-V1-service  V  Compatible: Base-format: 0x5
2025-07-12 04:53:34.124   506-506   mali_gralloc            and...graphics.allocator-V1-service  V  Plane[0]: [SUB-SAMPLE] w:1280, h:800
2025-07-12 04:53:34.124   506-506   mali_gralloc            and...graphics.allocator-V1-service  V  Plane[0]: [PIXEL_ALIGN] w:0
2025-07-12 04:53:34.124   506-506   mali_gralloc            and...graphics.allocator-V1-service  V  Plane[0]: [LINEAR_TILE] w:1
2025-07-12 04:53:34.124   506-506   mali_gralloc            and...graphics.allocator-V1-service  V  Plane[0]: [AFBC_TILE] w:32, h:8
2025-07-12 04:53:34.124   506-506   mali_gralloc            and...graphics.allocator-V1-service  V  Aligned w=1280, h=800 (in pixels)  usage:0x40000000000b00
2025-07-12 04:53:34.124   506-506   mali_gralloc            and...graphics.allocator-V1-service  V  Byte stride: 5120
2025-07-12 04:53:34.124   506-506   mali_gralloc            and...graphics.allocator-V1-service  V  Pixel stride: 0
2025-07-12 04:53:34.124   506-506   mali_gralloc            and...graphics.allocator-V1-service  V  Body size: 4096000
2025-07-12 04:53:34.124   506-506   mali_gralloc            and...graphics.allocator-V1-service  V  AFBC Header size: 64512
2025-07-12 04:53:34.124   506-506   mali_gralloc            and...graphics.allocator-V1-service  V  size=4160512
2025-07-12 04:53:34.125   506-506   mali_gralloc            and...graphics.allocator-V1-service  V  allocate ----------------------------<
2025-07-12 04:53:34.131  7481-7481  l.palletmanager         com.dollargeneral.palletmanager      I  Late-enabling -Xcheck:jni
2025-07-12 04:53:34.132   715-739   WindowManager           system_server                        V  Sent Transition (#314) createdAt=07-12 04:53:34.055 via request=TransitionRequestInfo { type = OPEN, triggerTask = TaskInfo{userId=0 taskId=63 displayId=0 isRunning=true baseIntent=Intent { act=android.intent.action.MAIN cat=[android.intent.category.LAUNCHER] flg=0x10000000 cmp=com.dollargeneral.palletmanager/.MainActivity } baseActivity=ComponentInfo{com.dollargeneral.palletmanager/com.dollargeneral.palletmanager.MainActivity} topActivity=ComponentInfo{com.dollargeneral.palletmanager/com.dollargeneral.palletmanager.MainActivity} origActivity=null realActivity=ComponentInfo{com.dollargeneral.palletmanager/com.dollargeneral.palletmanager.MainActivity} numActivities=1 lastActiveTime=315675760 supportsMultiWindow=true resizeMode=1 isResizeable=true minWidth=-1 minHeight=-1 defaultMinSize=220 token=WCT{RemoteToken{dd85127 Task{269ec37 #63 type=standard A=10199:com.dollargeneral.palletmanager}}} topActivityType=1 pictureInPictureParams=null shouldDockBigOverlays=false launchIntoPipHostTaskId=-1 lastParentTaskIdBeforePip=-1 displayCutoutSafeInsets=null topActivityInfo=ActivityInfo{8fe9fd4 com.dollargeneral.palletmanager.MainActivity} launchCookies=[] positionInParent=Point(0, 0) parentTaskId=-1 isFocused=false isVisible=false isVisibleRequested=false isSleeping=false locusId=null displayAreaFeatureId=1 isTopActivityTransparent=false appCompatTaskInfo=AppCompatTaskInfo { topActivityInSizeCompat=false topActivityEligibleForLetterboxEducation= falseisLetterboxEducationEnabled= false isLetterboxDoubleTapEnabled= false topActivityEligibleForUserAspectRatioButton= false topActivityBoundsLetterboxed= false isFromLetterboxDoubleTap= false topActivityLetterboxVerticalPosition= -1 topActivityLetterboxHorizontalPosition= -1 topActivityLetterboxWidth=1280 topActivityLetterboxHeight=800 isUserFullscreenOverrideEnabled=false isSystemFullscreenOverrideEnabled=false cameraCompatTaskInfo=CameraCompatTaskInfo { cameraCompatControlState=hidden freeformCameraCompatMode=inactive}}}, pipTask = null, remoteTransition = null, displayChange = null, flags = 0, debugId = 314 }
2025-07-12 04:53:34.132   715-739   WindowManager           system_server                        V      startWCT=WindowContainerTransaction { changes = {} hops = [] errorCallbackToken=null taskFragmentOrganizer=null }
2025-07-12 04:53:34.132   949-2236  WindowManagerShell      com.android.systemui                 V  onTransitionReady(transaction=3070901634722)
2025-07-12 04:53:34.132   715-739   WindowManager           system_server                        V      info={id=314 t=OPEN f=0x0 trk=0 r=[0@Point(0, 0)] c=[
                                                                                                            {WCT{RemoteToken{dd85127 Task{269ec37 #63 type=standard A=10199:com.dollargeneral.palletmanager}}} m=OPEN f=NONE leash=Surface(name=Task=63)/@0x3e1641 sb=Rect(0, 0 - 1280, 800) eb=Rect(0, 0 - 1280, 800) d=0 taskParent=-1},
                                                                                                            {WCT{RemoteToken{f2dfacc Task{b3c6f69 #1 type=home}}} m=TO_BACK f=SHOW_WALLPAPER leash=Surface(name=Task=1)/@0x23dee6 sb=Rect(0, 0 - 1280, 800) eb=Rect(0, 0 - 1280, 800) d=0 taskParent=-1}
                                                                                                        ]}
2025-07-12 04:53:34.133   949-971   WindowManagerShell      com.android.systemui                 V  onTransitionReady (#314) android.os.BinderProxy@ae8aaf9: {id=314 t=OPEN f=0x0 trk=0 r=[0@Point(0, 0)] c=[{WCT{android.window.IWindowContainerToken$Stub$Proxy@b8b3f38} m=OPEN f=NONE leash=Surface(name=Task=63)/@0xe027a95 sb=Rect(0, 0 - 1280, 800) eb=Rect(0, 0 - 1280, 800) d=0 taskParent=-1},{WCT{android.window.IWindowContainerToken$Stub$Proxy@4dd2b11} m=TO_BACK f=SHOW_WALLPAPER leash=Surface(name=Task=1)/@0xca5c7aa sb=Rect(0, 0 - 1280, 800) eb=Rect(0, 0 - 1280, 800) d=0 taskParent=-1}]}
2025-07-12 04:53:34.133   949-971   WindowManagerShell      com.android.systemui                 V  Playing animation for (#314) android.os.BinderProxy@ae8aaf9@0
2025-07-12 04:53:34.133   949-971   WindowManagerShell      com.android.systemui                 V   try handler com.android.wm.shell.transition.DefaultMixedHandler@3bd9188
2025-07-12 04:53:34.133   949-971   WindowManagerShell      com.android.systemui                 V   try handler com.android.wm.shell.keyguard.KeyguardTransitionHandler@13e9721
2025-07-12 04:53:34.134   949-971   WindowManagerShell      com.android.systemui                 V   try handler com.android.wm.shell.pip.PipTransition@e389746
2025-07-12 04:53:34.134   949-971   WindowManagerShell      com.android.systemui                 V   try handler com.android.wm.shell.activityembedding.ActivityEmbeddingController@253ed07
2025-07-12 04:53:34.134   949-971   WindowManagerShell      com.android.systemui                 V   try handler com.android.wm.shell.recents.RecentsTransitionHandler@a5e3e34
2025-07-12 04:53:34.134   949-971   ShellRecents            com.android.systemui                 V  RecentsTransitionHandler.startAnimation: no controller found
2025-07-12 04:53:34.134   949-971   WindowManagerShell      com.android.systemui                 V   try handler com.android.wm.shell.splitscreen.StageCoordinator@14c845d
2025-07-12 04:53:34.134   949-971   WindowManagerShell      com.android.systemui                 V   try handler com.android.wm.shell.transition.RemoteTransitionHandler@ad6e1d2
2025-07-12 04:53:34.134   949-971   WindowManagerShell      com.android.systemui                 V  Transition doesn't have explicit remote, search filters for match for {id=314 t=OPEN f=0x0 trk=0 r=[0@Point(0, 0)] c=[{WCT{android.window.IWindowContainerToken$Stub$Proxy@b8b3f38} m=OPEN f=NONE leash=Surface(name=Task=63)/@0xe027a95 sb=Rect(0, 0 - 1280, 800) eb=Rect(0, 0 - 1280, 800) d=0 taskParent=-1},{WCT{android.window.IWindowContainerToken$Stub$Proxy@4dd2b11} m=TO_BACK f=SHOW_WALLPAPER leash=Surface(name=Task=1)/@0xca5c7aa sb=Rect(0, 0 - 1280, 800) eb=Rect(0, 0 - 1280, 800) d=0 taskParent=-1}]}
2025-07-12 04:53:34.135   949-971   WindowManagerShell      com.android.systemui                 V   Checking filter Pair{{types=[] flags=0x0] notFlags=0x100 checks=[{atype=home independent=true modes=[OPEN,TO_FRONT] flags=NONE mustBeTask=false order=TOP topActivity=ComponentInfo{com.android.launcher3/com.android.searchlauncher.SearchLauncher} launchCookie=null},{atype=standard independent=true modes=[CLOSE,TO_BACK] flags=NONE mustBeTask=false order=ANY topActivity=null launchCookie=null}]} RemoteTransition { remoteTransition = android.window.IRemoteTransition$Stub$Proxy@93239a8, appThread = android.app.IApplicationThread$Stub$Proxy@7e3ecc1, debugName = QuickstepLaunchHome }}
2025-07-12 04:53:34.135   949-971   WindowManagerShell      com.android.systemui                 V   Delegate animation for (#314) to null
2025-07-12 04:53:34.135   949-971   WindowManagerShell      com.android.systemui                 V   try handler com.android.wm.shell.transition.DefaultTransitionHandler@b852a3
2025-07-12 04:53:34.135   949-971   WindowManagerShell      com.android.systemui                 V  start default transition animation, info = {id=314 t=OPEN f=0x0 trk=0 r=[0@Point(0, 0)] c=[{WCT{android.window.IWindowContainerToken$Stub$Proxy@b8b3f38} m=OPEN f=NONE leash=Surface(name=Task=63)/@0xe027a95 sb=Rect(0, 0 - 1280, 800) eb=Rect(0, 0 - 1280, 800) d=0 taskParent=-1},{WCT{android.window.IWindowContainerToken$Stub$Proxy@4dd2b11} m=TO_BACK f=SHOW_WALLPAPER leash=Surface(name=Task=1)/@0xca5c7aa sb=Rect(0, 0 - 1280, 800) eb=Rect(0, 0 - 1280, 800) d=0 taskParent=-1}]}
2025-07-12 04:53:34.136   949-971   WindowManagerShell      com.android.systemui                 V  loadAnimation: anim=android.view.animation.AnimationSet@13cfa77 animAttr=0x13 type=OPEN isEntrance=false
2025-07-12 04:53:34.139   949-971   WindowManagerShell      com.android.systemui                 V  loadAnimation: anim=android.view.animation.AnimationSet@17abd50 animAttr=0x12 type=OPEN isEntrance=true
2025-07-12 04:53:34.141   949-971   WindowManagerShell      com.android.systemui                 V   animated by com.android.wm.shell.transition.DefaultTransitionHandler@b852a3
2025-07-12 04:53:34.143   715-3459  UserManagerService      system_server                        W  Requested status bar icon for non-badged user 0
2025-07-12 04:53:34.171 20694-20694 bmqk                    com....android.googlequicksearchbox  I  onPause
2025-07-12 04:53:34.187  7481-7481  l.palletmanager         com.dollargeneral.palletmanager      I  Using CollectorTypeCMC GC.
2025-07-12 04:53:34.192   535-535   DisplayModeController   surfaceflinger                       D  setDesiredMode 4619827499077779712 {mode={fps=59.00 Hz, modePtr={id=0, vsyncRate=59.00 Hz, peakRefreshRate=59.00 Hz}}, emitEvent=true, force=false}
2025-07-12 04:53:34.193   715-742   DisplayDeviceRepository system_server                        I  Display device changed: DisplayDeviceInfo{"Built-in Screen": uniqueId="local:4619827499077779712", 800 x 1280, modeId 1, renderFrameRate 59.0, defaultModeId 1, userPreferredModeId -1, supportedModes [{id=1, width=800, height=1280, fps=59.0, vsync=59.0, synthetic=false, alternativeRefreshRates=[], supportedHdrTypes=[2, 2]}], colorMode 0, supportedColorModes [0], hdrCapabilities HdrCapabilities{mSupportedHdrTypes=[2, 2], mMaxLuminance=500.0, mMaxAverageLuminance=500.0, mMinLuminance=0.0}, allmSupported false, gameContentTypeSupported false, density 213, 188.148 x 189.023 dpi, appVsyncOff 1000000, presDeadline 15949152, touch INTERNAL, rotation 0, type INTERNAL, address {port=0, model=0x401ceca22e1cc1}, deviceProductInfo DeviceProductInfo{name=HWC-display-0, manufacturerPnpId=GGL, productId=1, modelYear=null, manufactureDate=ManufactureDate{week=27, year=2023}, connectionToSinkType=0}, state ON, committedState ON, frameRateOverride , brightnessMinimum 0.0, brightnessMaximum 1.0, brightnessDefault 0.8, hdrSdrRatio NaN, FLAG_ALLOWED_TO_BE_DEFAULT_DISPLAY, FLAG_ROTATES_WITH_CONTENT, FLAG_SECURE, FLAG_SUPPORTS_PROTECTED_BUFFERS, FLAG_TRUSTED, installOrientation 0, displayShape DisplayShape{ spec=-1309176035 displayWidth=800 displayHeight=1280 physicalPixelDisplaySizeRatio=1.0 rotation=0 offsetX=0 offsetY=0 scale=1.0}}
2025-07-12 04:53:34.196 13321-13339 adbd                    adbd                                 I  jdwp connection from 7481
2025-07-12 04:53:34.196   715-742   DisplayManagerService   system_server                        D  Ignore redundant display event 0/2 to 10121/4362
2025-07-12 04:53:34.196   715-742   DisplayManagerService   system_server                        D  Ignore redundant display event 0/2 to 10062/6432
2025-07-12 04:53:34.196   715-742   DisplayManagerService   system_server                        D  Ignore redundant display event 0/2 to 10145/6630
2025-07-12 04:53:34.198   500-500   audio_hw_primary        android.hardware.audio.service       D  adev_set_parameters: kvpairs: screen_state=on
2025-07-12 04:53:34.201   715-742   DisplayManagerService   system_server                        D  Ignore redundant display event 0/2 to 10129/30010
2025-07-12 04:53:34.227   715-1008  PowerContr...r.AppState system_server                        D  - reportAppProcStateInfo() E -
2025-07-12 04:53:34.237  7481-7481  nativeloader            com.dollargeneral.palletmanager      D  Load /data/user/0/com.dollargeneral.palletmanager/code_cache/startup_agents/9758b833-agent.so using system ns (caller=<unknown>): ok
2025-07-12 04:53:34.250  7481-7481  l.palletmanager         com.dollargeneral.palletmanager      W  DexFile /data/data/com.dollargeneral.palletmanager/code_cache/.studio/instruments-07dd17c6.jar is in boot class path but is not in a known location
2025-07-12 04:53:34.264   506-506   mali_gralloc            and...graphics.allocator-V1-service  V  allocate ---------------------------->
2025-07-12 04:53:34.264   506-506   mali_gralloc            and...graphics.allocator-V1-service  V  req_base_format: 0x1
2025-07-12 04:53:34.264   506-506   mali_gralloc            and...graphics.allocator-V1-service  V  Compatible: Base-format: 0x1
2025-07-12 04:53:34.264   506-506   mali_gralloc            and...graphics.allocator-V1-service  E  Feature AFBC_WRITE_NON_SPARSE not found in /vendor/etc/gralloc/capabilities.xml
2025-07-12 04:53:34.264   506-506   mali_gralloc            and...graphics.allocator-V1-service  E  Feature AFBC_TILED_HEADERS not found in /vendor/etc/gralloc/capabilities.xml
2025-07-12 04:53:34.265   506-506   mali_gralloc            and...graphics.allocator-V1-service  E  Feature DISABLED not found in /vendor/etc/gralloc/capabilities.xml
2025-07-12 04:53:34.265   506-506   mali_gralloc            and...graphics.allocator-V1-service  V  Compatible: Base-format: 0x5
2025-07-12 04:53:34.265   506-506   mali_gralloc            and...graphics.allocator-V1-service  V  Plane[0]: [SUB-SAMPLE] w:800, h:1280
2025-07-12 04:53:34.265   506-506   mali_gralloc            and...graphics.allocator-V1-service  V  Plane[0]: [PIXEL_ALIGN] w:0
2025-07-12 04:53:34.265   506-506   mali_gralloc            and...graphics.allocator-V1-service  V  Plane[0]: [LINEAR_TILE] w:1
2025-07-12 04:53:34.265   506-506   mali_gralloc            and...graphics.allocator-V1-service  V  Plane[0]: [AFBC_TILE] w:32, h:8
2025-07-12 04:53:34.265   506-506   mali_gralloc            and...graphics.allocator-V1-service  V  Aligned w=800, h=1280 (in pixels)  usage:0x40000000000b00
2025-07-12 04:53:34.265   506-506   mali_gralloc            and...graphics.allocator-V1-service  V  Byte stride: 3200
2025-07-12 04:53:34.265   506-506   mali_gralloc            and...graphics.allocator-V1-service  V  Pixel stride: 0
2025-07-12 04:53:34.265   506-506   mali_gralloc            and...graphics.allocator-V1-service  V  Body size: 4096000
2025-07-12 04:53:34.265   506-506   mali_gralloc            and...graphics.allocator-V1-service  V  AFBC Header size: 64512
2025-07-12 04:53:34.265   506-506   mali_gralloc            and...graphics.allocator-V1-service  V  size=4160512
2025-07-12 04:53:34.265   506-506   mali_gralloc            and...graphics.allocator-V1-service  V  allocate ----------------------------<
2025-07-12 04:53:34.444   949-971   WindowManagerShell      com.android.systemui                 V  Transition animation finished (aborted=false), notifying core (#314) android.os.BinderProxy@ae8aaf9@0
2025-07-12 04:53:34.446   715-739   WindowManager           system_server                        V  Finish Transition (#314): created at 07-12 04:53:34.055 collect-started=0.096ms request-sent=10.96ms started=25.125ms ready=68.483ms sent=74.137ms finished=390.34ms
2025-07-12 04:53:34.449 20694-20694 VRI[0 fl=}]             com....android.googlequicksearchbox  D  visibilityChanged oldVisibility=true newVisibility=false
2025-07-12 04:53:34.450 15760-15760 VRI[SearchLauncher]     com.android.launcher3                D  visibilityChanged oldVisibility=true newVisibility=false
2025-07-12 04:53:34.451   949-971   WindowManagerShell      com.android.systemui                 V  Track 0 became idle
2025-07-12 04:53:34.451   949-971   WindowManagerShell      com.android.systemui                 V  All active transition animations finished
2025-07-12 04:53:34.452   715-1008  AppState                system_server                        D  updateVisibleState: uid:10058 packageName:android.media visible:false
2025-07-12 04:53:34.452   715-1008  AppState                system_server                        D  updateVisibleState: uid:10151 packageName:com.google.android.youtube visible:false
2025-07-12 04:53:34.452   715-1008  AppState                system_server                        D  updateVisibleState: uid:10185 packageName:com.google.android.ext.services visible:false
2025-07-12 04:53:34.452   715-1008  AppState                system_server                        D  updateVisibleState: uid:10124 packageName:com.google.android.googlequicksearchbox visible:false
2025-07-12 04:53:34.452   715-1008  AppState                system_server                        D  updateVisibleState: uid:10104 packageName:com.google.android.apps.googleassistant visible:false
2025-07-12 04:53:34.452   715-1008  AppState                system_server                        D  updateVisibleState: uid:10001 packageName:com.softwinner.aiocr.config visible:false
2025-07-12 04:53:34.452   715-1008  AppState                system_server                        D  updateVisibleState: uid:10110 packageName:com.google.android.onetimeinitializer visible:false
2025-07-12 04:53:34.452   715-1008  AppState                system_server                        D  updateVisibleState: uid:10180 packageName:com.google.android.federatedcompute visible:false
2025-07-12 04:53:34.452   715-1008  AppState                system_server                        D  updateVisibleState: uid:10003 packageName:com.softwinner.camera2.config visible:false
2025-07-12 04:53:34.452   715-1008  AppState                system_server                        D  updateVisibleState: uid:10075 packageName:com.softwinner.awlogsettings visible:false
2025-07-12 04:53:34.452   715-1008  AppState                system_server                        D  updateVisibleState: uid:10061 packageName:com.android.externalstorage visible:false
2025-07-12 04:53:34.452   715-1008  AppState                system_server                        D  updateVisibleState: uid:10127 packageName:com.google.android.calendar.uid.shared visible:false
2025-07-12 04:53:34.452   715-1008  AppState                system_server                        D  updateVisibleState: uid:10169 packageName:com.google.android.health.connect.backuprestore visible:false
2025-07-12 04:53:34.452   715-1008  AppState                system_server                        D  updateVisibleState: uid:10119 packageName:com.google.android.apps.messaging visible:false
2025-07-12 04:53:34.452   715-1008  AppState                system_server                        D  updateVisibleState: uid:10008 packageName:com.softwinner.awposture.config visible:false
2025-07-12 04:53:34.453   715-1008  AppState                system_server                        D  updateVisibleState: uid:10083 packageName:com.softwinner.dragonatt visible:false
2025-07-12 04:53:34.453   715-1008  AppState                system_server                        D  updateVisibleState: uid:10199 packageName:com.dollargeneral.palletmanager visible:true
2025-07-12 04:53:34.453   715-1008  AppState                system_server                        D  updateVisibleState: uid:10163 packageName:android.uid.systemui visible:false
2025-07-12 04:53:34.453   715-1008  AppState                system_server                        D  updateVisibleState: uid:10105 packageName:com.google.android.configupdater visible:false
2025-07-12 04:53:34.453   715-1008  AppState                system_server                        D  updateVisibleState: uid:10175 packageName:com.google.android.providers.media.module visible:false
2025-07-12 04:53:34.453   715-1008  AppState                system_server                        D  updateVisibleState: uid:10115 packageName:com.google.android.apps.safetyhub visible:false
2025-07-12 04:53:34.453   715-1008  AppState                system_server                        D  updateVisibleState: uid:10121 packageName:com.android.vending visible:false
2025-07-12 04:53:34.453   715-1008  AppState                system_server                        D  updateVisibleState: uid:10188 packageName:com.google.android.adservices.api visible:false
2025-07-12 04:53:34.453   715-1008  AppState                system_server                        D  updateVisibleState: uid:10152 packageName:com.google.android.marvin.talkback visible:false
2025-07-12 04:53:34.453   715-1008  AppState                system_server                        D  updateVisibleState: uid:10157 packageName:com.softwinner.settingssetup visible:false
2025-07-12 04:53:34.453   715-1008  AppState                system_server                        D  updateVisibleState: uid:10158 packageName:com.android.launcher3 visible:false
2025-07-12 04:53:34.453   715-1008  AppState                system_server                        D  updateVisibleState: uid:10125 packageName:com.google.android.deskclock visible:false
2025-07-12 04:53:34.453   715-1008  AppState                system_server                        D  updateVisibleState: uid:10095 packageName:com.softwinner.timerswitch visible:false
2025-07-12 04:53:34.453   715-1008  AppState                system_server                        D  updateVisibleState: uid:10109 packageName:com.google.android.as visible:false
2025-07-12 04:53:34.453   715-1008  AppState                system_server                        D  updateVisibleState: uid:10137 packageName:com.google.android.gm visible:false
2025-07-12 04:53:34.453   715-1008  AppState                system_server                        D  updateVisibleState: uid:10142 packageName:com.google.android.apps.tachyon visible:false
2025-07-12 04:53:34.453   715-1008  AppState                system_server                        D  updateVisibleState: uid:10117 packageName:com.android.settings.intelligence visible:false
2025-07-12 04:53:34.453   715-1008  AppState                system_server                        D  updateVisibleState: uid:10092 packageName:com.softwinner.qrscanner visible:false
2025-07-12 04:53:34.453   715-2725  UserManagerService      system_server                        W  Requested status bar icon for non-badged user 0
2025-07-12 04:53:34.453   715-1008  AppState                system_server                        D  updateVisibleState: uid:10057 packageName:com.djgd.testmode visible:false
2025-07-12 04:53:34.453   715-1008  AppState                system_server                        D  updateVisibleState: uid:10167 packageName:com.android.systemui.accessibility.accessibilitymenu visible:false
2025-07-12 04:53:34.453   715-1008  AppState                system_server                        D  updateVisibleState: uid:10178 packageName:com.google.android.permissioncontroller visible:false
2025-07-12 04:53:34.453   715-1008  AppState                system_server                        D  updateVisibleState: uid:10162 packageName:com.google.android.setupwizard visible:false
2025-07-12 04:53:34.453   715-1008  AppState                system_server                        D  updateVisibleState: uid:10091 packageName:com.android.printspooler visible:false
2025-07-12 04:53:34.453   715-1008  AppState                system_server                        D  updateVisibleState: uid:10116 packageName:com.google.android.as.oss visible:false
2025-07-12 04:53:34.453   715-1008  AppState                system_server                        D  updateVisibleState: uid:10122 packageName:com.google.android.apps.wellbeing visible:false
2025-07-12 04:53:34.453   715-1008  AppState                system_server                        D  updateVisibleState: uid:10170 packageName:com.android.rkpdapp visible:false
2025-07-12 04:53:34.453   715-1008  AppState                system_server                        D  updateVisibleState: uid:10112 packageName:com.google.android.apps.nbu.files visible:false
2025-07-12 04:53:34.453   715-1008  AppState                system_server                        D  updateVisibleState: uid:10049 packageName:android.auto_generated_characteristics_rro visible:false
2025-07-12 04:53:34.453   715-1008  AppState                system_server                        D  updateVisibleState: uid:0 packageName:android.uid.se visible:false
2025-07-12 04:53:34.453   715-1008  AppState                system_server                        D  updateVisibleState: uid:10103 packageName:com.google.ambient.streaming visible:false
2025-07-12 04:53:34.453   715-1008  AppState                system_server                        D  updateVisibleState: uid:10192 packageName:com.google.android.apps.bard visible:false
2025-07-12 04:53:34.453   715-1008  AppState                system_server                        D  updateVisibleState: uid:10131 packageName:com.google.android.apps.docs visible:false
2025-07-12 04:53:34.453   715-1008  AppState                system_server                        D  updateVisibleState: uid:10144 packageName:com.google.android.apps.maps visible:false
2025-07-12 04:53:34.453   715-1008  AppState                system_server                        D  updateVisibleState: uid:10066 packageName:com.google.android.apps.kids.home visible:false
2025-07-12 04:53:34.453   715-1008  AppState                system_server                        D  updateVisibleState: uid:10143 packageName:com.google.android.webview visible:false
2025-07-12 04:53:34.453   715-1008  AppState                system_server                        D  updateVisibleState: uid:0 packageName:android.uid.bluetooth visible:false
2025-07-12 04:53:34.453   715-1008  AppState                system_server                        D  updateVisibleState: uid:10123 packageName:com.google.uid.shared visible:false
2025-07-12 04:53:34.453   715-1008  AppState                system_server                        D  updateVisibleState: uid:10132 packageName:com.google.android.contacts visible:false
2025-07-12 04:53:34.453   715-1008  AppState                system_server                        D  updateVisibleState: uid:10129 packageName:com.android.chrome visible:false
2025-07-12 04:53:34.453   715-1008  AppState                system_server                        D  updateVisibleState: uid:10059 packageName:com.softwinner.runin.share visible:false
2025-07-12 04:53:34.453   715-1008  AppState                system_server                        D  updateVisibleState: uid:10062 packageName:com.google.android.packageinstaller visible:false
2025-07-12 04:53:34.453   715-1008  AppState                system_server                        D  updateVisibleState: uid:10138 packageName:com.google.android.tts visible:false
2025-07-12 04:53:34.453   715-1008  AppState                system_server                        D  updateVisibleState: uid:10111 packageName:com.google.android.partnersetup visible:false
2025-07-12 04:53:34.453   715-1008  AppState                system_server                        D  updateVisibleState: uid:10145 packageName:com.google.android.videos visible:false
2025-07-12 04:53:34.453   715-1008  AppState                system_server                        D  updateVisibleState: uid:10089 packageName:com.clock.pt1.keeptesting visible:false
2025-07-12 04:53:34.453   715-1008  AppState                system_server                        D  updateVisibleState: uid:10051 packageName:android.uid.shared visible:false
2025-07-12 04:53:34.453   715-1008  AppState                system_server                        D  updateVisibleState: uid:10102 packageName:com.google.android.apps.photos visible:false
2025-07-12 04:53:34.453   715-1008  AppState                system_server                        D  updateVisibleState: uid:10002 packageName:com.softwinner.theme.icon.circle visible:false
2025-07-12 04:53:34.453   715-1008  AppState                system_server                        D  updateVisibleState: uid:10067 packageName:com.android.managedprovisioning visible:false
2025-07-12 04:53:34.453   715-1008  AppState                system_server                        D  updateVisibleState: uid:10076 packageName:com.softwinner.awsysteminfo visible:false
2025-07-12 04:53:34.453   715-1008  AppState                system_server                        D  updateVisibleState: uid:10063 packageName:com.google.android.documentsui visible:false
2025-07-12 04:53:34.453   715-1008  AppState                system_server                        D  updateVisibleState: uid:10141 packageName:com.google.android.accessibility.switchaccess visible:false
2025-07-12 04:53:34.453   715-1008  AppState                system_server                        D  updateVisibleState: uid:0 packageName:android.uid.phone visible:false
2025-07-12 04:53:34.453   715-1008  AppState                system_server                        D  updateVisibleState: uid:2000 packageName:android.uid.shell visible:false
2025-07-12 04:53:34.453   715-1008  AppState                system_server                        D  updateVisibleState: uid:10005 packageName:com.softwinner.theme.icon.teardrop visible:false
2025-07-12 04:53:34.453   715-1008  AppState                system_server                        D  updateVisibleState: uid:10135 packageName:com.allwinnertech.packageoverride visible:false
2025-07-12 04:53:34.453   715-1008  AppState                system_server                        D  updateVisibleState: uid:10166 packageName:com.android.providers.partnerbookmarks visible:false
2025-07-12 04:53:34.453   715-1008  AppState                system_server                        D  updateVisibleState: uid:10055 packageName:android.uid.calendar visible:false
2025-07-12 04:53:34.453   715-1008  AppState                system_server                        D  updateVisibleState: uid:10168 packageName:com.google.android.healthconnect.controller visible:false
2025-07-12 04:53:34.453   715-1008  AppState                system_server                        D  updateVisibleState: uid:10004 packageName:com.softwinner.theme.icon.square visible:false
2025-07-12 04:53:34.453   715-1008  AppState                system_server                        D  updateVisibleState: uid:10164 packageName:com.softwinner.android.gmsintegration visible:false
2025-07-12 04:53:34.453   715-1008  AppState                system_server                        D  updateVisibleState: uid:10118 packageName:com.google.android.apps.turbo visible:false
2025-07-12 04:53:34.453   715-1008  AppState                system_server                        D  updateVisibleState: uid:10128 packageName:com.dajingtech.update visible:false
2025-07-12 04:53:34.453   715-1008  AppState                system_server                        D  updateVisibleState: uid:10133 packageName:com.google.android.keep visible:false
2025-07-12 04:53:34.453   715-1008  AppState                system_server                        D  updateVisibleState: uid:10100 packageName:com.android.wallpaperbackup visible:false
2025-07-12 04:53:34.453   715-1008  AppState                system_server                        D  updateVisibleState: uid:10006 packageName:com.softwinner.theme.icon.squircle visible:false
2025-07-12 04:53:34.453   715-1008  AppState                system_server                        D  updateVisibleState: uid:10107 packageName:com.google.android.apps.carrier.carrierwifi visible:false
2025-07-12 04:53:34.453   715-1008  AppState                system_server                        D  updateVisibleState: uid:10007 packageName:com.softwinner.pclauncher.system_overlay visible:false
2025-07-12 04:53:34.453   715-1008  AppState                system_server                        D  updateVisibleState: uid:10179 packageName:com.google.android.ondevicepersonalization.services visible:false
2025-07-12 04:53:34.453   715-1008  AppState                system_server                        D  updateVisibleState: uid:10147 packageName:com.google.android.apps.youtube.music visible:false
2025-07-12 04:53:34.453   715-1008  AppState                system_server                        D  updateVisibleState: uid:10098 packageName:com.softwinner.update visible:false
2025-07-12 04:53:34.453   715-1008  AppState                system_server                        D  updateVisibleState: uid:10097 packageName:com.android.traceur visible:false
2025-07-12 04:53:34.453   715-1008  AppState                system_server                        D  updateVisibleState: uid:10176 packageName:com.google.android.cellbroadcastreceiver visible:false
2025-07-12 04:53:34.453   715-1008  AppState                system_server                        D  updateVisibleState: uid:10048 packageName:android.auto_generated_rro_product__ visible:false
2025-07-12 04:53:34.453   715-1008  AppState                system_server                        D  updateVisibleState: uid:10120 packageName:com.google.android.apps.accessibility.voiceaccess.uid visible:false
2025-07-12 04:53:34.453   715-1008  AppState                system_server                        D  updateVisibleState: uid:10156 packageName:com.android.emergency.uid visible:false
2025-07-12 04:53:34.453   715-1008  AppState                system_server                        D  updateVisibleState: uid:10190 packageName:com.android.devicelockcontroller visible:false
2025-07-12 04:53:34.453   715-1008  AppState                system_server                        D  updateVisibleState: uid:10174 packageName:com.google.android.photopicker visible:false
2025-07-12 04:53:34.453   715-1008  AppState                system_server                        D  updateVisibleState: uid:10134 packageName:com.google.android.inputmethod.latin visible:false
2025-07-12 04:53:34.453   715-1008  AppState                system_server                        D  updateVisibleState: uid:10050 packageName:android.auto_generated_rro_vendor__ visible:false
2025-07-12 04:53:34.453   715-1008  AppState                system_server                        D  updateVisibleState: uid:10114 packageName:com.google.android.apps.restore visible:false
2025-07-12 04:53:34.453   715-2725  UserManagerService      system_server                        W  Requested status bar icon for non-badged user 0
2025-07-12 04:53:34.454   715-1008  AppState                system_server                        D  updateVisibleState: uid:10058 packageName:android.media visible:false
2025-07-12 04:53:34.454   715-1008  AppState                system_server                        D  updateVisibleState: uid:10151 packageName:com.google.android.youtube visible:false
2025-07-12 04:53:34.454   715-1008  AppState                system_server                        D  updateVisibleState: uid:10185 packageName:com.google.android.ext.services visible:false
2025-07-12 04:53:34.454   715-1008  AppState                system_server                        D  updateVisibleState: uid:10124 packageName:com.google.android.googlequicksearchbox visible:false
2025-07-12 04:53:34.454   715-1008  AppState                system_server                        D  updateVisibleState: uid:10104 packageName:com.google.android.apps.googleassistant visible:false
2025-07-12 04:53:34.454   715-1008  AppState                system_server                        D  updateVisibleState: uid:10001 packageName:com.softwinner.aiocr.config visible:false
2025-07-12 04:53:34.454   715-1008  AppState                system_server                        D  updateVisibleState: uid:10110 packageName:com.google.android.onetimeinitializer visible:false
2025-07-12 04:53:34.454   715-1008  AppState                system_server                        D  updateVisibleState: uid:10180 packageName:com.google.android.federatedcompute visible:false
2025-07-12 04:53:34.454   715-1008  AppState                system_server                        D  updateVisibleState: uid:10003 packageName:com.softwinner.camera2.config visible:false
2025-07-12 04:53:34.454   715-1008  AppState                system_server                        D  updateVisibleState: uid:10075 packageName:com.softwinner.awlogsettings visible:false
2025-07-12 04:53:34.454   715-1008  AppState                system_server                        D  updateVisibleState: uid:10061 packageName:com.android.externalstorage visible:false
2025-07-12 04:53:34.454   715-1008  AppState                system_server                        D  updateVisibleState: uid:10127 packageName:com.google.android.calendar.uid.shared visible:false
2025-07-12 04:53:34.454   715-1008  AppState                system_server                        D  updateVisibleState: uid:10169 packageName:com.google.android.health.connect.backuprestore visible:false
2025-07-12 04:53:34.454   715-1008  AppState                system_server                        D  updateVisibleState: uid:10119 packageName:com.google.android.apps.messaging visible:false
2025-07-12 04:53:34.454   715-1008  AppState                system_server                        D  updateVisibleState: uid:10008 packageName:com.softwinner.awposture.config visible:false
2025-07-12 04:53:34.454   715-1008  AppState                system_server                        D  updateVisibleState: uid:10083 packageName:com.softwinner.dragonatt visible:false
2025-07-12 04:53:34.454   715-1008  AppState                system_server                        D  updateVisibleState: uid:10199 packageName:com.dollargeneral.palletmanager visible:true
2025-07-12 04:53:34.454   715-1008  AppState                system_server                        D  updateVisibleState: uid:10163 packageName:android.uid.systemui visible:false
2025-07-12 04:53:34.454   715-1008  AppState                system_server                        D  updateVisibleState: uid:10105 packageName:com.google.android.configupdater visible:false
2025-07-12 04:53:34.454   715-1008  AppState                system_server                        D  updateVisibleState: uid:10175 packageName:com.google.android.providers.media.module visible:false
2025-07-12 04:53:34.454   715-1008  AppState                system_server                        D  updateVisibleState: uid:10115 packageName:com.google.android.apps.safetyhub visible:false
2025-07-12 04:53:34.454   715-1008  AppState                system_server                        D  updateVisibleState: uid:10121 packageName:com.android.vending visible:false
2025-07-12 04:53:34.454   715-1008  AppState                system_server                        D  updateVisibleState: uid:10188 packageName:com.google.android.adservices.api visible:false
2025-07-12 04:53:34.454   715-1008  AppState                system_server                        D  updateVisibleState: uid:10152 packageName:com.google.android.marvin.talkback visible:false
2025-07-12 04:53:34.454   715-1008  AppState                system_server                        D  updateVisibleState: uid:10157 packageName:com.softwinner.settingssetup visible:false
2025-07-12 04:53:34.454   715-1008  AppState                system_server                        D  updateVisibleState: uid:10158 packageName:com.android.launcher3 visible:false
2025-07-12 04:53:34.454   715-1008  AppState                system_server                        D  updateVisibleState: uid:10125 packageName:com.google.android.deskclock visible:false
2025-07-12 04:53:34.454   715-1008  AppState                system_server                        D  updateVisibleState: uid:10095 packageName:com.softwinner.timerswitch visible:false
2025-07-12 04:53:34.454   715-1008  AppState                system_server                        D  updateVisibleState: uid:10109 packageName:com.google.android.as visible:false
2025-07-12 04:53:34.454   715-1008  AppState                system_server                        D  updateVisibleState: uid:10137 packageName:com.google.android.gm visible:false
2025-07-12 04:53:34.454   715-1008  AppState                system_server                        D  updateVisibleState: uid:10142 packageName:com.google.android.apps.tachyon visible:false
2025-07-12 04:53:34.454   715-1008  AppState                system_server                        D  updateVisibleState: uid:10117 packageName:com.android.settings.intelligence visible:false
2025-07-12 04:53:34.454   715-1008  AppState                system_server                        D  updateVisibleState: uid:10092 packageName:com.softwinner.qrscanner visible:false
2025-07-12 04:53:34.454   715-1008  AppState                system_server                        D  updateVisibleState: uid:10057 packageName:com.djgd.testmode visible:false
2025-07-12 04:53:34.454   715-1008  AppState                system_server                        D  updateVisibleState: uid:10167 packageName:com.android.systemui.accessibility.accessibilitymenu visible:false
2025-07-12 04:53:34.454   715-1008  AppState                system_server                        D  updateVisibleState: uid:10178 packageName:com.google.android.permissioncontroller visible:false
2025-07-12 04:53:34.454   715-1008  AppState                system_server                        D  updateVisibleState: uid:10162 packageName:com.google.android.setupwizard visible:false
2025-07-12 04:53:34.454   715-1008  AppState                system_server                        D  updateVisibleState: uid:10091 packageName:com.android.printspooler visible:false
2025-07-12 04:53:34.454   715-1008  AppState                system_server                        D  updateVisibleState: uid:10116 packageName:com.google.android.as.oss visible:false
2025-07-12 04:53:34.454   715-1008  AppState                system_server                        D  updateVisibleState: uid:10122 packageName:com.google.android.apps.wellbeing visible:false
2025-07-12 04:53:34.454   715-1008  AppState                system_server                        D  updateVisibleState: uid:10170 packageName:com.android.rkpdapp visible:false
2025-07-12 04:53:34.454   715-1008  AppState                system_server                        D  updateVisibleState: uid:10112 packageName:com.google.android.apps.nbu.files visible:false
2025-07-12 04:53:34.454   715-1008  AppState                system_server                        D  updateVisibleState: uid:10049 packageName:android.auto_generated_characteristics_rro visible:false
2025-07-12 04:53:34.454   715-1008  AppState                system_server                        D  updateVisibleState: uid:0 packageName:android.uid.se visible:false
2025-07-12 04:53:34.454   715-1008  AppState                system_server                        D  updateVisibleState: uid:10103 packageName:com.google.ambient.streaming visible:false
2025-07-12 04:53:34.454   715-1008  AppState                system_server                        D  updateVisibleState: uid:10192 packageName:com.google.android.apps.bard visible:false
2025-07-12 04:53:34.454   715-1008  AppState                system_server                        D  updateVisibleState: uid:10131 packageName:com.google.android.apps.docs visible:false
2025-07-12 04:53:34.454   715-1008  AppState                system_server                        D  updateVisibleState: uid:10144 packageName:com.google.android.apps.maps visible:false
2025-07-12 04:53:34.454   715-1008  AppState                system_server                        D  updateVisibleState: uid:10066 packageName:com.google.android.apps.kids.home visible:false
2025-07-12 04:53:34.454   715-1008  AppState                system_server                        D  updateVisibleState: uid:10143 packageName:com.google.android.webview visible:false
2025-07-12 04:53:34.454   715-1008  AppState                system_server                        D  updateVisibleState: uid:0 packageName:android.uid.bluetooth visible:false
2025-07-12 04:53:34.454   715-1008  AppState                system_server                        D  updateVisibleState: uid:10123 packageName:com.google.uid.shared visible:false
2025-07-12 04:53:34.454   715-1008  AppState                system_server                        D  updateVisibleState: uid:10132 packageName:com.google.android.contacts visible:false
2025-07-12 04:53:34.454   715-1008  AppState                system_server                        D  updateVisibleState: uid:10129 packageName:com.android.chrome visible:false
2025-07-12 04:53:34.454   715-1008  AppState                system_server                        D  updateVisibleState: uid:10059 packageName:com.softwinner.runin.share visible:false
