2025-07-12 04:54:02.892   949-3693  PowerUI                 com.android.systemui                 D  can't show warning due to - plugged: true status unknown: false
2025-07-12 04:54:05.160   715-2713  FileUtils               system_server                        D  Rounded bytes from 3950669824 to 4000000000
2025-07-12 04:54:10.169   715-2713  FileUtils               system_server                        D  Rounded bytes from 3950669824 to 4000000000
2025-07-12 04:54:13.121   715-811   PowerGuruService        system_server                        D  CMD_BATTERY_CHANGED (newPlugType = 2)
2025-07-12 04:54:13.122   715-715   PowerControllerImpl     system_server                        D  received action1 = android.intent.action.BATTERY_CHANGED
2025-07-12 04:54:13.124   949-2408  PowerUI                 com.android.systemui                 D  can't show warning due to - plugged: true status unknown: false
2025-07-12 04:54:15.173   715-2713  FileUtils               system_server                        D  Rounded bytes from 3950669824 to 4000000000
2025-07-12 04:54:20.183   715-2725  FileUtils               system_server                        D  Rounded bytes from 3950669824 to 4000000000
2025-07-12 04:54:20.257   535-604   DisplayModeController   surfaceflinger                       D  setDesiredMode 4619827499077779712 {mode={fps=59.00 Hz, modePtr={id=0, vsyncRate=59.00 Hz, peakRefreshRate=59.00 Hz}}, emitEvent=true, force=false}
2025-07-12 04:54:20.260   715-742   DisplayDeviceRepository system_server                        I  Display device changed: DisplayDeviceInfo{"Built-in Screen": uniqueId="local:4619827499077779712", 800 x 1280, modeId 1, renderFrameRate 59.0, defaultModeId 1, userPreferredModeId -1, supportedModes [{id=1, width=800, height=1280, fps=59.0, vsync=59.0, synthetic=false, alternativeRefreshRates=[], supportedHdrTypes=[2, 2]}], colorMode 0, supportedColorModes [0], hdrCapabilities HdrCapabilities{mSupportedHdrTypes=[2, 2], mMaxLuminance=500.0, mMaxAverageLuminance=500.0, mMinLuminance=0.0}, allmSupported false, gameContentTypeSupported false, density 213, 188.148 x 189.023 dpi, appVsyncOff 1000000, presDeadline 15949152, touch INTERNAL, rotation 0, type INTERNAL, address {port=0, model=0x401ceca22e1cc1}, deviceProductInfo DeviceProductInfo{name=HWC-display-0, manufacturerPnpId=GGL, productId=1, modelYear=null, manufactureDate=ManufactureDate{week=27, year=2023}, connectionToSinkType=0}, state ON, committedState ON, frameRateOverride , brightnessMinimum 0.0, brightnessMaximum 1.0, brightnessDefault 0.8, hdrSdrRatio NaN, FLAG_ALLOWED_TO_BE_DEFAULT_DISPLAY, FLAG_ROTATES_WITH_CONTENT, FLAG_SECURE, FLAG_SUPPORTS_PROTECTED_BUFFERS, FLAG_TRUSTED, installOrientation 0, displayShape DisplayShape{ spec=-1309176035 displayWidth=800 displayHeight=1280 physicalPixelDisplaySizeRatio=1.0 rotation=0 offsetX=0 offsetY=0 scale=1.0}}
2025-07-12 04:54:20.262   715-769   DisplayPow...roller2[0] system_server                        V  Brightness [0.05] reason changing to: 'manual [ dim ]', previous reason: 'manual'.
2025-07-12 04:54:20.263   715-769   DisplayPow...roller2[0] system_server                        I  BrightnessEvent: disp=0, physDisp=local:4619827499077779712, displayState=ON, displayPolicy=DIM, brt=0.05, initBrt=0.8, rcmdBrt=NaN, preBrt=NaN, lux=0.0, preLux=0.0, hbmMax=1.0, hbmMode=off, rbcStrength=50, thrmMax=1.0, powerFactor=1.0, wasShortTermModelActive=false, flags=, reason=manual [ dim ], autoBrightness=false, strategy=InvalidBrightnessStrategy, autoBrightnessMode=default
2025-07-12 04:54:20.263   715-742   DisplayManagerService   system_server                        D  Ignore redundant display event 0/2 to 10121/4362
2025-07-12 04:54:20.263   715-742   DisplayManagerService   system_server                        D  Ignore redundant display event 0/2 to 10062/6432
2025-07-12 04:54:20.263   715-742   DisplayManagerService   system_server                        D  Ignore redundant display event 0/2 to 10145/6630
2025-07-12 04:54:20.264   715-742   DisplayManagerService   system_server                        D  Ignore redundant display event 0/2 to 10129/30010
2025-07-12 04:54:20.267   500-500   audio_hw_primary        android.hardware.audio.service       D  adev_set_parameters: kvpairs: screen_state=on
2025-07-12 04:54:20.279   508-508   android.ha...service.aw android.hardware.lights-service.aw   I  Lights setting state for id=0 to color ffc3c3c3
2025-07-12 04:54:20.285   508-508   android.ha...service.aw android.hardware.lights-service.aw   I  Lights setting state for id=0 to color ffb2b2b2
2025-07-12 04:54:20.302   508-508   android.ha...service.aw android.hardware.lights-service.aw   I  Lights setting state for id=0 to color ffa2a2a2
2025-07-12 04:54:20.319   508-508   android.ha...service.aw android.hardware.lights-service.aw   I  Lights setting state for id=0 to color ff949494
2025-07-12 04:54:20.336   508-508   android.ha...service.aw android.hardware.lights-service.aw   I  Lights setting state for id=0 to color ff878787
2025-07-12 04:54:20.353   508-508   android.ha...service.aw android.hardware.lights-service.aw   I  Lights setting state for id=0 to color ff7c7c7c
2025-07-12 04:54:20.370   508-508   android.ha...service.aw android.hardware.lights-service.aw   I  Lights setting state for id=0 to color ff727272
2025-07-12 04:54:20.386   508-508   android.ha...service.aw android.hardware.lights-service.aw   I  Lights setting state for id=0 to color ff686868
2025-07-12 04:54:20.403   508-508   android.ha...service.aw android.hardware.lights-service.aw   I  Lights setting state for id=0 to color ff5f5f5f
2025-07-12 04:54:20.420   508-508   android.ha...service.aw android.hardware.lights-service.aw   I  Lights setting state for id=0 to color ff575757
2025-07-12 04:54:20.436   508-508   android.ha...service.aw android.hardware.lights-service.aw   I  Lights setting state for id=0 to color ff505050
2025-07-12 04:54:20.453   508-508   android.ha...service.aw android.hardware.lights-service.aw   I  Lights setting state for id=0 to color ff4a4a4a
2025-07-12 04:54:20.471   508-508   android.ha...service.aw android.hardware.lights-service.aw   I  Lights setting state for id=0 to color ff444444
2025-07-12 04:54:20.487   508-508   android.ha...service.aw android.hardware.lights-service.aw   I  Lights setting state for id=0 to color ff3e3e3e
2025-07-12 04:54:20.504   508-508   android.ha...service.aw android.hardware.lights-service.aw   I  Lights setting state for id=0 to color ff393939
2025-07-12 04:54:20.521   508-508   android.ha...service.aw android.hardware.lights-service.aw   I  Lights setting state for id=0 to color ff353535
2025-07-12 04:54:20.538   508-508   android.ha...service.aw android.hardware.lights-service.aw   I  Lights setting state for id=0 to color ff313131
2025-07-12 04:54:20.554   508-508   android.ha...service.aw android.hardware.lights-service.aw   I  Lights setting state for id=0 to color ff2d2d2d
2025-07-12 04:54:20.572   508-508   android.ha...service.aw android.hardware.lights-service.aw   I  Lights setting state for id=0 to color ff292929
2025-07-12 04:54:20.589   508-508   android.ha...service.aw android.hardware.lights-service.aw   I  Lights setting state for id=0 to color ff262626
2025-07-12 04:54:20.605   508-508   android.ha...service.aw android.hardware.lights-service.aw   I  Lights setting state for id=0 to color ff232323
2025-07-12 04:54:20.623   508-508   android.ha...service.aw android.hardware.lights-service.aw   I  Lights setting state for id=0 to color ff212121
2025-07-12 04:54:20.639   508-508   android.ha...service.aw android.hardware.lights-service.aw   I  Lights setting state for id=0 to color ff1f1f1f
2025-07-12 04:54:20.656   508-508   android.ha...service.aw android.hardware.lights-service.aw   I  Lights setting state for id=0 to color ff1c1c1c
2025-07-12 04:54:20.674   508-508   android.ha...service.aw android.hardware.lights-service.aw   I  Lights setting state for id=0 to color ff1b1b1b
2025-07-12 04:54:20.690   508-508   android.ha...service.aw android.hardware.lights-service.aw   I  Lights setting state for id=0 to color ff191919
2025-07-12 04:54:20.706   508-508   android.ha...service.aw android.hardware.lights-service.aw   I  Lights setting state for id=0 to color ff171717
2025-07-12 04:54:20.723   508-508   android.ha...service.aw android.hardware.lights-service.aw   I  Lights setting state for id=0 to color ff161616
2025-07-12 04:54:20.741   508-508   android.ha...service.aw android.hardware.lights-service.aw   I  Lights setting state for id=0 to color ff141414
2025-07-12 04:54:20.757   508-508   android.ha...service.aw android.hardware.lights-service.aw   I  Lights setting state for id=0 to color ff131313
2025-07-12 04:54:20.774   508-508   android.ha...service.aw android.hardware.lights-service.aw   I  Lights setting state for id=0 to color ff121212
2025-07-12 04:54:20.791   508-508   android.ha...service.aw android.hardware.lights-service.aw   I  Lights setting state for id=0 to color ff101010
2025-07-12 04:54:20.807   508-508   android.ha...service.aw android.hardware.lights-service.aw   I  Lights setting state for id=0 to color ff0f0f0f
2025-07-12 04:54:20.824   508-508   android.ha...service.aw android.hardware.lights-service.aw   I  Lights setting state for id=0 to color ff0e0e0e
2025-07-12 04:54:21.980   715-3459  WifiNl80211Manager      system_server                        D  Scan result ready event
2025-07-12 04:54:21.980   715-3459  WifiNative              system_server                        D  Scan result ready event
2025-07-12 04:54:21.997   932-932   WifiHAL                 and...ardware.wifi@1.0-service-lazy  D  wifi feature set: 0x4012001F
2025-07-12 04:54:21.998   932-932   WifiHAL                 and...ardware.wifi@1.0-service-lazy  D  In DebugCommand::handleResponse
2025-07-12 04:54:21.998   932-932   WifiHAL                 and...ardware.wifi@1.0-service-lazy  D  logger feature set: 0x00000015
2025-07-12 04:54:22.000   715-870   HalDevMgr               system_server                        I  bestIfaceCreationProposal is null, requestIface=STA, existingIface=[name=wlan0 type=STA]
2025-07-12 04:54:22.251  3157-3205  ProxyAndro...gerBackend com....android.googlequicksearchbox  W  Too many Flogger logs received before configuration. Dropping old logs.
2025-07-12 04:54:22.273  3157-3183  native                  com....android.googlequicksearchbox  I  I0000 00:00:1752310462.273014    3183 soda_async_impl.cc:1361] Current audio timestamp: 1752310461896902
2025-07-12 04:54:22.748  1005-29332 ApfFilter               com.android.networkstack.process     D  (wlan0): Adding RA fe80::c2d7:aaff:fef1:402f -> ff02::1 180s 2607:fb90:5022:c72d::/64 300s/300s DNS 180s fe80::c2d7:aaff:fef1:402f RIO 180s ::/0 
2025-07-12 04:54:22.756   932-932   WifiHAL                 and...ardware.wifi@1.0-service-lazy  D  Getting APF capabilities, halHandle = 0xb4000073638149e0
2025-07-12 04:54:22.756   932-932   WifiHAL                 and...ardware.wifi@1.0-service-lazy  I  createRequest: APF get capabilities request
2025-07-12 04:54:22.756   932-932   WifiHAL                 and...ardware.wifi@1.0-service-lazy  E  In SetAPFCommand::handleResponse mReqType 0
2025-07-12 04:54:22.756   932-932   WifiHAL                 and...ardware.wifi@1.0-service-lazy  I  Id = 0, subcmd = 0, len = 16
2025-07-12 04:54:22.756   932-932   WifiHAL                 and...ardware.wifi@1.0-service-lazy  D  Response received for get packet filter capabilities command
2025-07-12 04:54:22.756   932-932   WifiHAL                 and...ardware.wifi@1.0-service-lazy  I  APF version is 4
2025-07-12 04:54:22.756   932-932   WifiHAL                 and...ardware.wifi@1.0-service-lazy  I  APF max len is 2048
2025-07-12 04:54:22.756   932-932   WifiHAL                 and...ardware.wifi@1.0-service-lazy  D  Getting APF capability, version = 4, max_len = 2048
2025-07-12 04:54:22.756   932-932   WifiHAL                 and...ardware.wifi@1.0-service-lazy  D  Read APF program, halHandle = 0xb4000073638149e0, length = 2048
2025-07-12 04:54:22.756   932-932   WifiHAL                 and...ardware.wifi@1.0-service-lazy  I  createRequest: APF read packet filter request
2025-07-12 04:54:22.758   932-932   WifiHAL                 and...ardware.wifi@1.0-service-lazy  E  In SetAPFCommand::handleResponse mReqType 2
2025-07-12 04:54:22.758   932-932   WifiHAL                 and...ardware.wifi@1.0-service-lazy  I  Id = 0, subcmd = 0, len = 2060
2025-07-12 04:54:22.758   932-932   WifiHAL                 and...ardware.wifi@1.0-service-lazy  D  Read packet filter, mProgramLen = 2048
2025-07-12 04:54:22.758   932-932   WifiHAL                 and...ardware.wifi@1.0-service-lazy  D  apf program length = 2048
2025-07-12 04:54:22.758   932-932   WifiHAL                 and...ardware.wifi@1.0-service-lazy  I  Read APF program success
2025-07-12 04:54:22.760   932-932   WifiHAL                 and...ardware.wifi@1.0-service-lazy  D  Setting APF program, halHandle = 0xb4000073638149e0
2025-07-12 04:54:22.760   932-932   WifiHAL                 and...ardware.wifi@1.0-service-lazy  I  createRequest: APF set program request
2025-07-12 04:54:23.259   535-604   DisplayModeController   surfaceflinger                       D  setDesiredMode 4619827499077779712 {mode={fps=29.50 Hz, modePtr={id=0, vsyncRate=59.00 Hz, peakRefreshRate=59.00 Hz}}, emitEvent=true, force=false}
2025-07-12 04:54:23.261   715-742   DisplayDeviceRepository system_server                        I  Display device changed: DisplayDeviceInfo{"Built-in Screen": uniqueId="local:4619827499077779712", 800 x 1280, modeId 1, renderFrameRate 29.5, defaultModeId 1, userPreferredModeId -1, supportedModes [{id=1, width=800, height=1280, fps=59.0, vsync=59.0, synthetic=false, alternativeRefreshRates=[], supportedHdrTypes=[2, 2]}], colorMode 0, supportedColorModes [0], hdrCapabilities HdrCapabilities{mSupportedHdrTypes=[2, 2], mMaxLuminance=500.0, mMaxAverageLuminance=500.0, mMinLuminance=0.0}, allmSupported false, gameContentTypeSupported false, density 213, 188.148 x 189.023 dpi, appVsyncOff 1000000, presDeadline 15949152, touch INTERNAL, rotation 0, type INTERNAL, address {port=0, model=0x401ceca22e1cc1}, deviceProductInfo DeviceProductInfo{name=HWC-display-0, manufacturerPnpId=GGL, productId=1, modelYear=null, manufactureDate=ManufactureDate{week=27, year=2023}, connectionToSinkType=0}, state ON, committedState ON, frameRateOverride , brightnessMinimum 0.0, brightnessMaximum 1.0, brightnessDefault 0.8, hdrSdrRatio NaN, FLAG_ALLOWED_TO_BE_DEFAULT_DISPLAY, FLAG_ROTATES_WITH_CONTENT, FLAG_SECURE, FLAG_SUPPORTS_PROTECTED_BUFFERS, FLAG_TRUSTED, installOrientation 0, displayShape DisplayShape{ spec=-1309176035 displayWidth=800 displayHeight=1280 physicalPixelDisplaySizeRatio=1.0 rotation=0 offsetX=0 offsetY=0 scale=1.0}}
2025-07-12 04:54:23.265   500-500   audio_hw_primary        android.hardware.audio.service       D  adev_set_parameters: kvpairs: screen_state=on
2025-07-12 04:54:23.372   715-811   PowerGuruService        system_server                        D  CMD_BATTERY_CHANGED (newPlugType = 2)
2025-07-12 04:54:23.373   949-1752  PowerUI                 com.android.systemui                 D  can't show warning due to - plugged: true status unknown: false
2025-07-12 04:54:23.374   715-715   PowerControllerImpl     system_server                        D  received action1 = android.intent.action.BATTERY_CHANGED
2025-07-12 04:54:23.953   715-814   ActivityManager         system_server                        D  freezing 30739 com.android.settings
2025-07-12 04:54:23.956   715-814   ActivityManager         system_server                        D  freezing 3874 com.google.android.apps.wellbeing
2025-07-12 04:54:23.961   715-880   InetDiagMessage         system_server                        D  Destroyed 0 sockets, proto=IPPROTO_TCP, family=AF_INET, states=14
2025-07-12 04:54:23.963   715-880   InetDiagMessage         system_server                        D  Destroyed 0 sockets, proto=IPPROTO_TCP, family=AF_INET6, states=14
2025-07-12 04:54:23.963   715-880   InetDiagMessage         system_server                        D  Destroyed live tcp sockets for uids={10122} in 4ms
2025-07-12 04:54:25.189   715-2287  FileUtils               system_server                        D  Rounded bytes from 3950669824 to 4000000000
2025-07-12 04:54:25.840   715-814   ActivityManager         system_server                        D  freezing 32116 com.google.android.gms
2025-07-12 04:54:26.888 32159-32167 IPCThreadState          com....android.googlequicksearchbox  I  oneway function results for code 2 on binder at 0xb40000763cd0b560 will be dropped but finished with status UNKNOWN_TRANSACTION
2025-07-12 04:54:27.252   715-769   PowerGroup              system_server                        I  Powering off display group due to timeout (groupId= 0, uid= 1000, millisSinceLastUserActivity=60003, lastUserActivityEvent=other)...
2025-07-12 04:54:27.253   715-769   PowerManagerService     system_server                        I  Going to sleep due to timeout (uid 1000, screenOffTimeout=60000, activityTimeoutWM=-1, maxDimRatio=0.20000005, maxDimDur=7000)...
2025-07-12 04:54:27.256   506-506   mali_gralloc            and...graphics.allocator-V1-service  V  allocate ---------------------------->
2025-07-12 04:54:27.256   506-506   mali_gralloc            and...graphics.allocator-V1-service  V  req_base_format: 0x1
2025-07-12 04:54:27.256   506-506   mali_gralloc            and...graphics.allocator-V1-service  V  Compatible: Base-format: 0x1
2025-07-12 04:54:27.256   506-506   mali_gralloc            and...graphics.allocator-V1-service  V  Compatible: Base-format: 0x5
2025-07-12 04:54:27.257   506-506   mali_gralloc            and...graphics.allocator-V1-service  V  Aligned w=1280, h=800 (in pixels)  usage:0xb33
2025-07-12 04:54:27.257   506-506   mali_gralloc            and...graphics.allocator-V1-service  V  Byte stride: 5120
2025-07-12 04:54:27.257   506-506   mali_gralloc            and...graphics.allocator-V1-service  V  Pixel stride: 1280
2025-07-12 04:54:27.257   506-506   mali_gralloc            and...graphics.allocator-V1-service  V  Body size: 4096000
2025-07-12 04:54:27.257   506-506   mali_gralloc            and...graphics.allocator-V1-service  V  AFBC Header size: 0
2025-07-12 04:54:27.257   506-506   mali_gralloc            and...graphics.allocator-V1-service  V  size=4096000
2025-07-12 04:54:27.257   506-506   mali_gralloc            and...graphics.allocator-V1-service  V  allocate ----------------------------<
2025-07-12 04:54:27.259 31869-31869 GoogleInpu...hodService com...gle.android.inputmethod.latin  I  GoogleInputMethodService.onFinishInput():2045 
2025-07-12 04:54:27.262 31869-31869 Module                  com...gle.android.inputmethod.latin  I  DeviceLockedStatusModuleProvider$Module.updateDeviceLockedStatus():100 repeatCheckTimes = 0, locked = false
2025-07-12 04:54:27.263   715-715   ProcessStats            system_server                        W  Tracking association SourceState{9ef5b4c com.android.settings/1000 Service #71630} whose proc state 8 is better than process ProcessState{8ae1a33 com.google.android.apps.wellbeing/10122 pkg=com.google.android.apps.wellbeing} proc state 15 (1 skipped)
2025-07-12 04:54:27.267   715-1008  PowerContr...r.AppState system_server                        D  - reportAppProcStateInfo() E -
2025-07-12 04:54:27.277   949-1034  KeyguardTr...Repository com.android.systemui                 D  (Internal) Setting current transition info: TransitionInfo(ownerName=FromGoneTransitionInteractor(Sleep transition triggered), from=GONE, to=DOZING, animated)
2025-07-12 04:54:27.279   949-949   KeyguardViewMediator    com.android.systemui                 D  KeyguardViewMediator queue processing message: NOTIFY_STARTED_GOING_TO_SLEEP
2025-07-12 04:54:27.285   949-949   KeyguardTr...Repository com.android.systemui                 I  STARTED transition: TransitionStep(from=GONE, to=DOZING, value=0.0, transitionState=STARTED, ownerName=FromGoneTransitionInteractor(Sleep transition triggered))
2025-07-12 04:54:27.304   949-949   vol.VolumeDialogImpl    com.android.systemui                 I  mDialog.dismiss() reason: volume_controller from: com.android.systemui.volume.VolumeDialogImpl$7.onDismissRequested:3
2025-07-12 04:54:27.317   506-506   mali_gralloc            and...graphics.allocator-V1-service  V  allocate ---------------------------->
2025-07-12 04:54:27.317   506-506   mali_gralloc            and...graphics.allocator-V1-service  V  req_base_format: 0x1
2025-07-12 04:54:27.317   506-506   mali_gralloc            and...graphics.allocator-V1-service  V  Compatible: Base-format: 0x1
2025-07-12 04:54:27.317   506-506   mali_gralloc            and...graphics.allocator-V1-service  E  Feature AFBC_WRITE_NON_SPARSE not found in /vendor/etc/gralloc/capabilities.xml
2025-07-12 04:54:27.317   506-506   mali_gralloc            and...graphics.allocator-V1-service  E  Feature AFBC_TILED_HEADERS not found in /vendor/etc/gralloc/capabilities.xml
2025-07-12 04:54:27.318   506-506   mali_gralloc            and...graphics.allocator-V1-service  E  Feature DISABLED not found in /vendor/etc/gralloc/capabilities.xml
2025-07-12 04:54:27.318   506-506   mali_gralloc            and...graphics.allocator-V1-service  V  Compatible: Base-format: 0x5
2025-07-12 04:54:27.318   506-506   mali_gralloc            and...graphics.allocator-V1-service  V  Plane[0]: [SUB-SAMPLE] w:1280, h:800
2025-07-12 04:54:27.318   506-506   mali_gralloc            and...graphics.allocator-V1-service  V  Plane[0]: [PIXEL_ALIGN] w:0
2025-07-12 04:54:27.318   506-506   mali_gralloc            and...graphics.allocator-V1-service  V  Plane[0]: [LINEAR_TILE] w:1
2025-07-12 04:54:27.318   506-506   mali_gralloc            and...graphics.allocator-V1-service  V  Plane[0]: [AFBC_TILE] w:32, h:8
2025-07-12 04:54:27.318   506-506   mali_gralloc            and...graphics.allocator-V1-service  V  Aligned w=1280, h=800 (in pixels)  usage:0x40000000000b00
2025-07-12 04:54:27.318   506-506   mali_gralloc            and...graphics.allocator-V1-service  V  Byte stride: 5120
2025-07-12 04:54:27.318   506-506   mali_gralloc            and...graphics.allocator-V1-service  V  Pixel stride: 0
2025-07-12 04:54:27.318   506-506   mali_gralloc            and...graphics.allocator-V1-service  V  Body size: 4096000
2025-07-12 04:54:27.318   506-506   mali_gralloc            and...graphics.allocator-V1-service  V  AFBC Header size: 64512
2025-07-12 04:54:27.318   506-506   mali_gralloc            and...graphics.allocator-V1-service  V  size=4160512
2025-07-12 04:54:27.319   506-506   mali_gralloc            and...graphics.allocator-V1-service  V  allocate ----------------------------<
2025-07-12 04:54:27.324   506-506   mali_gralloc            and...graphics.allocator-V1-service  V  allocate ---------------------------->
2025-07-12 04:54:27.324   506-506   mali_gralloc            and...graphics.allocator-V1-service  V  req_base_format: 0x1
2025-07-12 04:54:27.324   506-506   mali_gralloc            and...graphics.allocator-V1-service  V  Compatible: Base-format: 0x1
2025-07-12 04:54:27.324   506-506   mali_gralloc            and...graphics.allocator-V1-service  E  Feature AFBC_WRITE_NON_SPARSE not found in /vendor/etc/gralloc/capabilities.xml
2025-07-12 04:54:27.324   506-506   mali_gralloc            and...graphics.allocator-V1-service  E  Feature AFBC_TILED_HEADERS not found in /vendor/etc/gralloc/capabilities.xml
2025-07-12 04:54:27.324   506-506   mali_gralloc            and...graphics.allocator-V1-service  E  Feature DISABLED not found in /vendor/etc/gralloc/capabilities.xml
2025-07-12 04:54:27.324   506-506   mali_gralloc            and...graphics.allocator-V1-service  V  Compatible: Base-format: 0x5
2025-07-12 04:54:27.324   506-506   mali_gralloc            and...graphics.allocator-V1-service  V  Plane[0]: [SUB-SAMPLE] w:1280, h:800
2025-07-12 04:54:27.324   506-506   mali_gralloc            and...graphics.allocator-V1-service  V  Plane[0]: [PIXEL_ALIGN] w:0
2025-07-12 04:54:27.324   506-506   mali_gralloc            and...graphics.allocator-V1-service  V  Plane[0]: [LINEAR_TILE] w:1
2025-07-12 04:54:27.324   506-506   mali_gralloc            and...graphics.allocator-V1-service  V  Plane[0]: [AFBC_TILE] w:32, h:8
2025-07-12 04:54:27.324   506-506   mali_gralloc            and...graphics.allocator-V1-service  V  Aligned w=1280, h=800 (in pixels)  usage:0x40000000000b00
2025-07-12 04:54:27.324   506-506   mali_gralloc            and...graphics.allocator-V1-service  V  Byte stride: 5120
2025-07-12 04:54:27.324   506-506   mali_gralloc            and...graphics.allocator-V1-service  V  Pixel stride: 0
2025-07-12 04:54:27.324   506-506   mali_gralloc            and...graphics.allocator-V1-service  V  Body size: 4096000
2025-07-12 04:54:27.324   506-506   mali_gralloc            and...graphics.allocator-V1-service  V  AFBC Header size: 64512
2025-07-12 04:54:27.324   506-506   mali_gralloc            and...graphics.allocator-V1-service  V  size=4160512
2025-07-12 04:54:27.325   506-506   mali_gralloc            and...graphics.allocator-V1-service  V  allocate ----------------------------<
2025-07-12 04:54:27.329   506-506   mali_gralloc            and...graphics.allocator-V1-service  V  allocate ---------------------------->
2025-07-12 04:54:27.329   506-506   mali_gralloc            and...graphics.allocator-V1-service  V  req_base_format: 0x1
2025-07-12 04:54:27.329   506-506   mali_gralloc            and...graphics.allocator-V1-service  V  Compatible: Base-format: 0x1
2025-07-12 04:54:27.329   506-506   mali_gralloc            and...graphics.allocator-V1-service  E  Feature AFBC_WRITE_NON_SPARSE not found in /vendor/etc/gralloc/capabilities.xml
2025-07-12 04:54:27.329   506-506   mali_gralloc            and...graphics.allocator-V1-service  E  Feature AFBC_TILED_HEADERS not found in /vendor/etc/gralloc/capabilities.xml
2025-07-12 04:54:27.329   506-506   mali_gralloc            and...graphics.allocator-V1-service  E  Feature DISABLED not found in /vendor/etc/gralloc/capabilities.xml
2025-07-12 04:54:27.329   506-506   mali_gralloc            and...graphics.allocator-V1-service  V  Compatible: Base-format: 0x5
2025-07-12 04:54:27.329   506-506   mali_gralloc            and...graphics.allocator-V1-service  V  Plane[0]: [SUB-SAMPLE] w:1280, h:800
2025-07-12 04:54:27.329   506-506   mali_gralloc            and...graphics.allocator-V1-service  V  Plane[0]: [PIXEL_ALIGN] w:0
2025-07-12 04:54:27.329   506-506   mali_gralloc            and...graphics.allocator-V1-service  V  Plane[0]: [LINEAR_TILE] w:1
2025-07-12 04:54:27.329   506-506   mali_gralloc            and...graphics.allocator-V1-service  V  Plane[0]: [AFBC_TILE] w:32, h:8
2025-07-12 04:54:27.329   506-506   mali_gralloc            and...graphics.allocator-V1-service  V  Aligned w=1280, h=800 (in pixels)  usage:0x40000000000b00
2025-07-12 04:54:27.329   506-506   mali_gralloc            and...graphics.allocator-V1-service  V  Byte stride: 5120
2025-07-12 04:54:27.329   506-506   mali_gralloc            and...graphics.allocator-V1-service  V  Pixel stride: 0
2025-07-12 04:54:27.329   506-506   mali_gralloc            and...graphics.allocator-V1-service  V  Body size: 4096000
2025-07-12 04:54:27.329   506-506   mali_gralloc            and...graphics.allocator-V1-service  V  AFBC Header size: 64512
2025-07-12 04:54:27.329   506-506   mali_gralloc            and...graphics.allocator-V1-service  V  size=4160512
2025-07-12 04:54:27.330   506-506   mali_gralloc            and...graphics.allocator-V1-service  V  allocate ----------------------------<
2025-07-12 04:54:27.335   715-769   DisplayPow...roller2[0] system_server                        V  Brightness [0.8] reason changing to: 'manual', previous reason: 'manual [ dim ]'.
2025-07-12 04:54:27.335   715-769   DisplayPow...roller2[0] system_server                        I  BrightnessEvent: disp=0, physDisp=local:4619827499077779712, displayState=ON, displayPolicy=OFF, brt=0.8, initBrt=0.05, rcmdBrt=NaN, preBrt=NaN, lux=0.0, preLux=0.0, hbmMax=1.0, hbmMode=off, rbcStrength=50, thrmMax=1.0, powerFactor=1.0, wasShortTermModelActive=false, flags=, reason=manual, autoBrightness=false, strategy=InvalidBrightnessStrategy, autoBrightnessMode=default
2025-07-12 04:54:27.339   535-535   DisplayModeController   surfaceflinger                       D  setDesiredMode 4619827499077779712 {mode={fps=59.00 Hz, modePtr={id=0, vsyncRate=59.00 Hz, peakRefreshRate=59.00 Hz}}, emitEvent=true, force=false}
2025-07-12 04:54:27.341   715-742   DisplayDeviceRepository system_server                        I  Display device changed: DisplayDeviceInfo{"Built-in Screen": uniqueId="local:4619827499077779712", 800 x 1280, modeId 1, renderFrameRate 59.0, defaultModeId 1, userPreferredModeId -1, supportedModes [{id=1, width=800, height=1280, fps=59.0, vsync=59.0, synthetic=false, alternativeRefreshRates=[], supportedHdrTypes=[2, 2]}], colorMode 0, supportedColorModes [0], hdrCapabilities HdrCapabilities{mSupportedHdrTypes=[2, 2], mMaxLuminance=500.0, mMaxAverageLuminance=500.0, mMinLuminance=0.0}, allmSupported false, gameContentTypeSupported false, density 213, 188.148 x 189.023 dpi, appVsyncOff 1000000, presDeadline 15949152, touch INTERNAL, rotation 0, type INTERNAL, address {port=0, model=0x401ceca22e1cc1}, deviceProductInfo DeviceProductInfo{name=HWC-display-0, manufacturerPnpId=GGL, productId=1, modelYear=null, manufactureDate=ManufactureDate{week=27, year=2023}, connectionToSinkType=0}, state ON, committedState ON, frameRateOverride , brightnessMinimum 0.0, brightnessMaximum 1.0, brightnessDefault 0.8, hdrSdrRatio NaN, FLAG_ALLOWED_TO_BE_DEFAULT_DISPLAY, FLAG_ROTATES_WITH_CONTENT, FLAG_SECURE, FLAG_SUPPORTS_PROTECTED_BUFFERS, FLAG_TRUSTED, installOrientation 0, displayShape DisplayShape{ spec=-1309176035 displayWidth=800 displayHeight=1280 physicalPixelDisplaySizeRatio=1.0 rotation=0 offsetX=0 offsetY=0 scale=1.0}}
2025-07-12 04:54:27.347   500-500   audio_hw_primary        android.hardware.audio.service       D  adev_set_parameters: kvpairs: screen_state=on
2025-07-12 04:54:27.355  8932-29284 NearbySharing           com.google.android.gms.persistent    I  Screen is locked
2025-07-12 04:54:27.355  8932-29284 NearbySharing           com.google.android.gms.persistent    I  Stopping scanning because the screen is locked.
2025-07-12 04:54:27.357  8932-29284 NearbySharing           com.google.android.gms.persistent    I  Stopping Fast Init advertisement because Bluetooth is off.
2025-07-12 04:54:27.358  8932-29284 NearbySharing           com.google.android.gms.persistent    I  Stopping advertising because Bluetooth is disabled.
2025-07-12 04:54:27.360  8932-29284 NearbySharing           com.google.android.gms.persistent    I  Stopping FastInitiation scanning because the screen is locked.
2025-07-12 04:54:27.360  8932-29284 BluetoothAdapter        com.google.android.gms.persistent    D  isLeEnabled(): BLE_ON
2025-07-12 04:54:27.366  7308-7396  bt_shim_scanner         com.android.bluetooth                I  system/main/shim/le_scanning_manager.cc:179 Scan: in shim layer stopped
2025-07-12 04:54:27.367  7308-7396  bt_shim_scanner         com.android.bluetooth                W  system/main/shim/le_scanning_manager.cc:200 Scan: Invalid state: start:false, current scan state: false
2025-07-12 04:54:27.367  7308-7352  bluetooth               com.android.bluetooth                I  system/gd/hci/le_scanning_manager.cc:637 stop_scan: Scanning already stopped, return!
2025-07-12 04:54:27.367  7308-7396  BtGatt.ScanManager      com.android.bluetooth                W  There is no scan radio to stop
2025-07-12 04:54:27.370  7308-10518 bt_shim_scanner         com.android.bluetooth                I  system/main/shim/le_scanning_manager.cc:173 Unregister: in shim layer, scannerId=1
2025-07-12 04:54:27.373  8932-29284 NearbySharing           com.google.android.gms.persistent    I  Stopped scanning for FastInitiation
2025-07-12 04:54:27.375  8932-29284 NearbySharing           com.google.android.gms.persistent    I  Fast Initiation Scanning has stopped
2025-07-12 04:54:27.376  8932-29284 NearbySharing           com.google.android.gms.persistent    I  Dismissing HUN as there's no device nearby.
2025-07-12 04:54:27.768   715-769   DisplayPow...roller2[0] system_server                        I  Blocking screen off
2025-07-12 04:54:27.769   508-508   android.ha...service.aw android.hardware.lights-service.aw   I  Lights setting state for id=0 to color ff000000
2025-07-12 04:54:27.769   715-769   DisplayPow...roller2[0] system_server                        I  Unblocked screen off after 1 ms
2025-07-12 04:54:27.773   506-506   mali_gralloc            and...graphics.allocator-V1-service  V  allocate ---------------------------->
2025-07-12 04:54:27.774   506-506   mali_gralloc            and...graphics.allocator-V1-service  V  req_base_format: 0x4
2025-07-12 04:54:27.774   506-506   mali_gralloc            and...graphics.allocator-V1-service  V  Compatible: Base-format: 0x4
2025-07-12 04:54:27.774   506-506   mali_gralloc            and...graphics.allocator-V1-service  V  Compatible: Base-format: 0x3
2025-07-12 04:54:27.774   506-506   mali_gralloc            and...graphics.allocator-V1-service  V  Aligned w=1280, h=800 (in pixels)  usage:0x20000b33
2025-07-12 04:54:27.774   506-506   mali_gralloc            and...graphics.allocator-V1-service  V  Byte stride: 2560
2025-07-12 04:54:27.774   506-506   mali_gralloc            and...graphics.allocator-V1-service  V  Pixel stride: 1280
2025-07-12 04:54:27.774   506-506   mali_gralloc            and...graphics.allocator-V1-service  V  Body size: 2048000
2025-07-12 04:54:27.774   506-506   mali_gralloc            and...graphics.allocator-V1-service  V  AFBC Header size: 0
2025-07-12 04:54:27.774   506-506   mali_gralloc            and...graphics.allocator-V1-service  V  size=2048000
2025-07-12 04:54:27.774   506-506   mali_gralloc            and...graphics.allocator-V1-service  V  allocate ----------------------------<
2025-07-12 04:54:27.783   715-769   ActivityTaskManager     system_server                        D  Top Process State changed to PROCESS_STATE_TOP_SLEEPING
2025-07-12 04:54:27.792   518-518   SensorHal               android.hardware.sensors-service.aw  D  AccelSensor handle(1) setEnable enable(0) anotherSensorEnable (0)
2025-07-12 04:54:27.792   518-518   SensorHal               android.hardware.sensors-service.aw  D  mir3da set enable = 0
2025-07-12 04:54:27.796   715-769   ColorFade               system_server                        D  eglDestroyContext
2025-07-12 04:54:27.799   949-949   CentralSurfaces         com.android.systemui                 D  !shouldBeKeyguard mStatusBarStateController.isKeyguardRequested() false keyguardForDozing false wakeAndUnlocking false isWakingAndOccluded false
2025-07-12 04:54:27.799   949-949   CentralSurfaces         com.android.systemui                 D  hideKeyguardImpl false
2025-07-12 04:54:27.805   715-1008  PowerContr...r.AppState system_server                        D  - reportAppProcStateInfo() E -
2025-07-12 04:54:27.806   949-999   DndTile                 com.android.systemui                 D  mController.getZen() = 0
2025-07-12 04:54:27.806   949-999   DndTile                 com.android.systemui                 D  arg = null, arg instanceof Integer = false
2025-07-12 04:54:27.811   715-769   DisplayBri...gySelector system_server                        I  Changing the DisplayBrightnessStrategy from InvalidBrightnessStrategy to ScreenOffBrightnessStrategy for display 0
2025-07-12 04:54:27.813   715-769   DisplayPow...roller2[0] system_server                        V  Brightness [0.0] reason changing to: 'screen_off', previous reason: 'manual'.
2025-07-12 04:54:27.813   715-769   DisplayPow...roller2[0] system_server                        I  BrightnessEvent: disp=0, physDisp=local:4619827499077779712, displayState=OFF, displayPolicy=OFF, brt=0.0, initBrt=0.8, rcmdBrt=NaN, preBrt=NaN, lux=0.0, preLux=0.0, hbmMax=1.0, hbmMode=off, rbcStrength=50, thrmMax=1.0, powerFactor=1.0, wasShortTermModelActive=false, flags=, reason=screen_off, autoBrightness=false, strategy=ScreenOffBrightnessStrategy, autoBrightnessMode=default
2025-07-12 04:54:27.814   535-535   SurfaceFlinger          surfaceflinger                       D  Setting power mode 0 on display 4619827499077779712
2025-07-12 04:54:27.816   715-742   DisplayDeviceRepository system_server                        I  Display device changed state: "Built-in Screen", OFF
2025-07-12 04:54:27.820   715-742   InputManager-JNI        system_server                        I  Viewport [0] to add: local:4619827499077779712, isActive: false
2025-07-12 04:54:27.822   715-828   InputReader             system_server                        I  Reconfiguring input devices, changes=DISPLAY_INFO
2025-07-12 04:54:27.822   715-828   InputReader             system_server                        I  Disabling gslX680 (device 5) because the associated viewport is not active
2025-07-12 04:54:27.822   715-828   InputReader             system_server                        I  Device reconfigured: id=5, name='gslX680', size 801x1281, orientation Rotation0, mode DISABLED, display id 0
2025-07-12 04:54:27.823   715-2287  SurfaceControl          system_server                        W  Invalid layer stack -1
2025-07-12 04:54:27.823   715-2287  DisplayDevice           system_server                        I  [0] Layerstack set to -1 for local:4619827499077779712
2025-07-12 04:54:27.825   517-517   sunxihwc                and...aphics.composer-service.sunxi  D  setPowerMode: device(lcd0) power mode: Off
2025-07-12 04:54:27.847   500-500   audio_hw_primary        android.hardware.audio.service       D  adev_set_parameters: kvpairs: screen_state=off
2025-07-12 04:54:27.857   715-802   Util                    system_server                        D  judge is white list: android
2025-07-12 04:54:27.859   715-802   Grammatica...ctionUtils system_server                        V  AttributionSource: android.content.AttributionSource@a46953b3 does not have READ_SYSTEM_GRAMMATICAL_GENDER permission.
2025-07-12 04:54:27.866  7481-7481  VRI[MainActivity]       com.dollargeneral.palletmanager      D  visibilityChanged oldVisibility=true newVisibility=false
2025-07-12 04:54:27.873   715-802   Util                    system_server                        D  judge is white list: android
2025-07-12 04:54:27.889   475-475   Zygote                  pid-475                              D  Forked child process 7527
2025-07-12 04:54:27.894   715-802   ActivityManager         system_server                        D  sync unfroze 30010 com.android.chrome for 6
2025-07-12 04:54:27.898   715-1008  PowerContr...r.AppState system_server                        D  - reportAppProcStateInfo() E -
2025-07-12 04:54:27.905   715-750   ActivityManager         system_server                        I  app.processName = com.google.android.calendar
2025-07-12 04:54:27.905   715-750   ActivityManager         system_server                        I  app.processName = com.google.android.calendar
2025-07-12 04:54:27.905   715-750   ActivityManager         system_server                        I  Start proc 7527:com.google.android.calendar/u0a127 for service {com.google.android.calendar/androidx.work.impl.background.systemjob.SystemJobService}
2025-07-12 04:54:27.919  7527-7527  ndroid.calendar         com.google.android.calendar          I  Using CollectorTypeCMC GC.
2025-07-12 04:54:27.926  7527-7527  ndroid.calendar         com.google.android.calendar          E  Not starting debugger since process cannot load the jdwp agent.
2025-07-12 04:54:27.960  7527-7527  ApplicationLoaders      com.google.android.calendar          D  Returning zygote-cached class loader: /system/framework/org.apache.http.legacy.jar
2025-07-12 04:54:27.960  7527-7527  ApplicationLoaders      com.google.android.calendar          D  Returning zygote-cached class loader: /system_ext/framework/androidx.window.extensions.jar
2025-07-12 04:54:27.960  7527-7527  ApplicationLoaders      com.google.android.calendar          D  Returning zygote-cached class loader: /system_ext/framework/androidx.window.sidecar.jar
2025-07-12 04:54:27.970 30010-30010 JobInfo                 com.android.chrome                   W  Job 'com.android.chrome/org.chromium.components.background_task_scheduler.internal.BackgroundTaskJobService#54' has a deadline with no functional constraints. The deadline won't improve job execution latency. Consider removing the deadline.
2025-07-12 04:54:27.972   715-2287  JobInfo                 system_server                        W  Job 'com.android.chrome/org.chromium.components.background_task_scheduler.internal.BackgroundTaskJobService#54' has a deadline with no functional constraints. The deadline won't improve job execution latency. Consider removing the deadline.
2025-07-12 04:54:27.984   715-2287  JobScheduler            system_server                        W  Job didn't exist in JobStore: 17598 #u0a129/54 com.android.chrome/org.chromium.components.background_task_scheduler.internal.BackgroundTaskJobService
2025-07-12 04:54:27.985   715-1008  PowerContr...r.AppState system_server                        D  - reportAppProcStateInfo() E -
2025-07-12 04:54:27.985 30010-30010 cr_BkgrdTaskJS          com.android.chrome                   W  Failed to stop job, because job with job id 54 does not exist.
2025-07-12 04:54:28.028  7527-7527  ziparchive              com.google.android.calendar          W  Unable to open '/data/app/~~Y7kpjk12wiJ5iLl8HVTu8A==/com.google.android.calendar-ZFH3ij0QYBqk9wLFRZBauw==/split_config.arm64_v8a.dm': No such file or directory
2025-07-12 04:54:28.028  7527-7527  ziparchive              com.google.android.calendar          W  Unable to open '/data/app/~~Y7kpjk12wiJ5iLl8HVTu8A==/com.google.android.calendar-ZFH3ij0QYBqk9wLFRZBauw==/split_config.arm64_v8a.dm': No such file or directory
2025-07-12 04:54:28.028  7527-7527  ndroid.calendar         com.google.android.calendar          W  Entry not found
2025-07-12 04:54:28.030  7527-7527  ziparchive              com.google.android.calendar          W  Unable to open '/data/app/~~Y7kpjk12wiJ5iLl8HVTu8A==/com.google.android.calendar-ZFH3ij0QYBqk9wLFRZBauw==/split_config.en.dm': No such file or directory
2025-07-12 04:54:28.030  7527-7527  ziparchive              com.google.android.calendar          W  Unable to open '/data/app/~~Y7kpjk12wiJ5iLl8HVTu8A==/com.google.android.calendar-ZFH3ij0QYBqk9wLFRZBauw==/split_config.en.dm': No such file or directory
2025-07-12 04:54:28.030  7527-7527  ndroid.calendar         com.google.android.calendar          W  Entry not found
2025-07-12 04:54:28.031  7527-7527  ziparchive              com.google.android.calendar          W  Unable to open '/data/app/~~Y7kpjk12wiJ5iLl8HVTu8A==/com.google.android.calendar-ZFH3ij0QYBqk9wLFRZBauw==/split_config.tvdpi.dm': No such file or directory
2025-07-12 04:54:28.031  7527-7527  ziparchive              com.google.android.calendar          W  Unable to open '/data/app/~~Y7kpjk12wiJ5iLl8HVTu8A==/com.google.android.calendar-ZFH3ij0QYBqk9wLFRZBauw==/split_config.tvdpi.dm': No such file or directory
2025-07-12 04:54:28.032  7527-7527  ndroid.calendar         com.google.android.calendar          W  Entry not found
2025-07-12 04:54:28.033  7527-7527  nativeloader            com.google.android.calendar          D  Configuring clns-7 for other apk /data/app/~~Y7kpjk12wiJ5iLl8HVTu8A==/com.google.android.calendar-ZFH3ij0QYBqk9wLFRZBauw==/base.apk:/data/app/~~Y7kpjk12wiJ5iLl8HVTu8A==/com.google.android.calendar-ZFH3ij0QYBqk9wLFRZBauw==/split_config.arm64_v8a.apk:/data/app/~~Y7kpjk12wiJ5iLl8HVTu8A==/com.google.android.calendar-ZFH3ij0QYBqk9wLFRZBauw==/split_config.en.apk:/data/app/~~Y7kpjk12wiJ5iLl8HVTu8A==/com.google.android.calendar-ZFH3ij0QYBqk9wLFRZBauw==/split_config.tvdpi.apk. target_sdk_version=36, uses_libraries=, library_path=/data/app/~~Y7kpjk12wiJ5iLl8HVTu8A==/com.google.android.calendar-ZFH3ij0QYBqk9wLFRZBauw==/lib/arm64:/data/app/~~Y7kpjk12wiJ5iLl8HVTu8A==/com.google.android.calendar-ZFH3ij0QYBqk9wLFRZBauw==/base.apk!/lib/arm64-v8a:/data/app/~~Y7kpjk12wiJ5iLl8HVTu8A==/com.google.android.calendar-ZFH3ij0QYBqk9wLFRZBauw==/split_config.arm64_v8a.apk!/lib/arm64-v8a:/data/app/~~Y7kpjk12wiJ5iLl8HVTu8A==/com.google.android.calendar-ZFH3ij0QYBqk9wLFRZBauw==/split_config.en.apk!/lib/arm64-v8a:/data/app/~~Y7kpjk12wiJ5iL
2025-07-12 04:54:28.054  7527-7527  nativeloader            com.google.android.calendar          D  Load libframework-connectivity-jni.so using APEX ns com_android_tethering for caller /apex/com.android.tethering/javalib/framework-connectivity.jar: ok
2025-07-12 04:54:28.058  7527-7527  GraphicsEnvironment     com.google.android.calendar          V  Currently set values for:
2025-07-12 04:54:28.058  7527-7527  GraphicsEnvironment     com.google.android.calendar          V    angle_gl_driver_selection_pkgs=[]
2025-07-12 04:54:28.058  7527-7527  GraphicsEnvironment     com.google.android.calendar          V    angle_gl_driver_selection_values=[]
2025-07-12 04:54:28.058  7527-7527  GraphicsEnvironment     com.google.android.calendar          V  Global.Settings values are invalid: number of packages: 0, number of values: 0
2025-07-12 04:54:28.058  7527-7527  GraphicsEnvironment     com.google.android.calendar          V  Neither updatable production driver nor prerelease driver is supported.
2025-07-12 04:54:28.241   949-949   KeyguardTr...Repository com.android.systemui                 I  FINISHED transition: TransitionStep(from=GONE, to=DOZING, value=1.0, transitionState=FINISHED, ownerName=FromGoneTransitionInteractor(Sleep transition triggered))
2025-07-12 04:54:28.328  8932-8932  WearableService         com.google.android.gms.persistent    D  Creating wearable service asynchronously.
2025-07-12 04:54:28.348   715-2287  Util                    system_server                        D  judge is white list: com.google.android.calendar
2025-07-12 04:54:28.348   715-2713  ConnectivityService     system_server                        D  Returning BLOCKED NetworkInfo to uid=10127
2025-07-12 04:54:28.349   715-2287  Grammatica...ctionUtils system_server                        V  AttributionSource: android.content.AttributionSource@298c66fb does not have READ_SYSTEM_GRAMMATICAL_GENDER permission.
2025-07-12 04:54:28.354   715-2287  ConnectivityService     system_server                        D  requestNetwork for uid/pid:10127/7527 activeRequest: null callbackRequest: 1708 [NetworkRequest [ REQUEST id=1709, [ Capabilities: INTERNET&NOT_RESTRICTED&TRUSTED&NOT_VCN_MANAGED&NOT_BANDWIDTH_CONSTRAINED Uid: 10127 RequestorUid: 10127 RequestorPkg: com.google.android.calendar UnderlyingNetworks: Null] ]] callback flags: 0 order: 2147483647 isUidTracked: false declaredMethods: 0xffffffff
2025-07-12 04:54:28.355  8932-8950  Wear_Controller         com.google.android.gms.persistent    I  Wearable module requires a companion app to be installed.
2025-07-12 04:54:28.356  8932-8950  WearableService         com.google.android.gms.persistent    I  onCreate: Wearable Services not starting. Wear is not available on this device.
2025-07-12 04:54:28.356   715-870   WifiNetworkFactory      system_server                        D  got request NetworkRequest [ REQUEST id=1709, [ Capabilities: INTERNET&NOT_RESTRICTED&TRUSTED&NOT_VCN_MANAGED&NOT_BANDWIDTH_CONSTRAINED Uid: 10127 RequestorUid: 10127 RequestorPkg: com.google.android.calendar UnderlyingNetworks: Null] ]
2025-07-12 04:54:28.357   715-870   UntrustedW...orkFactory system_server                        D  got request NetworkRequest [ REQUEST id=1709, [ Capabilities: INTERNET&NOT_RESTRICTED&TRUSTED&NOT_VCN_MANAGED&NOT_BANDWIDTH_CONSTRAINED Uid: 10127 RequestorUid: 10127 RequestorPkg: com.google.android.calendar UnderlyingNetworks: Null] ]
2025-07-12 04:54:28.357   715-870   OemPaidWif...orkFactory system_server                        D  got request NetworkRequest [ REQUEST id=1709, [ Capabilities: INTERNET&NOT_RESTRICTED&TRUSTED&NOT_VCN_MANAGED&NOT_BANDWIDTH_CONSTRAINED Uid: 10127 RequestorUid: 10127 RequestorPkg: com.google.android.calendar UnderlyingNetworks: Null] ]
2025-07-12 04:54:28.357   715-870   MultiInter...orkFactory system_server                        D  got request NetworkRequest [ REQUEST id=1709, [ Capabilities: INTERNET&NOT_RESTRICTED&TRUSTED&NOT_VCN_MANAGED&NOT_BANDWIDTH_CONSTRAINED Uid: 10127 RequestorUid: 10127 RequestorPkg: com.google.android.calendar UnderlyingNetworks: Null] ]
2025-07-12 04:54:28.357   715-880   ConnectivityService     system_server                        D  NetReassign [1709 : null  105] [c 1] [a 0] [i 2]
2025-07-12 04:54:28.376   475-475   Zygote                  pid-475                              D  Forked child process 7550
2025-07-12 04:54:28.377   715-750   ActivityManager         system_server                        I  app.processName = com.android.providers.calendar
2025-07-12 04:54:28.377   715-750   ActivityManager         system_server                        I  app.processName = com.android.providers.calendar
2025-07-12 04:54:28.377   715-750   ActivityManager         system_server                        I  Start proc 7550:com.android.providers.calendar/u0a55 for content provider {com.android.providers.calendar/com.android.providers.calendar.CalendarProvider2}
2025-07-12 04:54:28.378  7527-7548  nativeloader            com.google.android.calendar          D  Load /data/app/~~Y7kpjk12wiJ5iLl8HVTu8A==/com.google.android.calendar-ZFH3ij0QYBqk9wLFRZBauw==/split_config.arm64_v8a.apk!/lib/arm64-v8a/libnative_crash_handler_jni.so using ns clns-7 from class loader (caller=/data/app/~~Y7kpjk12wiJ5iLl8HVTu8A==/com.google.android.calendar-ZFH3ij0QYBqk9wLFRZBauw==/base.apk!classes2.dex): ok
