2025-07-12 04:53:28.134   506-506   mali_gralloc            and...graphics.allocator-V1-service  E  Feature AFBC_WRITE_NON_SPARSE not found in /vendor/etc/gralloc/capabilities.xml
2025-07-12 04:53:28.134   506-506   mali_gralloc            and...graphics.allocator-V1-service  E  Feature AFBC_TILED_HEADERS not found in /vendor/etc/gralloc/capabilities.xml
2025-07-12 04:53:28.134   506-506   mali_gralloc            and...graphics.allocator-V1-service  E  Feature DISABLED not found in /vendor/etc/gralloc/capabilities.xml
2025-07-12 04:53:28.134   506-506   mali_gralloc            and...graphics.allocator-V1-service  V  Compatible: Base-format: 0x5
2025-07-12 04:53:28.134   506-506   mali_gralloc            and...graphics.allocator-V1-service  V  Plane[0]: [SUB-SAMPLE] w:1280, h:800
2025-07-12 04:53:28.134   506-506   mali_gralloc            and...graphics.allocator-V1-service  V  Plane[0]: [PIXEL_ALIGN] w:0
2025-07-12 04:53:28.134   506-506   mali_gralloc            and...graphics.allocator-V1-service  V  Plane[0]: [LINEAR_TILE] w:1
2025-07-12 04:53:28.134   506-506   mali_gralloc            and...graphics.allocator-V1-service  V  Plane[0]: [AFBC_TILE] w:32, h:8
2025-07-12 04:53:28.134   506-506   mali_gralloc            and...graphics.allocator-V1-service  V  Aligned w=1280, h=800 (in pixels)  usage:0x40000000000b00
2025-07-12 04:53:28.134   506-506   mali_gralloc            and...graphics.allocator-V1-service  V  Byte stride: 5120
2025-07-12 04:53:28.134   506-506   mali_gralloc            and...graphics.allocator-V1-service  V  Pixel stride: 0
2025-07-12 04:53:28.134   506-506   mali_gralloc            and...graphics.allocator-V1-service  V  Body size: 4096000
2025-07-12 04:53:28.134   506-506   mali_gralloc            and...graphics.allocator-V1-service  V  AFBC Header size: 64512
2025-07-12 04:53:28.134   506-506   mali_gralloc            and...graphics.allocator-V1-service  V  size=4160512
2025-07-12 04:53:28.135   506-506   mali_gralloc            and...graphics.allocator-V1-service  V  allocate ----------------------------<
2025-07-12 04:53:28.136 20694-20694 bmqk                    com....android.googlequicksearchbox  I  onStart
2025-07-12 04:53:28.137 15760-15760 Launcher                com.android.launcher3                I  Launcher:onResume start
2025-07-12 04:53:28.138 15760-15760 Launcher                com.android.launcher3                I  Launcher:onResume end
2025-07-12 04:53:28.140 20694-20694 bkkf                    com....android.googlequicksearchbox  I  (REDACTED) [%s] onStart()
2025-07-12 04:53:28.140 20694-20694 bkmj                    com....android.googlequicksearchbox  I  Reloading theme data
2025-07-12 04:53:28.142 20694-20694 bkkf                    com....android.googlequicksearchbox  I  silent_refresh state: Idle/Default
2025-07-12 04:53:28.143   949-971   WindowManagerShell      com.android.systemui                 D  setLauncherKeepClearAreaHeight: visible=true, height=151
2025-07-12 04:53:28.144 20694-20694 bmqk                    com....android.googlequicksearchbox  I  onResume
2025-07-12 04:53:28.145 30739-30739 AwReadingM...ileService com.android.settings                 I  onBind
2025-07-12 04:53:28.153 15760-15760 BaseDepthController     com.android.launcher3                D  setSurface:
                                                                                                    	mWaitingOnSurfaceValidity: false
                                                                                                    	mSurface: Surface(name=com.android.launcher3/com.android.searchlauncher.SearchLauncher)/@0xfbda1e
2025-07-12 04:53:28.154   506-506   mali_gralloc            and...graphics.allocator-V1-service  V  allocate ---------------------------->
2025-07-12 04:53:28.154   506-506   mali_gralloc            and...graphics.allocator-V1-service  V  req_base_format: 0x1
2025-07-12 04:53:28.154   506-506   mali_gralloc            and...graphics.allocator-V1-service  V  Compatible: Base-format: 0x1
2025-07-12 04:53:28.154   506-506   mali_gralloc            and...graphics.allocator-V1-service  E  Feature AFBC_WRITE_NON_SPARSE not found in /vendor/etc/gralloc/capabilities.xml
2025-07-12 04:53:28.154   506-506   mali_gralloc            and...graphics.allocator-V1-service  E  Feature AFBC_TILED_HEADERS not found in /vendor/etc/gralloc/capabilities.xml
2025-07-12 04:53:28.154   506-506   mali_gralloc            and...graphics.allocator-V1-service  E  Feature DISABLED not found in /vendor/etc/gralloc/capabilities.xml
2025-07-12 04:53:28.155   506-506   mali_gralloc            and...graphics.allocator-V1-service  V  Compatible: Base-format: 0x5
2025-07-12 04:53:28.155   506-506   mali_gralloc            and...graphics.allocator-V1-service  V  Plane[0]: [SUB-SAMPLE] w:1280, h:800
2025-07-12 04:53:28.155   506-506   mali_gralloc            and...graphics.allocator-V1-service  V  Plane[0]: [PIXEL_ALIGN] w:0
2025-07-12 04:53:28.155   506-506   mali_gralloc            and...graphics.allocator-V1-service  V  Plane[0]: [LINEAR_TILE] w:1
2025-07-12 04:53:28.155   506-506   mali_gralloc            and...graphics.allocator-V1-service  V  Plane[0]: [AFBC_TILE] w:32, h:8
2025-07-12 04:53:28.155   506-506   mali_gralloc            and...graphics.allocator-V1-service  V  Aligned w=1280, h=800 (in pixels)  usage:0x40000000000b00
2025-07-12 04:53:28.155   506-506   mali_gralloc            and...graphics.allocator-V1-service  V  Byte stride: 5120
2025-07-12 04:53:28.155   506-506   mali_gralloc            and...graphics.allocator-V1-service  V  Pixel stride: 0
2025-07-12 04:53:28.155   506-506   mali_gralloc            and...graphics.allocator-V1-service  V  Body size: 4096000
2025-07-12 04:53:28.155   506-506   mali_gralloc            and...graphics.allocator-V1-service  V  AFBC Header size: 64512
2025-07-12 04:53:28.155   506-506   mali_gralloc            and...graphics.allocator-V1-service  V  size=4160512
2025-07-12 04:53:28.155 15760-15760 PagedView               com.android.launcher3                W  computeScrollHelper
2025-07-12 04:53:28.156   506-506   mali_gralloc            and...graphics.allocator-V1-service  V  allocate ----------------------------<
2025-07-12 04:53:28.158   506-506   mali_gralloc            and...graphics.allocator-V1-service  V  allocate ---------------------------->
2025-07-12 04:53:28.158   506-506   mali_gralloc            and...graphics.allocator-V1-service  V  req_base_format: 0x1
2025-07-12 04:53:28.158   506-506   mali_gralloc            and...graphics.allocator-V1-service  V  Compatible: Base-format: 0x1
2025-07-12 04:53:28.158   506-506   mali_gralloc            and...graphics.allocator-V1-service  E  Feature AFBC_WRITE_NON_SPARSE not found in /vendor/etc/gralloc/capabilities.xml
2025-07-12 04:53:28.158   506-506   mali_gralloc            and...graphics.allocator-V1-service  E  Feature AFBC_TILED_HEADERS not found in /vendor/etc/gralloc/capabilities.xml
2025-07-12 04:53:28.158   506-506   mali_gralloc            and...graphics.allocator-V1-service  E  Feature DISABLED not found in /vendor/etc/gralloc/capabilities.xml
2025-07-12 04:53:28.158   506-506   mali_gralloc            and...graphics.allocator-V1-service  V  Compatible: Base-format: 0x5
2025-07-12 04:53:28.158   506-506   mali_gralloc            and...graphics.allocator-V1-service  V  Plane[0]: [SUB-SAMPLE] w:1280, h:800
2025-07-12 04:53:28.158   506-506   mali_gralloc            and...graphics.allocator-V1-service  V  Plane[0]: [PIXEL_ALIGN] w:0
2025-07-12 04:53:28.158   506-506   mali_gralloc            and...graphics.allocator-V1-service  V  Plane[0]: [LINEAR_TILE] w:1
2025-07-12 04:53:28.158   506-506   mali_gralloc            and...graphics.allocator-V1-service  V  Plane[0]: [AFBC_TILE] w:32, h:8
2025-07-12 04:53:28.158   506-506   mali_gralloc            and...graphics.allocator-V1-service  V  Aligned w=1280, h=800 (in pixels)  usage:0x40000000000b00
2025-07-12 04:53:28.158   506-506   mali_gralloc            and...graphics.allocator-V1-service  V  Byte stride: 5120
2025-07-12 04:53:28.158   506-506   mali_gralloc            and...graphics.allocator-V1-service  V  Pixel stride: 0
2025-07-12 04:53:28.158   506-506   mali_gralloc            and...graphics.allocator-V1-service  V  Body size: 4096000
2025-07-12 04:53:28.158   506-506   mali_gralloc            and...graphics.allocator-V1-service  V  AFBC Header size: 64512
2025-07-12 04:53:28.158   506-506   mali_gralloc            and...graphics.allocator-V1-service  V  size=4160512
2025-07-12 04:53:28.159   506-506   mali_gralloc            and...graphics.allocator-V1-service  V  allocate ----------------------------<
2025-07-12 04:53:28.160   506-506   mali_gralloc            and...graphics.allocator-V1-service  V  allocate ---------------------------->
2025-07-12 04:53:28.160   506-506   mali_gralloc            and...graphics.allocator-V1-service  V  req_base_format: 0x1
2025-07-12 04:53:28.160   506-506   mali_gralloc            and...graphics.allocator-V1-service  V  Compatible: Base-format: 0x1
2025-07-12 04:53:28.160   506-506   mali_gralloc            and...graphics.allocator-V1-service  E  Feature AFBC_WRITE_NON_SPARSE not found in /vendor/etc/gralloc/capabilities.xml
2025-07-12 04:53:28.160   506-506   mali_gralloc            and...graphics.allocator-V1-service  E  Feature AFBC_TILED_HEADERS not found in /vendor/etc/gralloc/capabilities.xml
2025-07-12 04:53:28.160   506-506   mali_gralloc            and...graphics.allocator-V1-service  E  Feature DISABLED not found in /vendor/etc/gralloc/capabilities.xml
2025-07-12 04:53:28.160   506-506   mali_gralloc            and...graphics.allocator-V1-service  V  Compatible: Base-format: 0x5
2025-07-12 04:53:28.160   506-506   mali_gralloc            and...graphics.allocator-V1-service  V  Plane[0]: [SUB-SAMPLE] w:1280, h:800
2025-07-12 04:53:28.160   506-506   mali_gralloc            and...graphics.allocator-V1-service  V  Plane[0]: [PIXEL_ALIGN] w:0
2025-07-12 04:53:28.160   506-506   mali_gralloc            and...graphics.allocator-V1-service  V  Plane[0]: [LINEAR_TILE] w:1
2025-07-12 04:53:28.160   506-506   mali_gralloc            and...graphics.allocator-V1-service  V  Plane[0]: [AFBC_TILE] w:32, h:8
2025-07-12 04:53:28.160   506-506   mali_gralloc            and...graphics.allocator-V1-service  V  Aligned w=1280, h=800 (in pixels)  usage:0x40000000000b00
2025-07-12 04:53:28.160   506-506   mali_gralloc            and...graphics.allocator-V1-service  V  Byte stride: 5120
2025-07-12 04:53:28.160   506-506   mali_gralloc            and...graphics.allocator-V1-service  V  Pixel stride: 0
2025-07-12 04:53:28.160   506-506   mali_gralloc            and...graphics.allocator-V1-service  V  Body size: 4096000
2025-07-12 04:53:28.161   506-506   mali_gralloc            and...graphics.allocator-V1-service  V  AFBC Header size: 64512
2025-07-12 04:53:28.161   506-506   mali_gralloc            and...graphics.allocator-V1-service  V  size=4160512
2025-07-12 04:53:28.161   506-506   mali_gralloc            and...graphics.allocator-V1-service  V  allocate ----------------------------<
2025-07-12 04:53:28.165   715-2287  ActivityManager         system_server                        D  sync unfroze 32116 com.google.android.gms for 6
2025-07-12 04:53:28.165   506-506   mali_gralloc            and...graphics.allocator-V1-service  V  allocate ---------------------------->
2025-07-12 04:53:28.165   506-506   mali_gralloc            and...graphics.allocator-V1-service  V  req_base_format: 0x1
2025-07-12 04:53:28.165   506-506   mali_gralloc            and...graphics.allocator-V1-service  V  Compatible: Base-format: 0x1
2025-07-12 04:53:28.165   506-506   mali_gralloc            and...graphics.allocator-V1-service  E  Feature AFBC_WRITE_NON_SPARSE not found in /vendor/etc/gralloc/capabilities.xml
2025-07-12 04:53:28.165   506-506   mali_gralloc            and...graphics.allocator-V1-service  E  Feature AFBC_TILED_HEADERS not found in /vendor/etc/gralloc/capabilities.xml
2025-07-12 04:53:28.165   506-506   mali_gralloc            and...graphics.allocator-V1-service  E  Feature DISABLED not found in /vendor/etc/gralloc/capabilities.xml
2025-07-12 04:53:28.165   506-506   mali_gralloc            and...graphics.allocator-V1-service  V  Compatible: Base-format: 0x5
2025-07-12 04:53:28.165   506-506   mali_gralloc            and...graphics.allocator-V1-service  V  Plane[0]: [SUB-SAMPLE] w:800, h:1280
2025-07-12 04:53:28.165   506-506   mali_gralloc            and...graphics.allocator-V1-service  V  Plane[0]: [PIXEL_ALIGN] w:0
2025-07-12 04:53:28.165   506-506   mali_gralloc            and...graphics.allocator-V1-service  V  Plane[0]: [LINEAR_TILE] w:1
2025-07-12 04:53:28.165   506-506   mali_gralloc            and...graphics.allocator-V1-service  V  Plane[0]: [AFBC_TILE] w:32, h:8
2025-07-12 04:53:28.165   506-506   mali_gralloc            and...graphics.allocator-V1-service  V  Aligned w=800, h=1280 (in pixels)  usage:0x40000000000b00
2025-07-12 04:53:28.165   506-506   mali_gralloc            and...graphics.allocator-V1-service  V  Byte stride: 3200
2025-07-12 04:53:28.165   506-506   mali_gralloc            and...graphics.allocator-V1-service  V  Pixel stride: 0
2025-07-12 04:53:28.165   506-506   mali_gralloc            and...graphics.allocator-V1-service  V  Body size: 4096000
2025-07-12 04:53:28.165   506-506   mali_gralloc            and...graphics.allocator-V1-service  V  AFBC Header size: 64512
2025-07-12 04:53:28.165   506-506   mali_gralloc            and...graphics.allocator-V1-service  V  size=4160512
2025-07-12 04:53:28.166   506-506   mali_gralloc            and...graphics.allocator-V1-service  V  allocate ----------------------------<
2025-07-12 04:53:28.175 15760-15760 StatsLog                com.android.launcher3                D  LAUNCHER_ONRESUME
2025-07-12 04:53:28.185   715-739   WindowManager           system_server                        V  Sent Transition (#313) createdAt=07-12 04:53:28.072 via request=TransitionRequestInfo { type = TO_BACK, triggerTask = null, pipTask = null, remoteTransition = null, displayChange = null, flags = 260, debugId = 313 }
2025-07-12 04:53:28.185   715-739   WindowManager           system_server                        V      startWCT=WindowContainerTransaction { changes = {} hops = [] errorCallbackToken=null taskFragmentOrganizer=null }
2025-07-12 04:53:28.185   715-739   WindowManager           system_server                        V      info={id=313 t=TO_BACK f=0x104 trk=0 r=[0@Point(0, 0)] c=[
                                                                                                            {WCT{RemoteToken{f2dfacc Task{b3c6f69 #1 type=home}}} m=TO_FRONT f=SHOW_WALLPAPER p=WCT{RemoteToken{ec62115 DefaultTaskDisplayArea@101343766}} leash=Surface(name=Task=1)/@0x23dee6 sb=Rect(0, 0 - 1280, 800) eb=Rect(0, 0 - 1280, 800) d=0 taskParent=-1},
                                                                                                            {WCT{RemoteToken{ec62115 DefaultTaskDisplayArea@101343766}} m=TO_FRONT f=SHOW_WALLPAPER leash=Surface(name=DefaultTaskDisplayArea)/@0x71b941 sb=Rect(0, 0 - 1280, 800) eb=Rect(0, 0 - 1280, 800) d=0}
                                                                                                        ]}
2025-07-12 04:53:28.189   715-2287  ActivityManager         system_server                        D  isBooting mBooting=false
2025-07-12 04:53:28.190   949-2177  WindowManagerShell      com.android.systemui                 V  onTransitionReady(transaction=3070901634692)
2025-07-12 04:53:28.191   949-971   WindowManagerShell      com.android.systemui                 V  onTransitionReady (#313) android.os.BinderProxy@99f2f1e: {id=313 t=TO_BACK f=0x104 trk=0 r=[0@Point(0, 0)] c=[{WCT{android.window.IWindowContainerToken$Stub$Proxy@ebf22b8} m=TO_FRONT f=SHOW_WALLPAPER p=WCT{android.window.IWindowContainerToken$Stub$Proxy@6460891} leash=Surface(name=Task=1)/@0xcd08015 sb=Rect(0, 0 - 1280, 800) eb=Rect(0, 0 - 1280, 800) d=0 taskParent=-1},{WCT{android.window.IWindowContainerToken$Stub$Proxy@39403f6} m=TO_FRONT f=SHOW_WALLPAPER leash=Surface(name=DefaultTaskDisplayArea)/@0x10b1f2a sb=Rect(0, 0 - 1280, 800) eb=Rect(0, 0 - 1280, 800) d=0}]}
2025-07-12 04:53:28.191   949-971   WindowManagerShell      com.android.systemui                 V  Playing animation for (#313) android.os.BinderProxy@99f2f1e@0
2025-07-12 04:53:28.191   949-971   WindowManagerShell      com.android.systemui                 V   try handler com.android.wm.shell.transition.DefaultMixedHandler@3bd9188
2025-07-12 04:53:28.191   949-971   WindowManagerShell      com.android.systemui                 V   try handler com.android.wm.shell.keyguard.KeyguardTransitionHandler@13e9721
2025-07-12 04:53:28.191   949-971   WindowManagerShell      com.android.systemui                 V  start keyguard going-away transition, info = {id=313 t=TO_BACK f=0x104 trk=0 r=[0@Point(0, 0)] c=[{WCT{android.window.IWindowContainerToken$Stub$Proxy@ebf22b8} m=TO_FRONT f=SHOW_WALLPAPER p=WCT{android.window.IWindowContainerToken$Stub$Proxy@6460891} leash=Surface(name=Task=1)/@0xcd08015 sb=Rect(0, 0 - 1280, 800) eb=Rect(0, 0 - 1280, 800) d=0 taskParent=-1},{WCT{android.window.IWindowContainerToken$Stub$Proxy@39403f6} m=TO_FRONT f=SHOW_WALLPAPER leash=Surface(name=DefaultTaskDisplayArea)/@0x10b1f2a sb=Rect(0, 0 - 1280, 800) eb=Rect(0, 0 - 1280, 800) d=0}]}
2025-07-12 04:53:28.192   949-971   KeyguardService         com.android.systemui                 D  Starts IRemoteAnimationRunner: info={id=313 t=TO_BACK f=0x104 trk=0 r=[0@Point(0, 0)] c=[{WCT{android.window.IWindowContainerToken$Stub$Proxy@ebf22b8} m=TO_FRONT f=SHOW_WALLPAPER p=WCT{android.window.IWindowContainerToken$Stub$Proxy@6460891} leash=Surface(name=Task=1)/@0xcd08015 sb=Rect(0, 0 - 1280, 800) eb=Rect(0, 0 - 1280, 800) d=0 taskParent=-1},{WCT{android.window.IWindowContainerToken$Stub$Proxy@39403f6} m=TO_FRONT f=SHOW_WALLPAPER leash=Surface(name=DefaultTaskDisplayArea)/@0x10b1f2a sb=Rect(0, 0 - 1280, 800) eb=Rect(0, 0 - 1280, 800) d=0}]}
2025-07-12 04:53:28.198   949-949   KeyguardViewMediator    com.android.systemui                 D  handleStartKeyguardExitAnimation startTime=0 fadeoutDuration=0
2025-07-12 04:53:28.198   949-971   WindowManagerShell      com.android.systemui                 V   animated by com.android.wm.shell.keyguard.KeyguardTransitionHandler@13e9721
2025-07-12 04:53:28.198   949-949   KeyguardUnlock          com.android.systemui                 D  playCannedUnlockAnimation
2025-07-12 04:53:28.198   949-949   KeyguardUnlock          com.android.systemui                 D  playCannedUnlockAnimation, surfaceBehindEntryAnimator#start
2025-07-12 04:53:28.198   949-949   KeyguardViewMediator    com.android.systemui                 D  KeyguardViewMediator queue processing message: START_KEYGUARD_EXIT_ANIM
2025-07-12 04:53:28.201   715-2719  UserManagerService      system_server                        W  Requested status bar icon for non-badged user 0
2025-07-12 04:53:28.202 32116-32116 BoundBrokerSvc          com.google.android.gms               D  onBind: Intent { act=com.google.android.gms.inappreach.service.START dat=chimera-action:/... cmp=com.google.android.gms/.chimera.GmsApiService }
2025-07-12 04:53:28.202 32116-32116 BoundBrokerSvc          com.google.android.gms               D  Loading bound service for intent: Intent { act=com.google.android.gms.inappreach.service.START dat=chimera-action:/... cmp=com.google.android.gms/.chimera.GmsApiService }
2025-07-12 04:53:28.285   949-949   KeyguardUnlock          com.android.systemui                 D  surfaceBehindEntryAnimator#onAnimationEnd
2025-07-12 04:53:28.285   949-949   KeyguardViewMediator    com.android.systemui                 D  exitKeyguardAndFinishSurfaceBehindRemoteAnimation
2025-07-12 04:53:28.305   949-949   KeyguardViewMediator    com.android.systemui                 D  onKeyguardExitRemoteAnimationFinished#hideKeyguardViewAfterRemoteAnimation
2025-07-12 04:53:28.305   949-1032  FromLocksc...Interactor com.android.systemui                 E  Ignoring startTransition: This interactor asked to transition from LOCKSCREEN -> GONE, but we last transitioned to GONE, not LOCKSCREEN. This should never happen - check currentTransitionInfoInternal or use filterRelevantKeyguardState before starting transitions.
2025-07-12 04:53:28.306   296-310   keystore2               keystore2                            I  system/security/keystore2/src/authorization.rs:128 - on_device_unlocked(user_id=0, password.is_some()=false)
2025-07-12 04:53:28.308   949-1062  KeyguardViewMediator    com.android.systemui                 D  updateActivityLockScreenState(false, false)
2025-07-12 04:53:28.330   949-949   WindowOnBackDispatcher  com.android.systemui                 W  sendCancelIfRunning: isInProgress=false callback=com.android.systemui.statusbar.phone.StatusBarKeyguardViewManager$2@58d4687
2025-07-12 04:53:28.330   715-2719  CoreBackPreview         system_server                        D  Window{a8dadc0 u0 NotificationShade}: Setting back callback null
2025-07-12 04:53:28.330   949-949   CentralSurfaces         com.android.systemui                 D  !shouldBeKeyguard mStatusBarStateController.isKeyguardRequested() false keyguardForDozing false wakeAndUnlocking false isWakingAndOccluded false
2025-07-12 04:53:28.330   949-949   CentralSurfaces         com.android.systemui                 D  hideKeyguardImpl false
2025-07-12 04:53:28.330 15760-15760 OverviewCo...ntObserver com.android.launcher3                I  updateOverviewTargets: mIsHomeDisabled=false, isDefaultHomeNull=false, mIsDefaultHome=true
2025-07-12 04:53:28.330   949-949   SbStateController       com.android.systemui                 D  setState: requested state SHADE!= upcomingState: KEYGUARD. This usually means the status bar state transition was interrupted before the upcoming state could be applied.
2025-07-12 04:53:28.342   949-999   DndTile                 com.android.systemui                 D  mController.getZen() = 0
2025-07-12 04:53:28.342   949-999   DndTile                 com.android.systemui                 D  arg = null, arg instanceof Integer = false
2025-07-12 04:53:28.344   949-949   KeyguardService         com.android.systemui                 D  Finish IRemoteAnimationRunner.
2025-07-12 04:53:28.345   949-971   WindowManagerShell      com.android.systemui                 V  Transition animation finished (aborted=false), notifying core (#313) android.os.BinderProxy@99f2f1e@0
2025-07-12 04:53:28.349   715-715   PowerControllerImpl     system_server                        D  received action1 = android.intent.action.USER_PRESENT
2025-07-12 04:53:28.352   715-739   WindowManager           system_server                        V  Finish Transition (#313): created at 07-12 04:53:28.072 collect-started=0.65ms request-sent=0.822ms started=37.34ms ready=37.263ms sent=110.446ms finished=275.909ms
2025-07-12 04:53:28.355   949-2177  KeyguardService         com.android.systemui                 D  setOccluded(false)
2025-07-12 04:53:28.355   949-2177  KeyguardViewMediator    com.android.systemui                 D  setOccluded(false)
2025-07-12 04:53:28.355   949-971   WindowManagerShell      com.android.systemui                 V  Track 0 became idle
2025-07-12 04:53:28.356   949-971   WindowManagerShell      com.android.systemui                 V  All active transition animations finished
2025-07-12 04:53:28.357   715-2725  UserManagerService      system_server                        W  Requested status bar icon for non-badged user 0
2025-07-12 04:53:28.357   715-1008  AppState                system_server                        D  updateVisibleState: uid:10058 packageName:android.media visible:false
2025-07-12 04:53:28.357   715-1008  AppState                system_server                        D  updateVisibleState: uid:10151 packageName:com.google.android.youtube visible:false
2025-07-12 04:53:28.357   715-1008  AppState                system_server                        D  updateVisibleState: uid:10185 packageName:com.google.android.ext.services visible:false
2025-07-12 04:53:28.357   715-1008  AppState                system_server                        D  updateVisibleState: uid:10124 packageName:com.google.android.googlequicksearchbox visible:false
2025-07-12 04:53:28.357   715-1008  AppState                system_server                        D  updateVisibleState: uid:10104 packageName:com.google.android.apps.googleassistant visible:false
2025-07-12 04:53:28.357   715-1008  AppState                system_server                        D  updateVisibleState: uid:10001 packageName:com.softwinner.aiocr.config visible:false
2025-07-12 04:53:28.357   715-1008  AppState                system_server                        D  updateVisibleState: uid:10110 packageName:com.google.android.onetimeinitializer visible:false
2025-07-12 04:53:28.357   715-1008  AppState                system_server                        D  updateVisibleState: uid:10180 packageName:com.google.android.federatedcompute visible:false
2025-07-12 04:53:28.357   715-1008  AppState                system_server                        D  updateVisibleState: uid:10003 packageName:com.softwinner.camera2.config visible:false
2025-07-12 04:53:28.357   715-1008  AppState                system_server                        D  updateVisibleState: uid:10075 packageName:com.softwinner.awlogsettings visible:false
2025-07-12 04:53:28.357   715-1008  AppState                system_server                        D  updateVisibleState: uid:10061 packageName:com.android.externalstorage visible:false
2025-07-12 04:53:28.357   715-1008  AppState                system_server                        D  updateVisibleState: uid:10127 packageName:com.google.android.calendar.uid.shared visible:false
2025-07-12 04:53:28.357   715-1008  AppState                system_server                        D  updateVisibleState: uid:10169 packageName:com.google.android.health.connect.backuprestore visible:false
2025-07-12 04:53:28.357   715-1008  AppState                system_server                        D  updateVisibleState: uid:10119 packageName:com.google.android.apps.messaging visible:false
2025-07-12 04:53:28.357   715-1008  AppState                system_server                        D  updateVisibleState: uid:10008 packageName:com.softwinner.awposture.config visible:false
2025-07-12 04:53:28.358   715-1008  AppState                system_server                        D  updateVisibleState: uid:10083 packageName:com.softwinner.dragonatt visible:false
2025-07-12 04:53:28.358   715-1008  AppState                system_server                        D  updateVisibleState: uid:10199 packageName:com.dollargeneral.palletmanager visible:false
2025-07-12 04:53:28.358   715-1008  AppState                system_server                        D  updateVisibleState: uid:10163 packageName:android.uid.systemui visible:false
2025-07-12 04:53:28.358   715-1008  AppState                system_server                        D  updateVisibleState: uid:10105 packageName:com.google.android.configupdater visible:false
2025-07-12 04:53:28.358   715-1008  AppState                system_server                        D  updateVisibleState: uid:10175 packageName:com.google.android.providers.media.module visible:false
2025-07-12 04:53:28.359   715-1008  AppState                system_server                        D  updateVisibleState: uid:10115 packageName:com.google.android.apps.safetyhub visible:false
2025-07-12 04:53:28.359   715-1008  AppState                system_server                        D  updateVisibleState: uid:10121 packageName:com.android.vending visible:false
2025-07-12 04:53:28.359   715-1008  AppState                system_server                        D  updateVisibleState: uid:10188 packageName:com.google.android.adservices.api visible:false
2025-07-12 04:53:28.359   715-1008  AppState                system_server                        D  updateVisibleState: uid:10152 packageName:com.google.android.marvin.talkback visible:false
2025-07-12 04:53:28.359   715-1008  AppState                system_server                        D  updateVisibleState: uid:10157 packageName:com.softwinner.settingssetup visible:false
2025-07-12 04:53:28.359   715-1008  AppState                system_server                        D  updateVisibleState: uid:10158 packageName:com.android.launcher3 visible:true
2025-07-12 04:53:28.359   715-1008  AppState                system_server                        D  updateVisibleState: uid:10125 packageName:com.google.android.deskclock visible:false
2025-07-12 04:53:28.359   715-1008  AppState                system_server                        D  updateVisibleState: uid:10095 packageName:com.softwinner.timerswitch visible:false
2025-07-12 04:53:28.360   715-1008  AppState                system_server                        D  updateVisibleState: uid:10109 packageName:com.google.android.as visible:false
2025-07-12 04:53:28.360   715-1008  AppState                system_server                        D  updateVisibleState: uid:10137 packageName:com.google.android.gm visible:false
2025-07-12 04:53:28.360   715-1008  AppState                system_server                        D  updateVisibleState: uid:10142 packageName:com.google.android.apps.tachyon visible:false
2025-07-12 04:53:28.360   715-1008  AppState                system_server                        D  updateVisibleState: uid:10117 packageName:com.android.settings.intelligence visible:false
2025-07-12 04:53:28.360   715-1008  AppState                system_server                        D  updateVisibleState: uid:10092 packageName:com.softwinner.qrscanner visible:false
2025-07-12 04:53:28.360   715-1008  AppState                system_server                        D  updateVisibleState: uid:10057 packageName:com.djgd.testmode visible:false
2025-07-12 04:53:28.360   715-1008  AppState                system_server                        D  updateVisibleState: uid:10167 packageName:com.android.systemui.accessibility.accessibilitymenu visible:false
2025-07-12 04:53:28.361   715-1008  AppState                system_server                        D  updateVisibleState: uid:10178 packageName:com.google.android.permissioncontroller visible:false
2025-07-12 04:53:28.361   715-1008  AppState                system_server                        D  updateVisibleState: uid:10162 packageName:com.google.android.setupwizard visible:false
2025-07-12 04:53:28.361   715-1008  AppState                system_server                        D  updateVisibleState: uid:10091 packageName:com.android.printspooler visible:false
2025-07-12 04:53:28.361   715-1008  AppState                system_server                        D  updateVisibleState: uid:10116 packageName:com.google.android.as.oss visible:false
2025-07-12 04:53:28.361   715-1008  AppState                system_server                        D  updateVisibleState: uid:10122 packageName:com.google.android.apps.wellbeing visible:false
2025-07-12 04:53:28.361   715-1008  AppState                system_server                        D  updateVisibleState: uid:10170 packageName:com.android.rkpdapp visible:false
2025-07-12 04:53:28.361   715-1008  AppState                system_server                        D  updateVisibleState: uid:10112 packageName:com.google.android.apps.nbu.files visible:false
2025-07-12 04:53:28.362   715-1008  AppState                system_server                        D  updateVisibleState: uid:10049 packageName:android.auto_generated_characteristics_rro visible:false
2025-07-12 04:53:28.362   715-1008  AppState                system_server                        D  updateVisibleState: uid:0 packageName:android.uid.se visible:false
2025-07-12 04:53:28.362   715-1008  AppState                system_server                        D  updateVisibleState: uid:10103 packageName:com.google.ambient.streaming visible:false
2025-07-12 04:53:28.362   715-1008  AppState                system_server                        D  updateVisibleState: uid:10192 packageName:com.google.android.apps.bard visible:false
2025-07-12 04:53:28.362   715-1008  AppState                system_server                        D  updateVisibleState: uid:10131 packageName:com.google.android.apps.docs visible:false
2025-07-12 04:53:28.362   715-1008  AppState                system_server                        D  updateVisibleState: uid:10144 packageName:com.google.android.apps.maps visible:false
2025-07-12 04:53:28.362   715-1008  AppState                system_server                        D  updateVisibleState: uid:10066 packageName:com.google.android.apps.kids.home visible:false
2025-07-12 04:53:28.362   715-1008  AppState                system_server                        D  updateVisibleState: uid:10143 packageName:com.google.android.webview visible:false
2025-07-12 04:53:28.362   715-1008  AppState                system_server                        D  updateVisibleState: uid:0 packageName:android.uid.bluetooth visible:false
2025-07-12 04:53:28.362   715-1008  AppState                system_server                        D  updateVisibleState: uid:10123 packageName:com.google.uid.shared visible:false
2025-07-12 04:53:28.363   715-1008  AppState                system_server                        D  updateVisibleState: uid:10132 packageName:com.google.android.contacts visible:false
2025-07-12 04:53:28.363   715-1008  AppState                system_server                        D  updateVisibleState: uid:10129 packageName:com.android.chrome visible:false
2025-07-12 04:53:28.363   715-1008  AppState                system_server                        D  updateVisibleState: uid:10059 packageName:com.softwinner.runin.share visible:false
2025-07-12 04:53:28.363   715-1008  AppState                system_server                        D  updateVisibleState: uid:10062 packageName:com.google.android.packageinstaller visible:false
2025-07-12 04:53:28.363   715-1008  AppState                system_server                        D  updateVisibleState: uid:10138 packageName:com.google.android.tts visible:false
2025-07-12 04:53:28.363   715-1008  AppState                system_server                        D  updateVisibleState: uid:10111 packageName:com.google.android.partnersetup visible:false
2025-07-12 04:53:28.363   715-1008  AppState                system_server                        D  updateVisibleState: uid:10145 packageName:com.google.android.videos visible:false
2025-07-12 04:53:28.363   715-1008  AppState                system_server                        D  updateVisibleState: uid:10089 packageName:com.clock.pt1.keeptesting visible:false
2025-07-12 04:53:28.363   715-1008  AppState                system_server                        D  updateVisibleState: uid:10051 packageName:android.uid.shared visible:false
2025-07-12 04:53:28.363   715-1008  AppState                system_server                        D  updateVisibleState: uid:10102 packageName:com.google.android.apps.photos visible:false
2025-07-12 04:53:28.364   715-1008  AppState                system_server                        D  updateVisibleState: uid:10002 packageName:com.softwinner.theme.icon.circle visible:false
2025-07-12 04:53:28.364   715-1008  AppState                system_server                        D  updateVisibleState: uid:10067 packageName:com.android.managedprovisioning visible:false
2025-07-12 04:53:28.364   715-1008  AppState                system_server                        D  updateVisibleState: uid:10076 packageName:com.softwinner.awsysteminfo visible:false
2025-07-12 04:53:28.364   715-1008  AppState                system_server                        D  updateVisibleState: uid:10063 packageName:com.google.android.documentsui visible:false
2025-07-12 04:53:28.364   715-1008  AppState                system_server                        D  updateVisibleState: uid:10141 packageName:com.google.android.accessibility.switchaccess visible:false
2025-07-12 04:53:28.364   715-1008  AppState                system_server                        D  updateVisibleState: uid:0 packageName:android.uid.phone visible:false
2025-07-12 04:53:28.364   715-1008  AppState                system_server                        D  updateVisibleState: uid:2000 packageName:android.uid.shell visible:false
2025-07-12 04:53:28.364   715-1008  AppState                system_server                        D  updateVisibleState: uid:10005 packageName:com.softwinner.theme.icon.teardrop visible:false
2025-07-12 04:53:28.365   715-1008  AppState                system_server                        D  updateVisibleState: uid:10135 packageName:com.allwinnertech.packageoverride visible:false
2025-07-12 04:53:28.365   715-1008  AppState                system_server                        D  updateVisibleState: uid:10166 packageName:com.android.providers.partnerbookmarks visible:false
2025-07-12 04:53:28.365   715-1008  AppState                system_server                        D  updateVisibleState: uid:10055 packageName:android.uid.calendar visible:false
2025-07-12 04:53:28.365   715-1008  AppState                system_server                        D  updateVisibleState: uid:10168 packageName:com.google.android.healthconnect.controller visible:false
2025-07-12 04:53:28.365   715-1008  AppState                system_server                        D  updateVisibleState: uid:10004 packageName:com.softwinner.theme.icon.square visible:false
2025-07-12 04:53:28.365   715-1008  AppState                system_server                        D  updateVisibleState: uid:10164 packageName:com.softwinner.android.gmsintegration visible:false
2025-07-12 04:53:28.366   715-1008  AppState                system_server                        D  updateVisibleState: uid:10118 packageName:com.google.android.apps.turbo visible:false
2025-07-12 04:53:28.366   715-1008  AppState                system_server                        D  updateVisibleState: uid:10128 packageName:com.dajingtech.update visible:false
2025-07-12 04:53:28.366   715-1008  AppState                system_server                        D  updateVisibleState: uid:10133 packageName:com.google.android.keep visible:false
2025-07-12 04:53:28.366   715-1008  AppState                system_server                        D  updateVisibleState: uid:10100 packageName:com.android.wallpaperbackup visible:false
2025-07-12 04:53:28.366   715-1008  AppState                system_server                        D  updateVisibleState: uid:10006 packageName:com.softwinner.theme.icon.squircle visible:false
2025-07-12 04:53:28.366   715-1008  AppState                system_server                        D  updateVisibleState: uid:10107 packageName:com.google.android.apps.carrier.carrierwifi visible:false
2025-07-12 04:53:28.366   715-1008  AppState                system_server                        D  updateVisibleState: uid:10007 packageName:com.softwinner.pclauncher.system_overlay visible:false
2025-07-12 04:53:28.366   715-1008  AppState                system_server                        D  updateVisibleState: uid:10179 packageName:com.google.android.ondevicepersonalization.services visible:false
2025-07-12 04:53:28.367   715-1008  AppState                system_server                        D  updateVisibleState: uid:10147 packageName:com.google.android.apps.youtube.music visible:false
2025-07-12 04:53:28.367   715-1008  AppState                system_server                        D  updateVisibleState: uid:10098 packageName:com.softwinner.update visible:false
2025-07-12 04:53:28.367   715-1008  AppState                system_server                        D  updateVisibleState: uid:10097 packageName:com.android.traceur visible:false
2025-07-12 04:53:28.367   715-1008  AppState                system_server                        D  updateVisibleState: uid:10176 packageName:com.google.android.cellbroadcastreceiver visible:false
2025-07-12 04:53:28.367   715-1008  AppState                system_server                        D  updateVisibleState: uid:10048 packageName:android.auto_generated_rro_product__ visible:false
2025-07-12 04:53:28.367   715-1008  AppState                system_server                        D  updateVisibleState: uid:10120 packageName:com.google.android.apps.accessibility.voiceaccess.uid visible:false
2025-07-12 04:53:28.367   715-1008  AppState                system_server                        D  updateVisibleState: uid:10156 packageName:com.android.emergency.uid visible:false
2025-07-12 04:53:28.367   715-1008  AppState                system_server                        D  updateVisibleState: uid:10190 packageName:com.android.devicelockcontroller visible:false
2025-07-12 04:53:28.368   715-1008  AppState                system_server                        D  updateVisibleState: uid:10174 packageName:com.google.android.photopicker visible:false
2025-07-12 04:53:28.368   715-1008  AppState                system_server                        D  updateVisibleState: uid:10134 packageName:com.google.android.inputmethod.latin visible:false
2025-07-12 04:53:28.368   715-1008  AppState                system_server                        D  updateVisibleState: uid:10050 packageName:android.auto_generated_rro_vendor__ visible:false
2025-07-12 04:53:28.368   715-1008  AppState                system_server                        D  updateVisibleState: uid:10114 packageName:com.google.android.apps.restore visible:false
2025-07-12 04:53:28.408   506-506   mali_gralloc            and...graphics.allocator-V1-service  V  allocate ---------------------------->
2025-07-12 04:53:28.408   506-506   mali_gralloc            and...graphics.allocator-V1-service  V  Producer or consumer not identified.
2025-07-12 04:53:28.408   506-506   mali_gralloc            and...graphics.allocator-V1-service  V  req_base_format: 0x1
2025-07-12 04:53:28.408   506-506   mali_gralloc            and...graphics.allocator-V1-service  V  Compatible: Base-format: 0x1
2025-07-12 04:53:28.408   506-506   mali_gralloc            and...graphics.allocator-V1-service  V  Compatible: Base-format: 0x5
2025-07-12 04:53:28.408   506-506   mali_gralloc            and...graphics.allocator-V1-service  V  Aligned w=29, h=31 (in pixels)  usage:0x20000100
2025-07-12 04:53:28.408   506-506   mali_gralloc            and...graphics.allocator-V1-service  V  Byte stride: 128
2025-07-12 04:53:28.408   506-506   mali_gralloc            and...graphics.allocator-V1-service  V  Pixel stride: 0
2025-07-12 04:53:28.408   506-506   mali_gralloc            and...graphics.allocator-V1-service  V  Body size: 3968
2025-07-12 04:53:28.408   506-506   mali_gralloc            and...graphics.allocator-V1-service  V  AFBC Header size: 0
2025-07-12 04:53:28.408   506-506   mali_gralloc            and...graphics.allocator-V1-service  V  size=3968
2025-07-12 04:53:28.409   506-506   mali_gralloc            and...graphics.allocator-V1-service  V  allocate ----------------------------<
2025-07-12 04:53:28.437   715-2719  ImeTracker              system_server                        I  com.android.launcher3:d44eeb19: onRequestHide at ORIGIN_SERVER reason HIDE_UNSPECIFIED_WINDOW fromUser false
2025-07-12 04:53:28.438   715-2719  ImeTracker              system_server                        I  com.android.launcher3:d44eeb19: onCancelled at PHASE_SERVER_SHOULD_HIDE
2025-07-12 04:53:28.441 31869-31869 GoogleInpu...hodService com...gle.android.inputmethod.latin  I  GoogleInputMethodService.onStartInput():1311 onStartInput(EditorInfo{EditorInfo{packageName=com.android.launcher3, inputType=0, inputTypeString=NULL, enableLearning=false, autoCorrection=false, autoComplete=false, imeOptions=0, privateImeOptions=null, actionName=UNSPECIFIED, actionLabel=null, initialSelStart=-1, initialSelEnd=-1, initialCapsMode=0, label=null, fieldId=0, fieldName=null, extras=null, hintText=null, hintLocales=[]}}, false)
2025-07-12 04:53:28.443 31869-31869 Module                  com...gle.android.inputmethod.latin  I  DeviceLockedStatusModuleProvider$Module.updateDeviceLockedStatus():100 repeatCheckTimes = 1, locked = false
2025-07-12 04:53:28.445   506-506   mali_gralloc            and...graphics.allocator-V1-service  V  allocate ---------------------------->
2025-07-12 04:53:28.445   506-506   mali_gralloc            and...graphics.allocator-V1-service  V  req_base_format: 0x1
2025-07-12 04:53:28.445   506-506   mali_gralloc            and...graphics.allocator-V1-service  V  Compatible: Base-format: 0x1
2025-07-12 04:53:28.445   506-506   mali_gralloc            and...graphics.allocator-V1-service  E  Feature AFBC_WRITE_NON_SPARSE not found in /vendor/etc/gralloc/capabilities.xml
2025-07-12 04:53:28.445   506-506   mali_gralloc            and...graphics.allocator-V1-service  E  Feature AFBC_TILED_HEADERS not found in /vendor/etc/gralloc/capabilities.xml
2025-07-12 04:53:28.445   506-506   mali_gralloc            and...graphics.allocator-V1-service  E  Feature DISABLED not found in /vendor/etc/gralloc/capabilities.xml
2025-07-12 04:53:28.445   506-506   mali_gralloc            and...graphics.allocator-V1-service  V  Compatible: Base-format: 0x5
2025-07-12 04:53:28.445   506-506   mali_gralloc            and...graphics.allocator-V1-service  V  Plane[0]: [SUB-SAMPLE] w:800, h:1280
2025-07-12 04:53:28.445   506-506   mali_gralloc            and...graphics.allocator-V1-service  V  Plane[0]: [PIXEL_ALIGN] w:0
2025-07-12 04:53:28.445   506-506   mali_gralloc            and...graphics.allocator-V1-service  V  Plane[0]: [LINEAR_TILE] w:1
2025-07-12 04:53:28.445   506-506   mali_gralloc            and...graphics.allocator-V1-service  V  Plane[0]: [AFBC_TILE] w:32, h:8
2025-07-12 04:53:28.445   506-506   mali_gralloc            and...graphics.allocator-V1-service  V  Aligned w=800, h=1280 (in pixels)  usage:0x40000000000b00
2025-07-12 04:53:28.446   506-506   mali_gralloc            and...graphics.allocator-V1-service  V  Byte stride: 3200
2025-07-12 04:53:28.446   506-506   mali_gralloc            and...graphics.allocator-V1-service  V  Pixel stride: 0
2025-07-12 04:53:28.446   506-506   mali_gralloc            and...graphics.allocator-V1-service  V  Body size: 4096000
2025-07-12 04:53:28.446   506-506   mali_gralloc            and...graphics.allocator-V1-service  V  AFBC Header size: 64512
2025-07-12 04:53:28.446   506-506   mali_gralloc            and...graphics.allocator-V1-service  V  size=4160512
2025-07-12 04:53:28.447   715-2719  PackageConfigPersister  system_server                        W  App-specific configuration not found for packageName: com.android.launcher3 and userId: 0
2025-07-12 04:53:28.447   506-506   mali_gralloc            and...graphics.allocator-V1-service  V  allocate ----------------------------<
2025-07-12 04:53:28.447   506-506   mali_gralloc            and...graphics.allocator-V1-service  V  allocate ---------------------------->
2025-07-12 04:53:28.447   506-506   mali_gralloc            and...graphics.allocator-V1-service  V  Producer or consumer not identified.
2025-07-12 04:53:28.447   506-506   mali_gralloc            and...graphics.allocator-V1-service  V  req_base_format: 0x1
2025-07-12 04:53:28.447   506-506   mali_gralloc            and...graphics.allocator-V1-service  V  Compatible: Base-format: 0x1
2025-07-12 04:53:28.447   506-506   mali_gralloc            and...graphics.allocator-V1-service  V  Compatible: Base-format: 0x5
2025-07-12 04:53:28.447   506-506   mali_gralloc            and...graphics.allocator-V1-service  V  Aligned w=29, h=31 (in pixels)  usage:0x20000100
2025-07-12 04:53:28.447   506-506   mali_gralloc            and...graphics.allocator-V1-service  V  Byte stride: 128
2025-07-12 04:53:28.447   506-506   mali_gralloc            and...graphics.allocator-V1-service  V  Pixel stride: 0
2025-07-12 04:53:28.447   506-506   mali_gralloc            and...graphics.allocator-V1-service  V  Body size: 3968
2025-07-12 04:53:28.447   506-506   mali_gralloc            and...graphics.allocator-V1-service  V  AFBC Header size: 0
2025-07-12 04:53:28.447   506-506   mali_gralloc            and...graphics.allocator-V1-service  V  size=3968
2025-07-12 04:53:28.448   506-506   mali_gralloc            and...graphics.allocator-V1-service  V  allocate ----------------------------<
2025-07-12 04:53:28.450   506-506   mali_gralloc            and...graphics.allocator-V1-service  V  allocate ---------------------------->
2025-07-12 04:53:28.451   506-506   mali_gralloc            and...graphics.allocator-V1-service  V  Producer or consumer not identified.
2025-07-12 04:53:28.451   506-506   mali_gralloc            and...graphics.allocator-V1-service  V  req_base_format: 0x1
2025-07-12 04:53:28.451   506-506   mali_gralloc            and...graphics.allocator-V1-service  V  Compatible: Base-format: 0x1
2025-07-12 04:53:28.451   506-506   mali_gralloc            and...graphics.allocator-V1-service  V  Compatible: Base-format: 0x5
2025-07-12 04:53:28.451   506-506   mali_gralloc            and...graphics.allocator-V1-service  V  Aligned w=29, h=31 (in pixels)  usage:0x20000100
2025-07-12 04:53:28.451   506-506   mali_gralloc            and...graphics.allocator-V1-service  V  Byte stride: 128
2025-07-12 04:53:28.451   506-506   mali_gralloc            and...graphics.allocator-V1-service  V  Pixel stride: 0
2025-07-12 04:53:28.451   506-506   mali_gralloc            and...graphics.allocator-V1-service  V  Body size: 3968
2025-07-12 04:53:28.451   506-506   mali_gralloc            and...graphics.allocator-V1-service  V  AFBC Header size: 0
2025-07-12 04:53:28.451   506-506   mali_gralloc            and...graphics.allocator-V1-service  V  size=3968
2025-07-12 04:53:28.451   506-506   mali_gralloc            and...graphics.allocator-V1-service  V  allocate ----------------------------<
