2025-07-12 04:53:28.454   506-506   mali_gralloc            and...graphics.allocator-V1-service  V  allocate ---------------------------->
2025-07-12 04:53:28.454   506-506   mali_gralloc            and...graphics.allocator-V1-service  V  Producer or consumer not identified.
2025-07-12 04:53:28.454   506-506   mali_gralloc            and...graphics.allocator-V1-service  V  req_base_format: 0x1
2025-07-12 04:53:28.454   506-506   mali_gralloc            and...graphics.allocator-V1-service  V  Compatible: Base-format: 0x1
2025-07-12 04:53:28.454   506-506   mali_gralloc            and...graphics.allocator-V1-service  V  Compatible: Base-format: 0x5
2025-07-12 04:53:28.454   506-506   mali_gralloc            and...graphics.allocator-V1-service  V  Aligned w=29, h=31 (in pixels)  usage:0x20000100
2025-07-12 04:53:28.454   506-506   mali_gralloc            and...graphics.allocator-V1-service  V  Byte stride: 128
2025-07-12 04:53:28.454   506-506   mali_gralloc            and...graphics.allocator-V1-service  V  Pixel stride: 0
2025-07-12 04:53:28.454   506-506   mali_gralloc            and...graphics.allocator-V1-service  V  Body size: 3968
2025-07-12 04:53:28.454   506-506   mali_gralloc            and...graphics.allocator-V1-service  V  AFBC Header size: 0
2025-07-12 04:53:28.454   506-506   mali_gralloc            and...graphics.allocator-V1-service  V  size=3968
2025-07-12 04:53:28.455   506-506   mali_gralloc            and...graphics.allocator-V1-service  V  allocate ----------------------------<
2025-07-12 04:53:28.457   506-506   mali_gralloc            and...graphics.allocator-V1-service  V  allocate ---------------------------->
2025-07-12 04:53:28.457   506-506   mali_gralloc            and...graphics.allocator-V1-service  V  req_base_format: 0x1
2025-07-12 04:53:28.457   506-506   mali_gralloc            and...graphics.allocator-V1-service  V  Compatible: Base-format: 0x1
2025-07-12 04:53:28.457   506-506   mali_gralloc            and...graphics.allocator-V1-service  E  Feature AFBC_WRITE_NON_SPARSE not found in /vendor/etc/gralloc/capabilities.xml
2025-07-12 04:53:28.457   506-506   mali_gralloc            and...graphics.allocator-V1-service  E  Feature AFBC_TILED_HEADERS not found in /vendor/etc/gralloc/capabilities.xml
2025-07-12 04:53:28.457   506-506   mali_gralloc            and...graphics.allocator-V1-service  E  Feature DISABLED not found in /vendor/etc/gralloc/capabilities.xml
2025-07-12 04:53:28.457   506-506   mali_gralloc            and...graphics.allocator-V1-service  V  Compatible: Base-format: 0x5
2025-07-12 04:53:28.457   506-506   mali_gralloc            and...graphics.allocator-V1-service  V  Plane[0]: [SUB-SAMPLE] w:800, h:1280
2025-07-12 04:53:28.457   506-506   mali_gralloc            and...graphics.allocator-V1-service  V  Plane[0]: [PIXEL_ALIGN] w:0
2025-07-12 04:53:28.457   506-506   mali_gralloc            and...graphics.allocator-V1-service  V  Plane[0]: [LINEAR_TILE] w:1
2025-07-12 04:53:28.457   506-506   mali_gralloc            and...graphics.allocator-V1-service  V  Plane[0]: [AFBC_TILE] w:32, h:8
2025-07-12 04:53:28.457   506-506   mali_gralloc            and...graphics.allocator-V1-service  V  Aligned w=800, h=1280 (in pixels)  usage:0x40000000000b00
2025-07-12 04:53:28.457   506-506   mali_gralloc            and...graphics.allocator-V1-service  V  Byte stride: 3200
2025-07-12 04:53:28.457   506-506   mali_gralloc            and...graphics.allocator-V1-service  V  Pixel stride: 0
2025-07-12 04:53:28.457   506-506   mali_gralloc            and...graphics.allocator-V1-service  V  Body size: 4096000
2025-07-12 04:53:28.457   506-506   mali_gralloc            and...graphics.allocator-V1-service  V  AFBC Header size: 64512
2025-07-12 04:53:28.457   506-506   mali_gralloc            and...graphics.allocator-V1-service  V  size=4160512
2025-07-12 04:53:28.461   506-506   mali_gralloc            and...graphics.allocator-V1-service  V  allocate ----------------------------<
2025-07-12 04:53:28.463   506-506   mali_gralloc            and...graphics.allocator-V1-service  V  allocate ---------------------------->
2025-07-12 04:53:28.463   506-506   mali_gralloc            and...graphics.allocator-V1-service  V  Producer or consumer not identified.
2025-07-12 04:53:28.463   506-506   mali_gralloc            and...graphics.allocator-V1-service  V  req_base_format: 0x1
2025-07-12 04:53:28.463   506-506   mali_gralloc            and...graphics.allocator-V1-service  V  Compatible: Base-format: 0x1
2025-07-12 04:53:28.463   506-506   mali_gralloc            and...graphics.allocator-V1-service  V  Compatible: Base-format: 0x5
2025-07-12 04:53:28.463   506-506   mali_gralloc            and...graphics.allocator-V1-service  V  Aligned w=29, h=31 (in pixels)  usage:0x20000100
2025-07-12 04:53:28.463   506-506   mali_gralloc            and...graphics.allocator-V1-service  V  Byte stride: 128
2025-07-12 04:53:28.463   506-506   mali_gralloc            and...graphics.allocator-V1-service  V  Pixel stride: 0
2025-07-12 04:53:28.463   506-506   mali_gralloc            and...graphics.allocator-V1-service  V  Body size: 3968
2025-07-12 04:53:28.463   506-506   mali_gralloc            and...graphics.allocator-V1-service  V  AFBC Header size: 0
2025-07-12 04:53:28.463   506-506   mali_gralloc            and...graphics.allocator-V1-service  V  size=3968
2025-07-12 04:53:28.464   506-506   mali_gralloc            and...graphics.allocator-V1-service  V  allocate ----------------------------<
2025-07-12 04:53:28.467   506-506   mali_gralloc            and...graphics.allocator-V1-service  V  allocate ---------------------------->
2025-07-12 04:53:28.467   506-506   mali_gralloc            and...graphics.allocator-V1-service  V  Producer or consumer not identified.
2025-07-12 04:53:28.467   506-506   mali_gralloc            and...graphics.allocator-V1-service  V  req_base_format: 0x1
2025-07-12 04:53:28.467   506-506   mali_gralloc            and...graphics.allocator-V1-service  V  Compatible: Base-format: 0x1
2025-07-12 04:53:28.467   506-506   mali_gralloc            and...graphics.allocator-V1-service  V  Compatible: Base-format: 0x5
2025-07-12 04:53:28.467   506-506   mali_gralloc            and...graphics.allocator-V1-service  V  Aligned w=29, h=31 (in pixels)  usage:0x20000100
2025-07-12 04:53:28.467   506-506   mali_gralloc            and...graphics.allocator-V1-service  V  Byte stride: 128
2025-07-12 04:53:28.467   506-506   mali_gralloc            and...graphics.allocator-V1-service  V  Pixel stride: 0
2025-07-12 04:53:28.467   506-506   mali_gralloc            and...graphics.allocator-V1-service  V  Body size: 3968
2025-07-12 04:53:28.467   506-506   mali_gralloc            and...graphics.allocator-V1-service  V  AFBC Header size: 0
2025-07-12 04:53:28.467   506-506   mali_gralloc            and...graphics.allocator-V1-service  V  size=3968
2025-07-12 04:53:28.467   506-506   mali_gralloc            and...graphics.allocator-V1-service  V  allocate ----------------------------<
2025-07-12 04:53:28.482   949-949   KeyguardViewMediator    com.android.systemui                 D  handleSetOccluded(false)
2025-07-12 04:53:28.482   715-2287  SystemServerTiming      system_server                        D  getUserSwitchability-0
2025-07-12 04:53:28.482   715-2287  SystemServerTiming      system_server                        D  TM.isInCall
2025-07-12 04:53:28.482   715-2287  SystemServerTiming      system_server                        D  hasUserRestriction-DISALLOW_USER_SWITCH
2025-07-12 04:53:28.482   949-949   KeyguardViewMediator    com.android.systemui                 D  KeyguardViewMediator queue processing message: SET_OCCLUDED
2025-07-12 04:53:28.482   715-2287  SystemServerTiming      system_server                        D  getInt-ALLOW_USER_SWITCHING_WHEN_SYSTEM_USER_LOCKED
2025-07-12 04:53:28.482   715-2287  SystemServerTiming      system_server                        D  isUserUnlocked-USER_SYSTEM
2025-07-12 04:53:28.489   715-2719  UserManagerService      system_server                        W  Requested status bar icon for non-badged user 0
2025-07-12 04:53:28.496   715-2719  UserManagerService      system_server                        W  Requested status bar icon for non-badged user 0
2025-07-12 04:53:28.503   715-2719  UserManagerService      system_server                        W  Requested status bar icon for non-badged user 0
2025-07-12 04:53:28.558   715-1008  PowerContr...r.AppState system_server                        D  - reportAppProcStateInfo() E -
2025-07-12 04:53:28.603   715-2725  SystemServerTiming      system_server                        D  getUserSwitchability-0
2025-07-12 04:53:28.603   715-2725  SystemServerTiming      system_server                        D  TM.isInCall
2025-07-12 04:53:28.603   715-2725  SystemServerTiming      system_server                        D  hasUserRestriction-DISALLOW_USER_SWITCH
2025-07-12 04:53:28.603   715-2725  SystemServerTiming      system_server                        D  getInt-ALLOW_USER_SWITCHING_WHEN_SYSTEM_USER_LOCKED
2025-07-12 04:53:28.603   715-2725  SystemServerTiming      system_server                        D  isUserUnlocked-USER_SYSTEM
2025-07-12 04:53:28.628   949-999   ControlsLi...rollerImpl com.android.systemui                 D  Unsubscribing callback
2025-07-12 04:53:28.631   949-999   ControlsLi...rollerImpl com.android.systemui                 D  Unsubscribing callback
2025-07-12 04:53:28.647   949-999   ControlsLi...rollerImpl com.android.systemui                 D  Unsubscribing callback
2025-07-12 04:53:28.650   949-949   com.androi...intingView com.android.systemui                 E  Trying to delete a non-existent char
2025-07-12 04:53:28.657   949-949   com.androi...intingView com.android.systemui                 E  Trying to delete a non-existent char
2025-07-12 04:53:28.667   949-949   com.androi...intingView com.android.systemui                 E  Trying to delete a non-existent char
2025-07-12 04:53:28.667   949-949   com.androi...intingView com.android.systemui                 E  Trying to delete a non-existent char
2025-07-12 04:53:28.678   715-2725  SystemServerTiming      system_server                        D  getUserSwitchability-0
2025-07-12 04:53:28.678   715-2725  SystemServerTiming      system_server                        D  TM.isInCall
2025-07-12 04:53:28.678   715-2725  SystemServerTiming      system_server                        D  hasUserRestriction-DISALLOW_USER_SWITCH
2025-07-12 04:53:28.678   715-2725  SystemServerTiming      system_server                        D  getInt-ALLOW_USER_SWITCHING_WHEN_SYSTEM_USER_LOCKED
2025-07-12 04:53:28.678   715-2725  SystemServerTiming      system_server                        D  isUserUnlocked-USER_SYSTEM
2025-07-12 04:53:28.685   715-2725  SystemServerTiming      system_server                        D  getUserSwitchability-0
2025-07-12 04:53:28.686   715-2725  SystemServerTiming      system_server                        D  TM.isInCall
2025-07-12 04:53:28.686   715-2725  SystemServerTiming      system_server                        D  hasUserRestriction-DISALLOW_USER_SWITCH
2025-07-12 04:53:28.686   715-2725  SystemServerTiming      system_server                        D  getInt-ALLOW_USER_SWITCHING_WHEN_SYSTEM_USER_LOCKED
2025-07-12 04:53:28.687   715-2725  SystemServerTiming      system_server                        D  isUserUnlocked-USER_SYSTEM
2025-07-12 04:53:28.854  8932-29284 NearbySharing           com.google.android.gms.persistent    I  Screen is unlocked
2025-07-12 04:53:28.854  8932-29284 NearbySharing           com.google.android.gms.persistent    I  Uwb feature is off.
2025-07-12 04:53:28.854  8932-29284 NearbySharing           com.google.android.gms.persistent    I  Uwb feature is off.
2025-07-12 04:53:28.854  8932-29284 NearbySharing           com.google.android.gms.persistent    I  Stopping scanning because Bluetooth is disabled.
2025-07-12 04:53:28.856  8932-29284 NearbySharing           com.google.android.gms.persistent    I  Stopping Fast Init advertisement because Bluetooth is off.
2025-07-12 04:53:28.857  8932-29284 NearbySharing           com.google.android.gms.persistent    I  Stopping advertising because Bluetooth is disabled.
2025-07-12 04:53:28.880  8932-29284 NearbySharing           com.google.android.gms.persistent    I  Starting scanning for Fast Initiation.
2025-07-12 04:53:28.882  8932-29284 BluetoothAdapter        com.google.android.gms.persistent    D  isLeEnabled(): BLE_ON
2025-07-12 04:53:28.885  7308-7324  bt_shim_scanner         com.android.bluetooth                I  system/main/shim/le_scanning_manager.cc:166 RegisterScanner: in shim layer
2025-07-12 04:53:28.886  8932-24821 BluetoothLeScanner      com.google.android.gms.persistent    D  onScannerRegistered() - status=0 scannerId=1 mScannerId=0
2025-07-12 04:53:28.894  8932-29284 NearbySharing           com.google.android.gms.persistent    I  Started scanning for FastInitiation with mode: SCAN_MODE_OPPORTUNISTIC
2025-07-12 04:53:28.902  8932-29284 NearbySharing           com.google.android.gms.persistent    I  Fast Initiation Scanning has started
2025-07-12 04:53:28.902  8932-29284 NearbySharing           com.google.android.gms.persistent    I  Dismissing HUN as there's no device nearby.
2025-07-12 04:53:28.905  8932-7444  NearbyMediums           com.google.android.gms.persistent    I  ModuleInitializer handles incoming intent android.intent.action.USER_PRESENT
2025-07-12 04:53:28.909  8932-29284 Nearby                  com.google.android.gms.persistent    I  (REDACTED) Beginning attempt #%d out of %d for %s...
2025-07-12 04:53:28.916  8932-29284 NearbyMediums           com.google.android.gms.persistent    I  BluetoothAdapter's name was not set by Nearby Connections, ignoring call to restore default scan mode.
2025-07-12 04:53:28.920  8932-29284 NearbyMediums           com.google.android.gms.persistent    I  BluetoothAdapter's name was not set by Nearby Connections, ignoring call to restore device name
2025-07-12 04:53:28.933 32116-32116 BoundBrokerSvc          com.google.android.gms               D  onBind: Intent { act=com.google.android.gms.pay.service.BIND dat=chimera-action:/... cmp=com.google.android.gms/.chimera.GmsApiService }
2025-07-12 04:53:28.933 32116-32116 BoundBrokerSvc          com.google.android.gms               D  Loading bound service for intent: Intent { act=com.google.android.gms.pay.service.BIND dat=chimera-action:/... cmp=com.google.android.gms/.chimera.GmsApiService }
2025-07-12 04:53:28.935  8932-8932  RCNIntentOperation      com.google.android.gms.persistent    I  RCN is disabled on this network.
2025-07-12 04:53:29.919   500-500   audio_hw_primary        android.hardware.audio.service       D  out_standby
2025-07-12 04:53:29.919   500-500   audio_hw_primary        android.hardware.audio.service       D  do_out_standby
2025-07-12 04:53:29.970   715-7146  KeySyncTask             system_server                        D  Key sync not needed.
2025-07-12 04:53:30.119   715-2714  FileUtils               system_server                        D  Rounded bytes from 3950669824 to 4000000000
2025-07-12 04:53:30.508   715-847   system_server           system_server                        I  Explicit concurrent mark compact GC freed 11MB AllocSpace bytes, 30(680KB) LOS objects, 49% free, 37MB/73MB, paused 2.810ms,8.882ms total 534.120ms
2025-07-12 04:53:30.520   715-729   system_server           system_server                        W  ApkAssets: Deleting an ApkAssets object '<empty> and /data/app/~~NUYHPHdvZJj1A_WPZGoMsA==/com.google.android.inputmethod.latin-9ClAQeq0KQcT_kntDEUxmA==/base.apk' with 1 weak references
2025-07-12 04:53:30.521   715-729   system_server           system_server                        W  ApkAssets: Deleting an ApkAssets object '<empty> and /data/app/~~NUYHPHdvZJj1A_WPZGoMsA==/com.google.android.inputmethod.latin-9ClAQeq0KQcT_kntDEUxmA==/split_brella_feature_split.apk' with 1 weak references
2025-07-12 04:53:30.521   715-729   system_server           system_server                        W  ApkAssets: Deleting an ApkAssets object '<empty> and /data/app/~~NUYHPHdvZJj1A_WPZGoMsA==/com.google.android.inputmethod.latin-9ClAQeq0KQcT_kntDEUxmA==/split_config.tvdpi.apk' with 1 weak references
2025-07-12 04:53:30.521   715-729   system_server           system_server                        W  ApkAssets: Deleting an ApkAssets object '<empty> and /data/app/~~NUYHPHdvZJj1A_WPZGoMsA==/com.google.android.inputmethod.latin-9ClAQeq0KQcT_kntDEUxmA==/split_tenoranimation_feature_split.apk' with 1 weak references
2025-07-12 04:53:30.521   715-729   system_server           system_server                        W  ApkAssets: Deleting an ApkAssets object '<empty> and /data/app/~~328Mr2FrdU5cLViN3l7w5Q==/com.google.android.tts-KdZcPEdHhP87WUJNzRLMHw==/base.apk' with 1 weak references
2025-07-12 04:53:30.522   715-729   system_server           system_server                        W  ApkAssets: Deleting an ApkAssets object '<empty> and /data/app/~~328Mr2FrdU5cLViN3l7w5Q==/com.google.android.tts-KdZcPEdHhP87WUJNzRLMHw==/split_config.arm64_v8a.apk' with 1 weak references
2025-07-12 04:53:30.522   715-729   system_server           system_server                        W  ApkAssets: Deleting an ApkAssets object '<empty> and /data/app/~~328Mr2FrdU5cLViN3l7w5Q==/com.google.android.tts-KdZcPEdHhP87WUJNzRLMHw==/split_config.en.apk' with 1 weak references
2025-07-12 04:53:30.522   715-729   system_server           system_server                        W  ApkAssets: Deleting an ApkAssets object '<empty> and /data/app/~~328Mr2FrdU5cLViN3l7w5Q==/com.google.android.tts-KdZcPEdHhP87WUJNzRLMHw==/split_config.tvdpi.apk' with 1 weak references
2025-07-12 04:53:30.522   715-729   System                  system_server                        W  A resource failed to call release. 
2025-07-12 04:53:30.522   715-729   system_server           system_server                        W  ApkAssets: Deleting an ApkAssets object '<empty> and /data/app/~~W82xaL8uJPyEKktxkS_zDw==/com.google.android.gms-7aqEjhzu4VKObisO-bciwA==/base.apk' with 1 weak references
2025-07-12 04:53:30.523   715-729   system_server           system_server                        W  ApkAssets: Deleting an ApkAssets object '<empty> and /data/app/~~W82xaL8uJPyEKktxkS_zDw==/com.google.android.gms-7aqEjhzu4VKObisO-bciwA==/split_AdsDynamite_installtime.apk' with 1 weak references
2025-07-12 04:53:30.523   715-729   system_server           system_server                        W  ApkAssets: Deleting an ApkAssets object '<empty> and /data/app/~~W82xaL8uJPyEKktxkS_zDw==/com.google.android.gms-7aqEjhzu4VKObisO-bciwA==/split_CronetDynamite_installtime.apk' with 1 weak references
2025-07-12 04:53:30.523   715-729   system_server           system_server                        W  ApkAssets: Deleting an ApkAssets object '<empty> and /data/app/~~W82xaL8uJPyEKktxkS_zDw==/com.google.android.gms-7aqEjhzu4VKObisO-bciwA==/split_DynamiteLoader_installtime.apk' with 1 weak references
2025-07-12 04:53:30.523   715-729   system_server           system_server                        W  ApkAssets: Deleting an ApkAssets object '<empty> and /data/app/~~W82xaL8uJPyEKktxkS_zDw==/com.google.android.gms-7aqEjhzu4VKObisO-bciwA==/split_DynamiteModulesA_installtime.apk' with 1 weak references
2025-07-12 04:53:30.523   715-729   system_server           system_server                        W  ApkAssets: Deleting an ApkAssets object '<empty> and /data/app/~~W82xaL8uJPyEKktxkS_zDw==/com.google.android.gms-7aqEjhzu4VKObisO-bciwA==/split_DynamiteModulesC_installtime.apk' with 1 weak references
2025-07-12 04:53:30.524   715-729   system_server           system_server                        W  ApkAssets: Deleting an ApkAssets object '<empty> and /data/app/~~W82xaL8uJPyEKktxkS_zDw==/com.google.android.gms-7aqEjhzu4VKObisO-bciwA==/split_GoogleCertificates_installtime.apk' with 1 weak references
2025-07-12 04:53:30.524   715-729   system_server           system_server                        W  ApkAssets: Deleting an ApkAssets object '<empty> and /data/app/~~W82xaL8uJPyEKktxkS_zDw==/com.google.android.gms-7aqEjhzu4VKObisO-bciwA==/split_MapsDynamite_installtime.apk' with 1 weak references
2025-07-12 04:53:30.524   715-729   system_server           system_server                        W  ApkAssets: Deleting an ApkAssets object '<empty> and /data/app/~~W82xaL8uJPyEKktxkS_zDw==/com.google.android.gms-7aqEjhzu4VKObisO-bciwA==/split_MeasurementDynamite_installtime.apk' with 1 weak references
2025-07-12 04:53:30.524   715-729   system_server           system_server                        W  ApkAssets: Deleting an ApkAssets object '<empty> and /data/app/~~W82xaL8uJPyEKktxkS_zDw==/com.google.android.gms-7aqEjhzu4VKObisO-bciwA==/split_all_locale_splits.apk' with 1 weak references
2025-07-12 04:53:30.524   715-729   system_server           system_server                        W  ApkAssets: Deleting an ApkAssets object '<empty> and /data/app/~~W82xaL8uJPyEKktxkS_zDw==/com.google.android.gms-7aqEjhzu4VKObisO-bciwA==/split_config.en.apk' with 1 weak references
2025-07-12 04:53:30.524   715-729   system_server           system_server                        W  ApkAssets: Deleting an ApkAssets object '<empty> and /data/app/~~W82xaL8uJPyEKktxkS_zDw==/com.google.android.gms-7aqEjhzu4VKObisO-bciwA==/split_config.tvdpi.apk' with 1 weak references
2025-07-12 04:53:30.525   715-729   System                  system_server                        W  A resource failed to call HardwareBuffer.close. 
2025-07-12 04:53:31.056   715-847   system_server           system_server                        I  Explicit concurrent mark compact GC freed 212KB AllocSpace bytes, 0(0B) LOS objects, 49% free, 36MB/72MB, paused 2.797ms,8.798ms total 528.106ms
2025-07-12 04:53:31.887  8932-29284 NearbyPresence          com.google.android.gms.persistent    I  (REDACTED) %s verified [==] new request %s equals to the old request
2025-07-12 04:53:32.170   715-715   PowerControllerImpl     system_server                        D  received action1 = android.intent.action.BATTERY_CHANGED
2025-07-12 04:53:32.170   715-811   PowerGuruService        system_server                        D  CMD_BATTERY_CHANGED (newPlugType = 2)
2025-07-12 04:53:32.171   949-3342  PowerUI                 com.android.systemui                 D  can't show warning due to - plugged: true status unknown: false
2025-07-12 04:53:32.201   535-535   DisplayModeController   surfaceflinger                       D  setDesiredMode 4619827499077779712 {mode={fps=29.50 Hz, modePtr={id=0, vsyncRate=59.00 Hz, peakRefreshRate=59.00 Hz}}, emitEvent=true, force=false}
2025-07-12 04:53:32.206   715-742   DisplayDeviceRepository system_server                        I  Display device changed: DisplayDeviceInfo{"Built-in Screen": uniqueId="local:4619827499077779712", 800 x 1280, modeId 1, renderFrameRate 29.5, defaultModeId 1, userPreferredModeId -1, supportedModes [{id=1, width=800, height=1280, fps=59.0, vsync=59.0, synthetic=false, alternativeRefreshRates=[], supportedHdrTypes=[2, 2]}], colorMode 0, supportedColorModes [0], hdrCapabilities HdrCapabilities{mSupportedHdrTypes=[2, 2], mMaxLuminance=500.0, mMaxAverageLuminance=500.0, mMinLuminance=0.0}, allmSupported false, gameContentTypeSupported false, density 213, 188.148 x 189.023 dpi, appVsyncOff 1000000, presDeadline 15949152, touch INTERNAL, rotation 0, type INTERNAL, address {port=0, model=0x401ceca22e1cc1}, deviceProductInfo DeviceProductInfo{name=HWC-display-0, manufacturerPnpId=GGL, productId=1, modelYear=null, manufactureDate=ManufactureDate{week=27, year=2023}, connectionToSinkType=0}, state ON, committedState ON, frameRateOverride , brightnessMinimum 0.0, brightnessMaximum 1.0, brightnessDefault 0.8, hdrSdrRatio NaN, FLAG_ALLOWED_TO_BE_DEFAULT_DISPLAY, FLAG_ROTATES_WITH_CONTENT, FLAG_SECURE, FLAG_SUPPORTS_PROTECTED_BUFFERS, FLAG_TRUSTED, installOrientation 0, displayShape DisplayShape{ spec=-1309176035 displayWidth=800 displayHeight=1280 physicalPixelDisplaySizeRatio=1.0 rotation=0 offsetX=0 offsetY=0 scale=1.0}}
2025-07-12 04:53:32.210   715-742   DisplayManagerService   system_server                        D  Ignore redundant display event 0/2 to 10121/4362
2025-07-12 04:53:32.210   715-742   DisplayManagerService   system_server                        D  Ignore redundant display event 0/2 to 10062/6432
2025-07-12 04:53:32.210   715-742   DisplayManagerService   system_server                        D  Ignore redundant display event 0/2 to 10145/6630
2025-07-12 04:53:32.211   715-742   DisplayManagerService   system_server                        D  Ignore redundant display event 0/2 to 10129/30010
2025-07-12 04:53:32.215   500-500   audio_hw_primary        android.hardware.audio.service       D  adev_set_parameters: kvpairs: screen_state=on
2025-07-12 04:53:33.196   949-2921  ndroid.systemui         com.android.systemui                 I  Explicit concurrent mark compact GC freed 13MB AllocSpace bytes, 0(0B) LOS objects, 56% free, 17MB/40MB, paused 1.119ms,15.497ms total 341.080ms
2025-07-12 04:53:33.212   949-958   ndroid.systemui         com.android.systemui                 W  ApkAssets: Deleting an ApkAssets object '<empty> and /data/app/~~pM5wYREJ75q9lVCletlllw==/com.dollargeneral.palletmanager-S_wSEt3JN_hgvwBSJSGRgQ==/base.apk' with 2 weak references
2025-07-12 04:53:33.214   949-958   System                  com.android.systemui                 W  A resource failed to call release. 
2025-07-12 04:53:33.214   949-958   System                  com.android.systemui                 W  A resource failed to call release. 
2025-07-12 04:53:33.214   949-958   System                  com.android.systemui                 W  A resource failed to call release. 
2025-07-12 04:53:33.217   949-958   System                  com.android.systemui                 W  A resource failed to call release. 
2025-07-12 04:53:33.217   949-958   System                  com.android.systemui                 W  A resource failed to call release. 
2025-07-12 04:53:33.217   949-958   System                  com.android.systemui                 W  A resource failed to call release. 
2025-07-12 04:53:33.438   715-2725  ActivityManager         system_server                        I  Force stopping com.dollargeneral.palletmanager appid=10199 user=0: from pid 7456
2025-07-12 04:53:33.440   715-2725  ProcessStats            system_server                        W  Tracking association SourceState{9ef5b4c com.android.settings/1000 Service #71596} whose proc state 8 is better than process ProcessState{8ae1a33 com.google.android.apps.wellbeing/10122 pkg=com.google.android.apps.wellbeing} proc state 14 (30 skipped)
2025-07-12 04:53:33.441   715-2725  ActivityManager         system_server                        D  isBooting mBooting=false
2025-07-12 04:53:33.441   715-2725  ActivityManager         system_server                        D  isBooted mBooted=true
2025-07-12 04:53:33.503  7464-7464  Parcel                  pid-7464                             E  Reading a NULL string not supported here.
2025-07-12 04:53:33.516   949-2921  ndroid.systemui         com.android.systemui                 I  Explicit concurrent mark compact GC freed 422KB AllocSpace bytes, 0(0B) LOS objects, 56% free, 17MB/40MB, paused 1.177ms,16.757ms total 297.562ms
2025-07-12 04:53:33.516  7464-7464  service                 pid-7464                             W  type=1400 audit(0.0:2570): avc:  denied  { call } for  scontext=u:r:shell:s0 tcontext=u:r:hal_audio_default:s0 tclass=binder permissive=0
2025-07-12 04:53:33.516  7464-7464  service                 pid-7464                             W  type=1400 audit(0.0:2571): avc:  denied  { call } for  scontext=u:r:shell:s0 tcontext=u:r:hal_graphics_composer_default:s0 tclass=binder permissive=0
2025-07-12 04:53:33.516  7464-7464  service                 pid-7464                             W  type=1400 audit(0.0:2572): avc:  denied  { call } for  scontext=u:r:shell:s0 tcontext=u:r:hal_health_default:s0 tclass=binder permissive=0
2025-07-12 04:53:33.516  7464-7464  service                 pid-7464                             W  type=1400 audit(0.0:2573): avc:  denied  { call } for  scontext=u:r:shell:s0 tcontext=u:r:hal_light_default:s0 tclass=binder permissive=0
2025-07-12 04:53:33.520  7464-7464  service                 pid-7464                             W  type=1400 audit(0.0:2574): avc:  denied  { call } for  scontext=u:r:shell:s0 tcontext=u:r:hal_power_default:s0 tclass=binder permissive=0
2025-07-12 04:53:33.530  7464-7464  Parcel                  pid-7464                             E  Reading a NULL string not supported here.
2025-07-12 04:53:33.532  7464-7464  Parcel                  pid-7464                             E  Reading a NULL string not supported here.
2025-07-12 04:53:33.534  7464-7464  Parcel                  pid-7464                             E  Reading a NULL string not supported here.
2025-07-12 04:53:33.535  7464-7464  Parcel                  pid-7464                             E  Reading a NULL string not supported here.
2025-07-12 04:53:33.536  7464-7464  Parcel                  pid-7464                             E  Reading a NULL string not supported here.
2025-07-12 04:53:33.538  7464-7464  Parcel                  pid-7464                             E  Reading a NULL string not supported here.
2025-07-12 04:53:33.542  7464-7464  Parcel                  pid-7464                             E  Reading a NULL string not supported here.
2025-07-12 04:53:33.544  7464-7464  Parcel                  pid-7464                             E  Reading a NULL string not supported here.
2025-07-12 04:53:33.544  7464-7464  Parcel                  pid-7464                             E  Reading a NULL string not supported here.
2025-07-12 04:53:33.546  7464-7464  Parcel                  pid-7464                             E  Reading a NULL string not supported here.
2025-07-12 04:53:33.547  7464-7464  Parcel                  pid-7464                             E  Reading a NULL string not supported here.
2025-07-12 04:53:33.550  7464-7464  Parcel                  pid-7464                             E  Reading a NULL string not supported here.
2025-07-12 04:53:33.553  7464-7464  Parcel                  pid-7464                             E  Reading a NULL string not supported here.
2025-07-12 04:53:33.560  7464-7464  Parcel                  pid-7464                             E  Reading a NULL string not supported here.
2025-07-12 04:53:33.561  7464-7464  Parcel                  pid-7464                             E  Reading a NULL string not supported here.
2025-07-12 04:53:33.568  7464-7464  Parcel                  pid-7464                             E  Reading a NULL string not supported here.
2025-07-12 04:53:33.573  7464-7464  Parcel                  pid-7464                             E  Reading a NULL string not supported here.
2025-07-12 04:53:33.587  7464-7464  Parcel                  pid-7464                             E  Reading a NULL string not supported here.
2025-07-12 04:53:33.591  7464-7464  Parcel                  pid-7464                             E  Reading a NULL string not supported here.
2025-07-12 04:53:33.593   628-685   Parcel                  ntcservice                           E  Expecting header 0x53595354 but found 0x0. Mixing copies of libbinder?
2025-07-12 04:53:33.598  7464-7464  Parcel                  pid-7464                             E  Reading a NULL string not supported here.
2025-07-12 04:53:33.600  7464-7464  Parcel                  pid-7464                             E  Reading a NULL string not supported here.
2025-07-12 04:53:33.743   715-2713  ActivityManager         system_server                        I  Force stopping com.dollargeneral.palletmanager appid=10199 user=0: from pid 7471
2025-07-12 04:53:33.745   715-2713  ActivityManager         system_server                        D  isBooting mBooting=false
2025-07-12 04:53:33.745   715-2713  ActivityManager         system_server                        D  isBooted mBooted=true
2025-07-12 04:53:33.802  7474-7474  Parcel                  pid-7474                             E  Reading a NULL string not supported here.
2025-07-12 04:53:33.828  7474-7474  Parcel                  pid-7474                             E  Reading a NULL string not supported here.
2025-07-12 04:53:33.831  7474-7474  Parcel                  pid-7474                             E  Reading a NULL string not supported here.
2025-07-12 04:53:33.834  7474-7474  Parcel                  pid-7474                             E  Reading a NULL string not supported here.
2025-07-12 04:53:33.837  7474-7474  Parcel                  pid-7474                             E  Reading a NULL string not supported here.
2025-07-12 04:53:33.839  7474-7474  Parcel                  pid-7474                             E  Reading a NULL string not supported here.
2025-07-12 04:53:33.844  7474-7474  Parcel                  pid-7474                             E  Reading a NULL string not supported here.
2025-07-12 04:53:33.855  7474-7474  Parcel                  pid-7474                             E  Reading a NULL string not supported here.
2025-07-12 04:53:33.859  7474-7474  Parcel                  pid-7474                             E  Reading a NULL string not supported here.
2025-07-12 04:53:33.860  7474-7474  Parcel                  pid-7474                             E  Reading a NULL string not supported here.
2025-07-12 04:53:33.864  7474-7474  Parcel                  pid-7474                             E  Reading a NULL string not supported here.
2025-07-12 04:53:33.864  7474-7474  Parcel                  pid-7474                             E  Reading a NULL string not supported here.
2025-07-12 04:53:33.869  7474-7474  Parcel                  pid-7474                             E  Reading a NULL string not supported here.
2025-07-12 04:53:33.876  7474-7474  Parcel                  pid-7474                             E  Reading a NULL string not supported here.
2025-07-12 04:53:33.899  7474-7474  Parcel                  pid-7474                             E  Reading a NULL string not supported here.
2025-07-12 04:53:33.902  7474-7474  Parcel                  pid-7474                             E  Reading a NULL string not supported here.
2025-07-12 04:53:33.914  7474-7474  Parcel                  pid-7474                             E  Reading a NULL string not supported here.
2025-07-12 04:53:33.922  7474-7474  Parcel                  pid-7474                             E  Reading a NULL string not supported here.
2025-07-12 04:53:33.941  7474-7474  Parcel                  pid-7474                             E  Reading a NULL string not supported here.
2025-07-12 04:53:33.951  7474-7474  Parcel                  pid-7474                             E  Reading a NULL string not supported here.
2025-07-12 04:53:33.953   628-685   Parcel                  ntcservice                           E  Expecting header 0x53595354 but found 0x0. Mixing copies of libbinder?
2025-07-12 04:53:33.960  7474-7474  Parcel                  pid-7474                             E  Reading a NULL string not supported here.
2025-07-12 04:53:33.962  7474-7474  Parcel                  pid-7474                             E  Reading a NULL string not supported here.
2025-07-12 04:53:34.049   715-2713  Util                    system_server                        D  judge is white list: com.android.shell
2025-07-12 04:53:34.049   715-2713  ActivityTaskManager     system_server                        W  callingPackage for (uid=2000, pid=7478) has no WPC
2025-07-12 04:53:34.052   715-2713  OptProp                 system_server                        W  Cannot read opt property android.window.PROPERTY_COMPAT_ALLOW_ORIENTATION_OVERRIDE
2025-07-12 04:53:34.053   715-2713  Grammatica...ctionUtils system_server                        V  AttributionSource: android.content.AttributionSource@1f46406b does not have READ_SYSTEM_GRAMMATICAL_GENDER permission.
2025-07-12 04:53:34.054   715-2713  OptProp                 system_server                        W  Cannot read opt property android.window.PROPERTY_COMPAT_ALLOW_RESIZEABLE_ACTIVITY_OVERRIDES
2025-07-12 04:53:34.054   715-2713  OptProp                 system_server                        W  Cannot read opt property android.window.PROPERTY_COMPAT_ALLOW_MIN_ASPECT_RATIO_OVERRIDE
2025-07-12 04:53:34.062   521-521   AW_PowerHAL             and....hardware.power-service.aw-v2  I  set scene LAUNCH(0x00000005) duration 0
2025-07-12 04:53:34.062   300-300   com.softwi...fs-service com.softwinner.dramdfs-service       E  dramDfs: open available govern path error No such file or directory
2025-07-12 04:53:34.064   715-2713  ActivityManager         system_server                        D  isBooting mBooting=false
2025-07-12 04:53:34.064   715-2713  ActivityManager         system_server                        D  isBooted mBooted=true
2025-07-12 04:53:34.067   949-971   WindowManagerShell      com.android.systemui                 V  Transition requested (#314): android.os.BinderProxy@ae8aaf9 TransitionRequestInfo { type = OPEN, triggerTask = TaskInfo{userId=0 taskId=63 displayId=0 isRunning=true baseIntent=Intent { act=android.intent.action.MAIN cat=[android.intent.category.LAUNCHER] flg=0x10000000 cmp=com.dollargeneral.palletmanager/.MainActivity } baseActivity=ComponentInfo{com.dollargeneral.palletmanager/com.dollargeneral.palletmanager.MainActivity} topActivity=ComponentInfo{com.dollargeneral.palletmanager/com.dollargeneral.palletmanager.MainActivity} origActivity=null realActivity=ComponentInfo{com.dollargeneral.palletmanager/com.dollargeneral.palletmanager.MainActivity} numActivities=1 lastActiveTime=315675760 supportsMultiWindow=true resizeMode=1 isResizeable=true minWidth=-1 minHeight=-1 defaultMinSize=220 token=WCT{android.window.IWindowContainerToken$Stub$Proxy@ebeda3e} topActivityType=1 pictureInPictureParams=null shouldDockBigOverlays=false launchIntoPipHostTaskId=-1 lastParentTaskIdBeforePip=-1 displayCutoutSafeInsets=null topActivityInfo=ActivityInfo{7b6009f com.dollargeneral.palletmanager.MainActivity} launchCookies=[] positionInParent=Point(0, 0) parentTaskId=-1 isFocused=false isVisible=false isVisibleRequested=false isSleeping=false locusId=null displayAreaFeatureId=1 isTopActivityTransparent=false appCompatTaskInfo=AppCompatTaskInfo { topActivityInSizeCompat=false topActivityEligibleForLetterboxEducation= falseisLetterboxEducationEnabled= false isLetterboxDoubleTapEnabled= false topActivityEligibleForUserAspectRatioButton= false topActivityBoundsLetterboxed= false isFromLetterboxDoubleTap= false topActivityLetterboxVerticalPosition= -1 topActivityLetterboxHorizontalPosition= -1 topActivityLetterboxWidth=1280 topActivityLetterboxHeight=800 isUserFullscreenOverrideEnabled=false isSystemFullscreenOverrideEnabled=false cameraCompatTaskInfo=CameraCompatTaskInfo { cameraCompatControlState=hidden freeformCameraCompatMode=inactive}}}, pipTask = null, remoteTransition = null, displayChange = null, flags = 0, debugId = 314 }
2025-07-12 04:53:34.068   715-2713  ActivityTaskManager     system_server                        I  START u0 {act=android.intent.action.MAIN cat=[android.intent.category.LAUNCHER] flg=0x10000000 cmp=com.dollargeneral.palletmanager/.MainActivity} with LAUNCH_MULTIPLE from uid 2000 (BAL_ALLOW_PERMISSION) result code=0
2025-07-12 04:53:34.069   949-971   StageCoordinator        com.android.systemui                 I   handleRequest isSplitActive false triggerTask is TaskInfo{userId=0 taskId=63 displayId=0 isRunning=true baseIntent=Intent { act=android.intent.action.MAIN cat=[android.intent.category.LAUNCHER] flg=0x10000000 cmp=com.dollargeneral.palletmanager/.MainActivity } baseActivity=ComponentInfo{com.dollargeneral.palletmanager/com.dollargeneral.palletmanager.MainActivity} topActivity=ComponentInfo{com.dollargeneral.palletmanager/com.dollargeneral.palletmanager.MainActivity} origActivity=null realActivity=ComponentInfo{com.dollargeneral.palletmanager/com.dollargeneral.palletmanager.MainActivity} numActivities=1 lastActiveTime=315675760 supportsMultiWindow=true resizeMode=1 isResizeable=true minWidth=-1 minHeight=-1 defaultMinSize=220 token=WCT{android.window.IWindowContainerToken$Stub$Proxy@ebeda3e} topActivityType=1 pictureInPictureParams=null shouldDockBigOverlays=false launchIntoPipHostTaskId=-1 lastParentTaskIdBeforePip=-1 displayCutoutSafeInsets=null topActivityInfo=ActivityInfo{7b6009f com.dollargeneral.palletmanager.MainActivity} launchCookies=[] positionInParent=Point(0, 0) parentTaskId=-1 isFocused=false isVisible=false isVisibleRequested=false isSleeping=false locusId=null displayAreaFeatureId=1 isTopActivityTransparent=false appCompatTaskInfo=AppCompatTaskInfo { topActivityInSizeCompat=false topActivityEligibleForLetterboxEducation= falseisLetterboxEducationEnabled= false isLetterboxDoubleTapEnabled= false topActivityEligibleForUserAspectRatioButton= false topActivityBoundsLetterboxed= false isFromLetterboxDoubleTap= false topActivityLetterboxVerticalPosition= -1 topActivityLetterboxHorizontalPosition= -1 topActivityLetterboxWidth=1280 topActivityLetterboxHeight=800 isUserFullscreenOverrideEnabled=false isSystemFullscreenOverrideEnabled=false cameraCompatTaskInfo=CameraCompatTaskInfo { cameraCompatControlState=hidden freeformCameraCompatMode=inactive}}} mMainStage root task is  TaskInfo{userId=0 taskId=3 displayId=0 isRunning=false baseIntent=Intent {  } baseActivity=null topActivity=null origActivity=null realActivity=null numActivities=0 lastActiveTime=17535 supportsMultiWindow=true resizeMode=2 isResizeable=true minWidth=-1 minHeight=-1 defaultMinSize=220 token=WCT{android.window.IWindowContainerToken$Stub$Proxy@7202642} topActivityType=0 pictureInPictureParams=null shouldDockBigOverlays=false launchIntoPipHostTaskId=-1 lastParentTaskIdBeforePip=-1 displayCutoutSafeInsets=null topActivityInfo=null launchCookies=[android.os.Binder@52ee172] positionInParent=Point(0, 0) parentTaskId=2 isFocused=false isVisible=false isVisibleRequested=false isSleeping=false locusId=null displayAreaFeatureId=1 isTopActivityTransparent=false appCompatTaskInfo=AppCompatTaskInfo { topActivityInSizeCompat=false topActivityEligibleForLetterboxEducation= falseisLetterboxEducationEnabled= false isLetterboxDoubleTapEnabled= false topActivityEligibleForUserAspectRatioButton= false topActivityBoundsLetterboxed= false isFromLetterboxDoubleTap= false topActivityLetterboxVerticalPosition= -1 topActivityLetterboxHorizontalPosition= -1 topActivityLetterboxWidth=-1 topActivityLetterboxHeight=-1 isUserFullscreenOverrideEnabled=false isSystemFullscreenOverrideEnabled=false cameraCompatTaskInfo=CameraCompatTaskInfo { cameraCompatControlState=hidden freeformCameraCompatMode=inactive}}} mSideStage root task is TaskInfo{userId=0 taskId=4 displayId=0 isRunning=false baseIntent=Intent {  } baseActivity=null topActivity=null origActivity=null realActivity=null numActivities=0 lastActiveTime=17542 supportsMultiWindow=true resizeMode=2 isResizeable=true minWidth=-1 minHeight=-1 defaultMinSize=220 token=WCT{android.window.IWindowContainerToken$Stub$Proxy@d649653} topActivityType=0 pictureInPictureParams=null shouldDockBigOverlays=false launchIntoPipHostTaskId=-1 lastParentTaskIdBeforePip=-1 displayCutoutSafeInsets=null topActivityInfo=null launchCookies=[android.os.Binder@5d92240] positionInParent=Point(0, 1280) parentTaskId=2 isFocused=false isVisible=false isVisibleRequested=false isSleeping=false locusId=null displ
2025-07-12 04:53:34.071   715-742   Grammatica...ctionUtils system_server                        V  AttributionSource: android.content.AttributionSource@1f46406b does not have READ_SYSTEM_GRAMMATICAL_GENDER permission.
2025-07-12 04:53:34.072   715-2725  ActivityManager         system_server                        D  isBooting mBooting=false
2025-07-12 04:53:34.073   715-2725  ActivityManager         system_server                        D  isBooted mBooted=true
2025-07-12 04:53:34.080 15760-15760 TopTaskTracker          com.android.launcher3                I  onTaskMovedToFront: (moved taskInfo to front) taskId=63, baseIntent=Intent { act=android.intent.action.MAIN cat=[android.intent.category.LAUNCHER] flg=0x10000000 cmp=com.dollargeneral.palletmanager/.MainActivity }
2025-07-12 04:53:34.081   949-971   WindowManagerShell      com.android.systemui                 D  setLauncherKeepClearAreaHeight: visible=false, height=151
2025-07-12 04:53:34.087   715-1008  PowerContr...r.AppState system_server                        D  - reportAppProcStateInfo() E -
2025-07-12 04:53:34.090   535-535   BpBinder                surfaceflinger                       I  onLastStrongRef automatically unlinking death recipients: 
2025-07-12 04:53:34.102   715-742   ActivityManager         system_server                        I  PendingStartActivityUids startActivity to updateOomAdj delay:6028ms, uid:10199
2025-07-12 04:53:34.106   475-475   Zygote                  pid-475                              D  Forked child process 7481
2025-07-12 04:53:34.108   715-2713  CoreBackPreview         system_server                        D  Window{6ee5810 u0 Splash Screen com.dollargeneral.palletmanager}: Setting back callback OnBackInvokedCallbackInfo{mCallback=android.window.IOnBackInvokedCallback$Stub$Proxy@6042b2f, mPriority=0, mIsAnimationCallback=false}
2025-07-12 04:53:34.111   506-506   mali_gralloc            and...graphics.allocator-V1-service  V  allocate ---------------------------->
2025-07-12 04:53:34.111   506-506   mali_gralloc            and...graphics.allocator-V1-service  V  req_base_format: 0x1
2025-07-12 04:53:34.111   506-506   mali_gralloc            and...graphics.allocator-V1-service  V  Compatible: Base-format: 0x1
2025-07-12 04:53:34.111   506-506   mali_gralloc            and...graphics.allocator-V1-service  E  Feature AFBC_WRITE_NON_SPARSE not found in /vendor/etc/gralloc/capabilities.xml
2025-07-12 04:53:34.111   506-506   mali_gralloc            and...graphics.allocator-V1-service  E  Feature AFBC_TILED_HEADERS not found in /vendor/etc/gralloc/capabilities.xml
2025-07-12 04:53:34.111   506-506   mali_gralloc            and...graphics.allocator-V1-service  E  Feature DISABLED not found in /vendor/etc/gralloc/capabilities.xml
2025-07-12 04:53:34.112   506-506   mali_gralloc            and...graphics.allocator-V1-service  V  Compatible: Base-format: 0x5
2025-07-12 04:53:34.112   506-506   mali_gralloc            and...graphics.allocator-V1-service  V  Plane[0]: [SUB-SAMPLE] w:1280, h:800
2025-07-12 04:53:34.112   506-506   mali_gralloc            and...graphics.allocator-V1-service  V  Plane[0]: [PIXEL_ALIGN] w:0
2025-07-12 04:53:34.112   506-506   mali_gralloc            and...graphics.allocator-V1-service  V  Plane[0]: [LINEAR_TILE] w:1
2025-07-12 04:53:34.112   506-506   mali_gralloc            and...graphics.allocator-V1-service  V  Plane[0]: [AFBC_TILE] w:32, h:8
2025-07-12 04:53:34.112   506-506   mali_gralloc            and...graphics.allocator-V1-service  V  Aligned w=1280, h=800 (in pixels)  usage:0x40000000000b00
2025-07-12 04:53:34.112   506-506   mali_gralloc            and...graphics.allocator-V1-service  V  Byte stride: 5120
2025-07-12 04:53:34.112   506-506   mali_gralloc            and...graphics.allocator-V1-service  V  Pixel stride: 0
2025-07-12 04:53:34.112   506-506   mali_gralloc            and...graphics.allocator-V1-service  V  Body size: 4096000
2025-07-12 04:53:34.112   506-506   mali_gralloc            and...graphics.allocator-V1-service  V  AFBC Header size: 64512
2025-07-12 04:53:34.112   506-506   mali_gralloc            and...graphics.allocator-V1-service  V  size=4160512
2025-07-12 04:53:34.113   506-506   mali_gralloc            and...graphics.allocator-V1-service  V  allocate ----------------------------<
2025-07-12 04:53:34.114   506-506   mali_gralloc            and...graphics.allocator-V1-service  V  allocate ---------------------------->
2025-07-12 04:53:34.114   506-506   mali_gralloc            and...graphics.allocator-V1-service  V  req_base_format: 0x1
2025-07-12 04:53:34.114   506-506   mali_gralloc            and...graphics.allocator-V1-service  V  Compatible: Base-format: 0x1
2025-07-12 04:53:34.114   506-506   mali_gralloc            and...graphics.allocator-V1-service  E  Feature AFBC_WRITE_NON_SPARSE not found in /vendor/etc/gralloc/capabilities.xml
2025-07-12 04:53:34.114   506-506   mali_gralloc            and...graphics.allocator-V1-service  E  Feature AFBC_TILED_HEADERS not found in /vendor/etc/gralloc/capabilities.xml
2025-07-12 04:53:34.114   506-506   mali_gralloc            and...graphics.allocator-V1-service  E  Feature DISABLED not found in /vendor/etc/gralloc/capabilities.xml
2025-07-12 04:53:34.114   506-506   mali_gralloc            and...graphics.allocator-V1-service  V  Compatible: Base-format: 0x5
2025-07-12 04:53:34.114   506-506   mali_gralloc            and...graphics.allocator-V1-service  V  Plane[0]: [SUB-SAMPLE] w:800, h:1280
2025-07-12 04:53:34.114   506-506   mali_gralloc            and...graphics.allocator-V1-service  V  Plane[0]: [PIXEL_ALIGN] w:0
2025-07-12 04:53:34.114   506-506   mali_gralloc            and...graphics.allocator-V1-service  V  Plane[0]: [LINEAR_TILE] w:1
2025-07-12 04:53:34.114   506-506   mali_gralloc            and...graphics.allocator-V1-service  V  Plane[0]: [AFBC_TILE] w:32, h:8
2025-07-12 04:53:34.114   506-506   mali_gralloc            and...graphics.allocator-V1-service  V  Aligned w=800, h=1280 (in pixels)  usage:0x40000000000b00
2025-07-12 04:53:34.114   506-506   mali_gralloc            and...graphics.allocator-V1-service  V  Byte stride: 3200
2025-07-12 04:53:34.114   506-506   mali_gralloc            and...graphics.allocator-V1-service  V  Pixel stride: 0
